
==========================================================================
global place report_tns
--------------------------------------------------------------------------
tns max 0.00

==========================================================================
global place report_wns
--------------------------------------------------------------------------
wns max 0.00

==========================================================================
global place report_worst_slack
--------------------------------------------------------------------------
worst slack max 9.14

==========================================================================
global place report_clock_min_period
--------------------------------------------------------------------------
core_clock period_min = 0.86 fmax = 1160.35

==========================================================================
global place report_checks -path_delay min
--------------------------------------------------------------------------
Startpoint: rst_n (input port clocked by core_clock)
Endpoint: ctrl.phase_cycle[2]$_DFFE_PN0P_
          (removal check against rising-edge clock core_clock)
Path Group: asynchronous
Path Type: min

Fanout     Cap    Slew   Delay    Time   Description
-----------------------------------------------------------------------------
                  0.00    0.00    0.00   clock core_clock (rise edge)
                          0.00    0.00   clock network delay (ideal)
                          0.50    0.50 ^ input external delay
     1    2.25    0.00    0.00    0.50 ^ rst_n (in)
                                         rst_n (net)
                  0.00    0.00    0.50 ^ input97/A (BUF_X2)
    39   87.16    0.10    0.12    0.62 ^ input97/Z (BUF_X2)
                                         net96 (net)
                  0.10    0.00    0.62 ^ ctrl.phase_cycle[2]$_DFFE_PN0P_/RN (DFFR_X1)
                                  0.62   data arrival time

                  0.00    0.00    0.00   clock core_clock (rise edge)
                          0.00    0.00   clock network delay (ideal)
                          0.00    0.00   clock reconvergence pessimism
                                  0.00 ^ ctrl.phase_cycle[2]$_DFFE_PN0P_/CK (DFFR_X1)
                          0.30    0.30   library removal time
                                  0.30   data required time
-----------------------------------------------------------------------------
                                  0.30   data required time
                                 -0.62   data arrival time
-----------------------------------------------------------------------------
                                  0.31   slack (MET)


Startpoint: ctrl.phase_cycle[0]$_DFFE_PN0P_
            (rising edge-triggered flip-flop clocked by core_clock)
Endpoint: ctrl.phase_cycle[0]$_DFFE_PN0P_
          (rising edge-triggered flip-flop clocked by core_clock)
Path Group: core_clock
Path Type: min

Fanout     Cap    Slew   Delay    Time   Description
-----------------------------------------------------------------------------
                  0.00    0.00    0.00   clock core_clock (rise edge)
                          0.00    0.00   clock network delay (ideal)
                  0.00    0.00    0.00 ^ ctrl.phase_cycle[0]$_DFFE_PN0P_/CK (DFFR_X1)
     1    1.64    0.01    0.06    0.06 v ctrl.phase_cycle[0]$_DFFE_PN0P_/QN (DFFR_X1)
                                         _001_ (net)
                  0.01    0.00    0.06 v _484_/A1 (NAND2_X1)
     1    1.81    0.01    0.02    0.08 ^ _484_/ZN (NAND2_X1)
                                         _191_ (net)
                  0.01    0.00    0.08 ^ _485_/B1 (OAI21_X1)
     1    1.15    0.01    0.01    0.09 v _485_/ZN (OAI21_X1)
                                         _027_ (net)
                  0.01    0.00    0.09 v ctrl.phase_cycle[0]$_DFFE_PN0P_/D (DFFR_X1)
                                  0.09   data arrival time

                  0.00    0.00    0.00   clock core_clock (rise edge)
                          0.00    0.00   clock network delay (ideal)
                          0.00    0.00   clock reconvergence pessimism
                                  0.00 ^ ctrl.phase_cycle[0]$_DFFE_PN0P_/CK (DFFR_X1)
                          0.00    0.00   library hold time
                                  0.00   data required time
-----------------------------------------------------------------------------
                                  0.00   data required time
                                 -0.09   data arrival time
-----------------------------------------------------------------------------
                                  0.09   slack (MET)



==========================================================================
global place report_checks -path_delay max
--------------------------------------------------------------------------
Startpoint: rst_n (input port clocked by core_clock)
Endpoint: kda_state_l0.state[0][30]$_DFFE_PN0P_
          (recovery check against rising-edge clock core_clock)
Path Group: asynchronous
Path Type: max

Fanout     Cap    Slew   Delay    Time   Description
-----------------------------------------------------------------------------
                  0.00    0.00    0.00   clock core_clock (rise edge)
                          0.00    0.00   clock network delay (ideal)
                          0.50    0.50 ^ input external delay
     1    2.25    0.00    0.00    0.50 ^ rst_n (in)
                                         rst_n (net)
                  0.00    0.00    0.50 ^ input97/A (BUF_X2)
    39   87.16    0.10    0.12    0.62 ^ input97/Z (BUF_X2)
                                         net96 (net)
                  0.10    0.00    0.62 ^ place121/A (BUF_X1)
    18   42.92    0.10    0.13    0.75 ^ place121/Z (BUF_X1)
                                         net120 (net)
                  0.10    0.00    0.75 ^ kda_state_l0.state[0][30]$_DFFE_PN0P_/RN (DFFR_X1)
                                  0.75   data arrival time

                  0.00   10.00   10.00   clock core_clock (rise edge)
                          0.00   10.00   clock network delay (ideal)
                          0.00   10.00   clock reconvergence pessimism
                                 10.00 ^ kda_state_l0.state[0][30]$_DFFE_PN0P_/CK (DFFR_X1)
                          0.04   10.04   library recovery time
                                 10.04   data required time
-----------------------------------------------------------------------------
                                 10.04   data required time
                                 -0.75   data arrival time
-----------------------------------------------------------------------------
                                  9.29   slack (MET)


Startpoint: seq_start (input port clocked by core_clock)
Endpoint: ctrl.phase_cycle[7]$_DFFE_PN0P_
          (rising edge-triggered flip-flop clocked by core_clock)
Path Group: core_clock
Path Type: max

Fanout     Cap    Slew   Delay    Time   Description
-----------------------------------------------------------------------------
                  0.00    0.00    0.00   clock core_clock (rise edge)
                          0.00    0.00   clock network delay (ideal)
                          0.50    0.50 v input external delay
     1    1.33    0.00    0.00    0.50 v seq_start (in)
                                         seq_start (net)
                  0.00    0.00    0.50 v input98/A (BUF_X1)
    19   39.19    0.04    0.07    0.57 v input98/Z (BUF_X1)
                                         net97 (net)
                  0.04    0.00    0.57 v _419_/A (INV_X1)
     2    3.74    0.02    0.03    0.60 ^ _419_/ZN (INV_X1)
                                         _132_ (net)
                  0.02    0.00    0.60 ^ _420_/A2 (NAND2_X1)
     3   10.66    0.03    0.04    0.64 v _420_/ZN (NAND2_X1)
                                         _133_ (net)
                  0.03    0.00    0.64 v _421_/A2 (NAND2_X1)
     3   15.14    0.04    0.06    0.70 ^ _421_/ZN (NAND2_X1)
                                         _134_ (net)
                  0.04    0.00    0.70 ^ _422_/A3 (NAND3_X4)
    11   21.29    0.02    0.04    0.74 v _422_/ZN (NAND3_X4)
                                         _135_ (net)
                  0.02    0.00    0.74 v _661_/A1 (OR3_X2)
     1    1.72    0.01    0.06    0.80 v _661_/ZN (OR3_X2)
                                         _308_ (net)
                  0.01    0.00    0.80 v _662_/B1 (AOI21_X1)
     1    1.37    0.02    0.03    0.83 ^ _662_/ZN (AOI21_X1)
                                         _078_ (net)
                  0.02    0.00    0.83 ^ ctrl.phase_cycle[7]$_DFFE_PN0P_/D (DFFR_X1)
                                  0.83   data arrival time

                  0.00   10.00   10.00   clock core_clock (rise edge)
                          0.00   10.00   clock network delay (ideal)
                          0.00   10.00   clock reconvergence pessimism
                                 10.00 ^ ctrl.phase_cycle[7]$_DFFE_PN0P_/CK (DFFR_X1)
                         -0.04    9.96   library setup time
                                  9.96   data required time
-----------------------------------------------------------------------------
                                  9.96   data required time
                                 -0.83   data arrival time
-----------------------------------------------------------------------------
                                  9.14   slack (MET)



==========================================================================
global place report_checks -unconstrained
--------------------------------------------------------------------------
Startpoint: rst_n (input port clocked by core_clock)
Endpoint: kda_state_l0.state[0][30]$_DFFE_PN0P_
          (recovery check against rising-edge clock core_clock)
Path Group: asynchronous
Path Type: max

Fanout     Cap    Slew   Delay    Time   Description
-----------------------------------------------------------------------------
                  0.00    0.00    0.00   clock core_clock (rise edge)
                          0.00    0.00   clock network delay (ideal)
                          0.50    0.50 ^ input external delay
     1    2.25    0.00    0.00    0.50 ^ rst_n (in)
                                         rst_n (net)
                  0.00    0.00    0.50 ^ input97/A (BUF_X2)
    39   87.16    0.10    0.12    0.62 ^ input97/Z (BUF_X2)
                                         net96 (net)
                  0.10    0.00    0.62 ^ place121/A (BUF_X1)
    18   42.92    0.10    0.13    0.75 ^ place121/Z (BUF_X1)
                                         net120 (net)
                  0.10    0.00    0.75 ^ kda_state_l0.state[0][30]$_DFFE_PN0P_/RN (DFFR_X1)
                                  0.75   data arrival time

                  0.00   10.00   10.00   clock core_clock (rise edge)
                          0.00   10.00   clock network delay (ideal)
                          0.00   10.00   clock reconvergence pessimism
                                 10.00 ^ kda_state_l0.state[0][30]$_DFFE_PN0P_/CK (DFFR_X1)
                          0.04   10.04   library recovery time
                                 10.04   data required time
-----------------------------------------------------------------------------
                                 10.04   data required time
                                 -0.75   data arrival time
-----------------------------------------------------------------------------
                                  9.29   slack (MET)


Startpoint: seq_start (input port clocked by core_clock)
Endpoint: ctrl.phase_cycle[7]$_DFFE_PN0P_
          (rising edge-triggered flip-flop clocked by core_clock)
Path Group: core_clock
Path Type: max

Fanout     Cap    Slew   Delay    Time   Description
-----------------------------------------------------------------------------
                  0.00    0.00    0.00   clock core_clock (rise edge)
                          0.00    0.00   clock network delay (ideal)
                          0.50    0.50 v input external delay
     1    1.33    0.00    0.00    0.50 v seq_start (in)
                                         seq_start (net)
                  0.00    0.00    0.50 v input98/A (BUF_X1)
    19   39.19    0.04    0.07    0.57 v input98/Z (BUF_X1)
                                         net97 (net)
                  0.04    0.00    0.57 v _419_/A (INV_X1)
     2    3.74    0.02    0.03    0.60 ^ _419_/ZN (INV_X1)
                                         _132_ (net)
                  0.02    0.00    0.60 ^ _420_/A2 (NAND2_X1)
     3   10.66    0.03    0.04    0.64 v _420_/ZN (NAND2_X1)
                                         _133_ (net)
                  0.03    0.00    0.64 v _421_/A2 (NAND2_X1)
     3   15.14    0.04    0.06    0.70 ^ _421_/ZN (NAND2_X1)
                                         _134_ (net)
                  0.04    0.00    0.70 ^ _422_/A3 (NAND3_X4)
    11   21.29    0.02    0.04    0.74 v _422_/ZN (NAND3_X4)
                                         _135_ (net)
                  0.02    0.00    0.74 v _661_/A1 (OR3_X2)
     1    1.72    0.01    0.06    0.80 v _661_/ZN (OR3_X2)
                                         _308_ (net)
                  0.01    0.00    0.80 v _662_/B1 (AOI21_X1)
     1    1.37    0.02    0.03    0.83 ^ _662_/ZN (AOI21_X1)
                                         _078_ (net)
                  0.02    0.00    0.83 ^ ctrl.phase_cycle[7]$_DFFE_PN0P_/D (DFFR_X1)
                                  0.83   data arrival time

                  0.00   10.00   10.00   clock core_clock (rise edge)
                          0.00   10.00   clock network delay (ideal)
                          0.00   10.00   clock reconvergence pessimism
                                 10.00 ^ ctrl.phase_cycle[7]$_DFFE_PN0P_/CK (DFFR_X1)
                         -0.04    9.96   library setup time
                                  9.96   data required time
-----------------------------------------------------------------------------
                                  9.96   data required time
                                 -0.83   data arrival time
-----------------------------------------------------------------------------
                                  9.14   slack (MET)



==========================================================================
global place report_power
--------------------------------------------------------------------------
Group                  Internal  Switching    Leakage      Total
                          Power      Power      Power      Power (Watts)
----------------------------------------------------------------
Sequential             5.83e-05   1.49e-05   5.10e-06   7.82e-05  44.5%
Combinational          4.63e-05   4.24e-05   8.85e-06   9.76e-05  55.5%
Clock                  0.00e+00   0.00e+00   0.00e+00   0.00e+00   0.0%
Macro                  0.00e+00   0.00e+00   0.00e+00   0.00e+00   0.0%
Pad                    0.00e+00   0.00e+00   0.00e+00   0.00e+00   0.0%
----------------------------------------------------------------
Total                  1.05e-04   5.73e-05   1.40e-05   1.76e-04 100.0%
                          59.5%      32.6%       7.9%
