
==========================================================================
floorplan final report_tns
--------------------------------------------------------------------------
tns max 0.00

==========================================================================
floorplan final report_wns
--------------------------------------------------------------------------
wns max 0.00

==========================================================================
floorplan final report_worst_slack
--------------------------------------------------------------------------
worst slack max 9.03

==========================================================================
floorplan final report_clock_min_period
--------------------------------------------------------------------------
core_clock period_min = 0.97 fmax = 1033.63

==========================================================================
floorplan final report_checks -path_delay min
--------------------------------------------------------------------------
Startpoint: rst_n (input port clocked by core_clock)
Endpoint: conv_hist_l0.current[0][23]$_DFFE_PN0P_
          (removal check against rising-edge clock core_clock)
Path Group: asynchronous
Path Type: min

Fanout     Cap    Slew   Delay    Time   Description
-----------------------------------------------------------------------------
                  0.00    0.00    0.00   clock core_clock (rise edge)
                          0.00    0.00   clock network delay (ideal)
                          0.50    0.50 ^ input external delay
   167  296.02    0.00    0.00    0.50 ^ rst_n (in)
                                         rst_n (net)
                  0.00    0.00    0.50 ^ conv_hist_l0.current[0][23]$_DFFE_PN0P_/RN (DFFR_X1)
                                  0.50   data arrival time

                  0.00    0.00    0.00   clock core_clock (rise edge)
                          0.00    0.00   clock network delay (ideal)
                          0.00    0.00   clock reconvergence pessimism
                                  0.00 ^ conv_hist_l0.current[0][23]$_DFFE_PN0P_/CK (DFFR_X1)
                          0.18    0.18   library removal time
                                  0.18   data required time
-----------------------------------------------------------------------------
                                  0.18   data required time
                                 -0.50   data arrival time
-----------------------------------------------------------------------------
                                  0.32   slack (MET)


Startpoint: token_emb[1015]$_SDFFE_PN0P_
            (rising edge-triggered flip-flop clocked by core_clock)
Endpoint: conv_hist_l0.push_data_q[1015]$_DFF_PN0_
          (rising edge-triggered flip-flop clocked by core_clock)
Path Group: core_clock
Path Type: min

Fanout     Cap    Slew   Delay    Time   Description
-----------------------------------------------------------------------------
                  0.00    0.00    0.00   clock core_clock (rise edge)
                          0.00    0.00   clock network delay (ideal)
                  0.00    0.00    0.00 ^ token_emb[1015]$_SDFFE_PN0P_/CK (DFF_X1)
     3    2.86    0.01    0.08    0.08 v token_emb[1015]$_SDFFE_PN0P_/Q (DFF_X1)
                                         conv_hist_l0.push_data[1015] (net)
                  0.01    0.00    0.08 v conv_hist_l0.push_data_q[1015]$_DFF_PN0_/D (DFFR_X1)
                                  0.08   data arrival time

                  0.00    0.00    0.00   clock core_clock (rise edge)
                          0.00    0.00   clock network delay (ideal)
                          0.00    0.00   clock reconvergence pessimism
                                  0.00 ^ conv_hist_l0.push_data_q[1015]$_DFF_PN0_/CK (DFFR_X1)
                          0.00    0.00   library hold time
                                  0.00   data required time
-----------------------------------------------------------------------------
                                  0.00   data required time
                                 -0.08   data arrival time
-----------------------------------------------------------------------------
                                  0.08   slack (MET)



==========================================================================
floorplan final report_checks -path_delay max
--------------------------------------------------------------------------
Startpoint: rst_n (input port clocked by core_clock)
Endpoint: conv_hist_l0.current[0][23]$_DFFE_PN0P_
          (recovery check against rising-edge clock core_clock)
Path Group: asynchronous
Path Type: max

Fanout     Cap    Slew   Delay    Time   Description
-----------------------------------------------------------------------------
                  0.00    0.00    0.00   clock core_clock (rise edge)
                          0.00    0.00   clock network delay (ideal)
                          0.50    0.50 ^ input external delay
   167  296.02    0.00    0.00    0.50 ^ rst_n (in)
                                         rst_n (net)
                  0.00    0.00    0.50 ^ conv_hist_l0.current[0][23]$_DFFE_PN0P_/RN (DFFR_X1)
                                  0.50   data arrival time

                  0.00   10.00   10.00   clock core_clock (rise edge)
                          0.00   10.00   clock network delay (ideal)
                          0.00   10.00   clock reconvergence pessimism
                                 10.00 ^ conv_hist_l0.current[0][23]$_DFFE_PN0P_/CK (DFFR_X1)
                          0.05   10.05   library recovery time
                                 10.05   data required time
-----------------------------------------------------------------------------
                                 10.05   data required time
                                 -0.50   data arrival time
-----------------------------------------------------------------------------
                                  9.55   slack (MET)


Startpoint: ctrl.current_phase[1]$_DFFE_PN0P_
            (rising edge-triggered flip-flop clocked by core_clock)
Endpoint: debug_state_hash[30] (output port clocked by core_clock)
Path Group: core_clock
Path Type: max

Fanout     Cap    Slew   Delay    Time   Description
-----------------------------------------------------------------------------
                  0.00    0.00    0.00   clock core_clock (rise edge)
                          0.00    0.00   clock network delay (ideal)
                  0.00    0.00    0.00 ^ ctrl.current_phase[1]$_DFFE_PN0P_/CK (DFFR_X1)
     5   12.45    0.03    0.12    0.12 ^ ctrl.current_phase[1]$_DFFE_PN0P_/Q (DFFR_X1)
                                         conv_hist_l0.read_stream[1] (net)
                  0.03    0.00    0.12 ^ _1240_/B (HA_X1)
     1    1.70    0.01    0.04    0.16 ^ _1240_/CO (HA_X1)
                                         _0020_ (net)
                  0.01    0.00    0.16 ^ _0991_/A (INV_X1)
     1    3.06    0.01    0.01    0.17 v _0991_/ZN (INV_X1)
                                         _0026_ (net)
                  0.01    0.00    0.17 v _1244_/A (HA_X1)
     1    0.88    0.01    0.02    0.19 v _1244_/CO (HA_X1)
                                         _0027_ (net)
                  0.01    0.00    0.19 v _1038_/A (BUF_X1)
    10   14.71    0.02    0.04    0.24 v _1038_/Z (BUF_X1)
                                         _0386_ (net)
                  0.02    0.00    0.24 v _1039_/A1 (AND2_X1)
     1    0.88    0.01    0.03    0.27 v _1039_/ZN (AND2_X1)
                                         _0387_ (net)
                  0.01    0.00    0.27 v _1040_/A (BUF_X1)
     9   12.87    0.02    0.04    0.31 v _1040_/Z (BUF_X1)
                                         _0388_ (net)
                  0.02    0.00    0.31 v _1043_/A2 (AOI22_X1)
     1    1.66    0.02    0.04    0.35 ^ _1043_/ZN (AOI22_X1)
                                         _0391_ (net)
                  0.02    0.00    0.35 ^ _1044_/A4 (NAND4_X1)
     1    1.54    0.02    0.03    0.38 v _1044_/ZN (NAND4_X1)
                                         _0392_ (net)
                  0.02    0.00    0.38 v _1049_/A (AOI21_X1)
     1    2.23    0.02    0.05    0.43 ^ _1049_/ZN (AOI21_X1)
                                         _0397_ (net)
                  0.02    0.00    0.43 ^ _1054_/A (XNOR2_X1)
     1    0.00    0.01    0.04    0.47 ^ _1054_/ZN (XNOR2_X1)
                                         debug_state_hash[30] (net)
                  0.01    0.00    0.47 ^ debug_state_hash[30] (out)
                                  0.47   data arrival time

                  0.00   10.00   10.00   clock core_clock (rise edge)
                          0.00   10.00   clock network delay (ideal)
                          0.00   10.00   clock reconvergence pessimism
                         -0.50    9.50   output external delay
                                  9.50   data required time
-----------------------------------------------------------------------------
                                  9.50   data required time
                                 -0.47   data arrival time
-----------------------------------------------------------------------------
                                  9.03   slack (MET)



==========================================================================
floorplan final report_checks -unconstrained
--------------------------------------------------------------------------
Startpoint: rst_n (input port clocked by core_clock)
Endpoint: conv_hist_l0.current[0][23]$_DFFE_PN0P_
          (recovery check against rising-edge clock core_clock)
Path Group: asynchronous
Path Type: max

Fanout     Cap    Slew   Delay    Time   Description
-----------------------------------------------------------------------------
                  0.00    0.00    0.00   clock core_clock (rise edge)
                          0.00    0.00   clock network delay (ideal)
                          0.50    0.50 ^ input external delay
   167  296.02    0.00    0.00    0.50 ^ rst_n (in)
                                         rst_n (net)
                  0.00    0.00    0.50 ^ conv_hist_l0.current[0][23]$_DFFE_PN0P_/RN (DFFR_X1)
                                  0.50   data arrival time

                  0.00   10.00   10.00   clock core_clock (rise edge)
                          0.00   10.00   clock network delay (ideal)
                          0.00   10.00   clock reconvergence pessimism
                                 10.00 ^ conv_hist_l0.current[0][23]$_DFFE_PN0P_/CK (DFFR_X1)
                          0.05   10.05   library recovery time
                                 10.05   data required time
-----------------------------------------------------------------------------
                                 10.05   data required time
                                 -0.50   data arrival time
-----------------------------------------------------------------------------
                                  9.55   slack (MET)


Startpoint: ctrl.current_phase[1]$_DFFE_PN0P_
            (rising edge-triggered flip-flop clocked by core_clock)
Endpoint: debug_state_hash[30] (output port clocked by core_clock)
Path Group: core_clock
Path Type: max

Fanout     Cap    Slew   Delay    Time   Description
-----------------------------------------------------------------------------
                  0.00    0.00    0.00   clock core_clock (rise edge)
                          0.00    0.00   clock network delay (ideal)
                  0.00    0.00    0.00 ^ ctrl.current_phase[1]$_DFFE_PN0P_/CK (DFFR_X1)
     5   12.45    0.03    0.12    0.12 ^ ctrl.current_phase[1]$_DFFE_PN0P_/Q (DFFR_X1)
                                         conv_hist_l0.read_stream[1] (net)
                  0.03    0.00    0.12 ^ _1240_/B (HA_X1)
     1    1.70    0.01    0.04    0.16 ^ _1240_/CO (HA_X1)
                                         _0020_ (net)
                  0.01    0.00    0.16 ^ _0991_/A (INV_X1)
     1    3.06    0.01    0.01    0.17 v _0991_/ZN (INV_X1)
                                         _0026_ (net)
                  0.01    0.00    0.17 v _1244_/A (HA_X1)
     1    0.88    0.01    0.02    0.19 v _1244_/CO (HA_X1)
                                         _0027_ (net)
                  0.01    0.00    0.19 v _1038_/A (BUF_X1)
    10   14.71    0.02    0.04    0.24 v _1038_/Z (BUF_X1)
                                         _0386_ (net)
                  0.02    0.00    0.24 v _1039_/A1 (AND2_X1)
     1    0.88    0.01    0.03    0.27 v _1039_/ZN (AND2_X1)
                                         _0387_ (net)
                  0.01    0.00    0.27 v _1040_/A (BUF_X1)
     9   12.87    0.02    0.04    0.31 v _1040_/Z (BUF_X1)
                                         _0388_ (net)
                  0.02    0.00    0.31 v _1043_/A2 (AOI22_X1)
     1    1.66    0.02    0.04    0.35 ^ _1043_/ZN (AOI22_X1)
                                         _0391_ (net)
                  0.02    0.00    0.35 ^ _1044_/A4 (NAND4_X1)
     1    1.54    0.02    0.03    0.38 v _1044_/ZN (NAND4_X1)
                                         _0392_ (net)
                  0.02    0.00    0.38 v _1049_/A (AOI21_X1)
     1    2.23    0.02    0.05    0.43 ^ _1049_/ZN (AOI21_X1)
                                         _0397_ (net)
                  0.02    0.00    0.43 ^ _1054_/A (XNOR2_X1)
     1    0.00    0.01    0.04    0.47 ^ _1054_/ZN (XNOR2_X1)
                                         debug_state_hash[30] (net)
                  0.01    0.00    0.47 ^ debug_state_hash[30] (out)
                                  0.47   data arrival time

                  0.00   10.00   10.00   clock core_clock (rise edge)
                          0.00   10.00   clock network delay (ideal)
                          0.00   10.00   clock reconvergence pessimism
                         -0.50    9.50   output external delay
                                  9.50   data required time
-----------------------------------------------------------------------------
                                  9.50   data required time
                                 -0.47   data arrival time
-----------------------------------------------------------------------------
                                  9.03   slack (MET)



==========================================================================
floorplan final report_power
--------------------------------------------------------------------------
Group                  Internal  Switching    Leakage      Total
                          Power      Power      Power      Power (Watts)
----------------------------------------------------------------
Sequential             2.23e-04   2.14e-05   1.50e-05   2.60e-04  60.3%
Combinational          9.27e-05   6.15e-05   1.70e-05   1.71e-04  39.7%
Clock                  0.00e+00   0.00e+00   0.00e+00   0.00e+00   0.0%
Macro                  0.00e+00   0.00e+00   0.00e+00   0.00e+00   0.0%
Pad                    0.00e+00   0.00e+00   0.00e+00   0.00e+00   0.0%
----------------------------------------------------------------
Total                  3.16e-04   8.29e-05   3.20e-05   4.31e-04 100.0%
                          73.3%      19.2%       7.4%
