
==========================================================================
detailed place report_tns
--------------------------------------------------------------------------
tns max 0.00

==========================================================================
detailed place report_wns
--------------------------------------------------------------------------
wns max 0.00

==========================================================================
detailed place report_worst_slack
--------------------------------------------------------------------------
worst slack max 8.84

==========================================================================
detailed place report_clock_min_period
--------------------------------------------------------------------------
core_clock period_min = 1.16 fmax = 862.38

==========================================================================
detailed place report_checks -path_delay min
--------------------------------------------------------------------------
Startpoint: rst_n (input port clocked by core_clock)
Endpoint: ctrl.phase_cycle[1]$_DFFE_PN0P_
          (removal check against rising-edge clock core_clock)
Path Group: asynchronous
Path Type: min

Fanout     Cap    Slew   Delay    Time   Description
-----------------------------------------------------------------------------
                  0.00    0.00    0.00   clock core_clock (rise edge)
                          0.00    0.00   clock network delay (ideal)
                          0.50    0.50 ^ input external delay
     1    2.61    0.00    0.00    0.50 ^ rst_n (in)
                                         rst_n (net)
                  0.00    0.00    0.50 ^ input97/A (CLKBUF_X3)
    40   96.84    0.07    0.09    0.59 ^ input97/Z (CLKBUF_X3)
                                         net96 (net)
                  0.07    0.00    0.59 ^ ctrl.phase_cycle[1]$_DFFE_PN0P_/RN (DFFR_X1)
                                  0.59   data arrival time

                  0.00    0.00    0.00   clock core_clock (rise edge)
                          0.00    0.00   clock network delay (ideal)
                          0.00    0.00   clock reconvergence pessimism
                                  0.00 ^ ctrl.phase_cycle[1]$_DFFE_PN0P_/CK (DFFR_X1)
                          0.27    0.27   library removal time
                                  0.27   data required time
-----------------------------------------------------------------------------
                                  0.27   data required time
                                 -0.59   data arrival time
-----------------------------------------------------------------------------
                                  0.32   slack (MET)


Startpoint: token_emb[1015]$_SDFFE_PN0P_
            (rising edge-triggered flip-flop clocked by core_clock)
Endpoint: conv_hist_l0.push_data_q[1015]$_DFF_PN0_
          (rising edge-triggered flip-flop clocked by core_clock)
Path Group: core_clock
Path Type: min

Fanout     Cap    Slew   Delay    Time   Description
-----------------------------------------------------------------------------
                  0.00    0.00    0.00   clock core_clock (rise edge)
                          0.00    0.00   clock network delay (ideal)
                  0.00    0.00    0.00 ^ token_emb[1015]$_SDFFE_PN0P_/CK (DFF_X1)
     3    3.87    0.01    0.08    0.08 v token_emb[1015]$_SDFFE_PN0P_/Q (DFF_X1)
                                         conv_hist_l0.push_data[1015] (net)
                  0.01    0.00    0.08 v conv_hist_l0.push_data_q[1015]$_DFF_PN0_/D (DFFR_X1)
                                  0.08   data arrival time

                  0.00    0.00    0.00   clock core_clock (rise edge)
                          0.00    0.00   clock network delay (ideal)
                          0.00    0.00   clock reconvergence pessimism
                                  0.00 ^ conv_hist_l0.push_data_q[1015]$_DFF_PN0_/CK (DFFR_X1)
                          0.00    0.00   library hold time
                                  0.00   data required time
-----------------------------------------------------------------------------
                                  0.00   data required time
                                 -0.08   data arrival time
-----------------------------------------------------------------------------
                                  0.08   slack (MET)



==========================================================================
detailed place report_checks -path_delay max
--------------------------------------------------------------------------
Startpoint: rst_n (input port clocked by core_clock)
Endpoint: ctrl.h_reg[29]$_DFFE_PN0P_
          (recovery check against rising-edge clock core_clock)
Path Group: asynchronous
Path Type: max

Fanout     Cap    Slew   Delay    Time   Description
-----------------------------------------------------------------------------
                  0.00    0.00    0.00   clock core_clock (rise edge)
                          0.00    0.00   clock network delay (ideal)
                          0.50    0.50 ^ input external delay
     1    2.61    0.00    0.00    0.50 ^ rst_n (in)
                                         rst_n (net)
                  0.00    0.00    0.50 ^ input97/A (CLKBUF_X3)
    40   96.84    0.07    0.09    0.59 ^ input97/Z (CLKBUF_X3)
                                         net96 (net)
                  0.07    0.00    0.59 ^ place133/A (BUF_X8)
   137  303.29    0.08    0.11    0.70 ^ place133/Z (BUF_X8)
                                         net132 (net)
                  0.09    0.03    0.73 ^ ctrl.h_reg[29]$_DFFE_PN0P_/RN (DFFR_X1)
                                  0.73   data arrival time

                  0.00   10.00   10.00   clock core_clock (rise edge)
                          0.00   10.00   clock network delay (ideal)
                          0.00   10.00   clock reconvergence pessimism
                                 10.00 ^ ctrl.h_reg[29]$_DFFE_PN0P_/CK (DFFR_X1)
                          0.04   10.04   library recovery time
                                 10.04   data required time
-----------------------------------------------------------------------------
                                 10.04   data required time
                                 -0.73   data arrival time
-----------------------------------------------------------------------------
                                  9.31   slack (MET)


Startpoint: ctrl.current_phase[0]$_DFFE_PN0P_
            (rising edge-triggered flip-flop clocked by core_clock)
Endpoint: debug_state_hash[30] (output port clocked by core_clock)
Path Group: core_clock
Path Type: max

Fanout     Cap    Slew   Delay    Time   Description
-----------------------------------------------------------------------------
                  0.00    0.00    0.00   clock core_clock (rise edge)
                          0.00    0.00   clock network delay (ideal)
                  0.00    0.00    0.00 ^ ctrl.current_phase[0]$_DFFE_PN0P_/CK (DFFR_X1)
     5   13.21    0.03    0.13    0.13 ^ ctrl.current_phase[0]$_DFFE_PN0P_/Q (DFFR_X1)
                                         conv_hist_l0.read_stream[0] (net)
                  0.03    0.00    0.13 ^ _1238_/A (HA_X1)
    23   58.22    0.13    0.17    0.30 ^ _1238_/CO (HA_X1)
                                         _0018_ (net)
                  0.13    0.00    0.30 ^ _0732_/A1 (OR2_X4)
     5    9.99    0.01    0.03    0.33 ^ _0732_/ZN (OR2_X4)
                                         _0217_ (net)
                  0.01    0.00    0.33 ^ _1034_/A2 (NOR2_X1)
     1    1.72    0.02    0.01    0.35 v _1034_/ZN (NOR2_X1)
                                         _0382_ (net)
                  0.02    0.00    0.35 v _1035_/A2 (NOR2_X1)
     9   22.85    0.11    0.14    0.48 ^ _1035_/ZN (NOR2_X1)
                                         _0383_ (net)
                  0.11    0.00    0.48 ^ _1044_/A2 (NAND4_X1)
     1    1.69    0.03    0.05    0.53 v _1044_/ZN (NAND4_X1)
                                         _0392_ (net)
                  0.03    0.00    0.53 v _1049_/A (AOI21_X1)
     1    4.17    0.03    0.06    0.59 ^ _1049_/ZN (AOI21_X1)
                                         _0397_ (net)
                  0.03    0.00    0.59 ^ _1054_/A (XNOR2_X1)
     1    1.64    0.02    0.04    0.64 ^ _1054_/ZN (XNOR2_X1)
                                         net115 (net)
                  0.02    0.00    0.64 ^ output116/A (BUF_X1)
     1    0.81    0.01    0.02    0.66 ^ output116/Z (BUF_X1)
                                         debug_state_hash[30] (net)
                  0.01    0.00    0.66 ^ debug_state_hash[30] (out)
                                  0.66   data arrival time

                  0.00   10.00   10.00   clock core_clock (rise edge)
                          0.00   10.00   clock network delay (ideal)
                          0.00   10.00   clock reconvergence pessimism
                         -0.50    9.50   output external delay
                                  9.50   data required time
-----------------------------------------------------------------------------
                                  9.50   data required time
                                 -0.66   data arrival time
-----------------------------------------------------------------------------
                                  8.84   slack (MET)



==========================================================================
detailed place report_checks -unconstrained
--------------------------------------------------------------------------
Startpoint: rst_n (input port clocked by core_clock)
Endpoint: ctrl.h_reg[29]$_DFFE_PN0P_
          (recovery check against rising-edge clock core_clock)
Path Group: asynchronous
Path Type: max

Fanout     Cap    Slew   Delay    Time   Description
-----------------------------------------------------------------------------
                  0.00    0.00    0.00   clock core_clock (rise edge)
                          0.00    0.00   clock network delay (ideal)
                          0.50    0.50 ^ input external delay
     1    2.61    0.00    0.00    0.50 ^ rst_n (in)
                                         rst_n (net)
                  0.00    0.00    0.50 ^ input97/A (CLKBUF_X3)
    40   96.84    0.07    0.09    0.59 ^ input97/Z (CLKBUF_X3)
                                         net96 (net)
                  0.07    0.00    0.59 ^ place133/A (BUF_X8)
   137  303.29    0.08    0.11    0.70 ^ place133/Z (BUF_X8)
                                         net132 (net)
                  0.09    0.03    0.73 ^ ctrl.h_reg[29]$_DFFE_PN0P_/RN (DFFR_X1)
                                  0.73   data arrival time

                  0.00   10.00   10.00   clock core_clock (rise edge)
                          0.00   10.00   clock network delay (ideal)
                          0.00   10.00   clock reconvergence pessimism
                                 10.00 ^ ctrl.h_reg[29]$_DFFE_PN0P_/CK (DFFR_X1)
                          0.04   10.04   library recovery time
                                 10.04   data required time
-----------------------------------------------------------------------------
                                 10.04   data required time
                                 -0.73   data arrival time
-----------------------------------------------------------------------------
                                  9.31   slack (MET)


Startpoint: ctrl.current_phase[0]$_DFFE_PN0P_
            (rising edge-triggered flip-flop clocked by core_clock)
Endpoint: debug_state_hash[30] (output port clocked by core_clock)
Path Group: core_clock
Path Type: max

Fanout     Cap    Slew   Delay    Time   Description
-----------------------------------------------------------------------------
                  0.00    0.00    0.00   clock core_clock (rise edge)
                          0.00    0.00   clock network delay (ideal)
                  0.00    0.00    0.00 ^ ctrl.current_phase[0]$_DFFE_PN0P_/CK (DFFR_X1)
     5   13.21    0.03    0.13    0.13 ^ ctrl.current_phase[0]$_DFFE_PN0P_/Q (DFFR_X1)
                                         conv_hist_l0.read_stream[0] (net)
                  0.03    0.00    0.13 ^ _1238_/A (HA_X1)
    23   58.22    0.13    0.17    0.30 ^ _1238_/CO (HA_X1)
                                         _0018_ (net)
                  0.13    0.00    0.30 ^ _0732_/A1 (OR2_X4)
     5    9.99    0.01    0.03    0.33 ^ _0732_/ZN (OR2_X4)
                                         _0217_ (net)
                  0.01    0.00    0.33 ^ _1034_/A2 (NOR2_X1)
     1    1.72    0.02    0.01    0.35 v _1034_/ZN (NOR2_X1)
                                         _0382_ (net)
                  0.02    0.00    0.35 v _1035_/A2 (NOR2_X1)
     9   22.85    0.11    0.14    0.48 ^ _1035_/ZN (NOR2_X1)
                                         _0383_ (net)
                  0.11    0.00    0.48 ^ _1044_/A2 (NAND4_X1)
     1    1.69    0.03    0.05    0.53 v _1044_/ZN (NAND4_X1)
                                         _0392_ (net)
                  0.03    0.00    0.53 v _1049_/A (AOI21_X1)
     1    4.17    0.03    0.06    0.59 ^ _1049_/ZN (AOI21_X1)
                                         _0397_ (net)
                  0.03    0.00    0.59 ^ _1054_/A (XNOR2_X1)
     1    1.64    0.02    0.04    0.64 ^ _1054_/ZN (XNOR2_X1)
                                         net115 (net)
                  0.02    0.00    0.64 ^ output116/A (BUF_X1)
     1    0.81    0.01    0.02    0.66 ^ output116/Z (BUF_X1)
                                         debug_state_hash[30] (net)
                  0.01    0.00    0.66 ^ debug_state_hash[30] (out)
                                  0.66   data arrival time

                  0.00   10.00   10.00   clock core_clock (rise edge)
                          0.00   10.00   clock network delay (ideal)
                          0.00   10.00   clock reconvergence pessimism
                         -0.50    9.50   output external delay
                                  9.50   data required time
-----------------------------------------------------------------------------
                                  9.50   data required time
                                 -0.66   data arrival time
-----------------------------------------------------------------------------
                                  8.84   slack (MET)



==========================================================================
detailed place report_check_types -max_slew -max_cap -max_fanout -violators
--------------------------------------------------------------------------

==========================================================================
detailed place max_slew_check_slack
--------------------------------------------------------------------------
0.06776130199432373

==========================================================================
detailed place max_slew_check_limit
--------------------------------------------------------------------------
0.1985349953174591

==========================================================================
detailed place max_slew_check_slack_limit
--------------------------------------------------------------------------
0.3413

==========================================================================
detailed place max_fanout_check_slack
--------------------------------------------------------------------------
1.0000000150474662e+30

==========================================================================
detailed place max_fanout_check_limit
--------------------------------------------------------------------------
1.0000000150474662e+30

==========================================================================
detailed place max_capacitance_check_slack
--------------------------------------------------------------------------
2.35896635055542

==========================================================================
detailed place max_capacitance_check_limit
--------------------------------------------------------------------------
60.577396392822266

==========================================================================
detailed place max_capacitance_check_slack_limit
--------------------------------------------------------------------------
0.0389

==========================================================================
detailed place max_slew_violation_count
--------------------------------------------------------------------------
max slew violation count 0

==========================================================================
detailed place max_fanout_violation_count
--------------------------------------------------------------------------
max fanout violation count 0

==========================================================================
detailed place max_cap_violation_count
--------------------------------------------------------------------------
max cap violation count 0

==========================================================================
detailed place setup_violation_count
--------------------------------------------------------------------------
setup violation count 0

==========================================================================
detailed place hold_violation_count
--------------------------------------------------------------------------
hold violation count 0

==========================================================================
detailed place report_checks -path_delay max reg to reg
--------------------------------------------------------------------------
Startpoint: ctrl.current_phase[0]$_DFFE_PN0P_
            (rising edge-triggered flip-flop clocked by core_clock)
Endpoint: ctrl.current_phase[1]$_DFFE_PN0P_
          (rising edge-triggered flip-flop clocked by core_clock)
Path Group: core_clock
Path Type: max

  Delay    Time   Description
---------------------------------------------------------
   0.00    0.00   clock core_clock (rise edge)
   0.00    0.00   clock network delay (ideal)
   0.00    0.00 ^ ctrl.current_phase[0]$_DFFE_PN0P_/CK (DFFR_X1)
   0.13    0.13 ^ ctrl.current_phase[0]$_DFFE_PN0P_/Q (DFFR_X1)
   0.17    0.30 ^ _1238_/CO (HA_X1)
   0.03    0.33 ^ _0732_/ZN (OR2_X4)
   0.04    0.37 v _0738_/ZN (OAI221_X2)
   0.07    0.44 ^ _0739_/ZN (AOI221_X1)
   0.01    0.45 v _0752_/ZN (NOR2_X2)
   0.04    0.49 ^ _0773_/ZN (OAI21_X2)
   0.05    0.54 ^ _0960_/ZN (OR2_X2)
   0.06    0.60 v _0978_/Z (MUX2_X1)
   0.00    0.60 v ctrl.current_phase[1]$_DFFE_PN0P_/D (DFFR_X1)
           0.60   data arrival time

  10.00   10.00   clock core_clock (rise edge)
   0.00   10.00   clock network delay (ideal)
   0.00   10.00   clock reconvergence pessimism
          10.00 ^ ctrl.current_phase[1]$_DFFE_PN0P_/CK (DFFR_X1)
  -0.04    9.96   library setup time
           9.96   data required time
---------------------------------------------------------
           9.96   data required time
          -0.60   data arrival time
---------------------------------------------------------
           9.36   slack (MET)



==========================================================================
detailed place report_checks -path_delay min reg to reg
--------------------------------------------------------------------------
Startpoint: token_emb[1015]$_SDFFE_PN0P_
            (rising edge-triggered flip-flop clocked by core_clock)
Endpoint: conv_hist_l0.push_data_q[1015]$_DFF_PN0_
          (rising edge-triggered flip-flop clocked by core_clock)
Path Group: core_clock
Path Type: min

  Delay    Time   Description
---------------------------------------------------------
   0.00    0.00   clock core_clock (rise edge)
   0.00    0.00   clock network delay (ideal)
   0.00    0.00 ^ token_emb[1015]$_SDFFE_PN0P_/CK (DFF_X1)
   0.08    0.08 v token_emb[1015]$_SDFFE_PN0P_/Q (DFF_X1)
   0.00    0.08 v conv_hist_l0.push_data_q[1015]$_DFF_PN0_/D (DFFR_X1)
           0.08   data arrival time

   0.00    0.00   clock core_clock (rise edge)
   0.00    0.00   clock network delay (ideal)
   0.00    0.00   clock reconvergence pessimism
           0.00 ^ conv_hist_l0.push_data_q[1015]$_DFF_PN0_/CK (DFFR_X1)
   0.00    0.00   library hold time
           0.00   data required time
---------------------------------------------------------
           0.00   data required time
          -0.08   data arrival time
---------------------------------------------------------
           0.08   slack (MET)



==========================================================================
detailed place critical path target clock latency max path
--------------------------------------------------------------------------
0.0000

==========================================================================
detailed place critical path target clock latency min path
--------------------------------------------------------------------------
0.0000

==========================================================================
detailed place critical path source clock latency min path
--------------------------------------------------------------------------
0.0000

==========================================================================
detailed place critical path delay
--------------------------------------------------------------------------
0.6596

==========================================================================
detailed place critical path slack
--------------------------------------------------------------------------
8.8404

==========================================================================
detailed place slack div critical path delay
--------------------------------------------------------------------------
1340.266828

==========================================================================
detailed place report_power
--------------------------------------------------------------------------
Group                  Internal  Switching    Leakage      Total
                          Power      Power      Power      Power (Watts)
----------------------------------------------------------------
Sequential             2.24e-04   3.07e-05   1.50e-05   2.69e-04  59.9%
Combinational          8.82e-05   7.75e-05   1.44e-05   1.80e-04  40.1%
Clock                  0.00e+00   0.00e+00   0.00e+00   0.00e+00   0.0%
Macro                  0.00e+00   0.00e+00   0.00e+00   0.00e+00   0.0%
Pad                    0.00e+00   0.00e+00   0.00e+00   0.00e+00   0.0%
----------------------------------------------------------------
Total                  3.12e-04   1.08e-04   2.94e-05   4.49e-04 100.0%
                          69.4%      24.1%       6.5%
