/OpenROAD-flow-scripts/flow/scripts/flow.sh 5_2_route detail_route
Running detail_route.tcl, stage 5_2_route
read_liberty /OpenROAD-flow-scripts/flow/platforms/nangate45/lib/NangateOpenCellLibrary_typical.lib
read_db ./results/nangate45/x1_y2_kimi/base/5_1_grt.odb
read_sdc ./results/nangate45/x1_y2_kimi/base/5_1_grt.sdc
source /OpenROAD-flow-scripts/flow/platforms/nangate45/setRC.tcl
detailed_route -output_drc ./reports/nangate45/x1_y2_kimi/base/5_route_drc.rpt -output_maze ./results/nangate45/x1_y2_kimi/base/maze.log -droute_end_iter 64 -verbose 1 -drc_report_iter_step 5
[INFO DRT-0149] Reading tech and libs.

Units:                2000
Number of layers:     21
Number of macros:     135
Number of vias:       33
Number of viarulegen: 19

[INFO DRT-0150] Reading design.
[WARNING DRT-0120] Large net net8831 has 118 pins which may impact routing performance. Consider optimization.
[WARNING DRT-0120] Large net net8818 has 104 pins which may impact routing performance. Consider optimization.
[WARNING DRT-0120] Large net net8815 has 107 pins which may impact routing performance. Consider optimization.
[WARNING DRT-0120] Large net net8844 has 101 pins which may impact routing performance. Consider optimization.
[WARNING DRT-0120] Large net net8596 has 139 pins which may impact routing performance. Consider optimization.
[WARNING DRT-0120] Large net net7401 has 105 pins which may impact routing performance. Consider optimization.
[WARNING DRT-0120] Large net net7414 has 106 pins which may impact routing performance. Consider optimization.
[WARNING DRT-0120] Large net net7304 has 102 pins which may impact routing performance. Consider optimization.
[WARNING DRT-0120] Large net net7342 has 104 pins which may impact routing performance. Consider optimization.
[WARNING DRT-0120] Large net net6137 has 118 pins which may impact routing performance. Consider optimization.
[WARNING DRT-0120] Large net net6133 has 108 pins which may impact routing performance. Consider optimization.
[WARNING DRT-0120] Large net net6125 has 111 pins which may impact routing performance. Consider optimization.
[WARNING DRT-0120] Large net net6074 has 103 pins which may impact routing performance. Consider optimization.
[WARNING DRT-0120] Large net net5965 has 112 pins which may impact routing performance. Consider optimization.
[WARNING DRT-0120] Large net net5931 has 104 pins which may impact routing performance. Consider optimization.
[WARNING DRT-0120] Large net net5911 has 124 pins which may impact routing performance. Consider optimization.
[WARNING DRT-0120] Large net net5915 has 106 pins which may impact routing performance. Consider optimization.
[WARNING DRT-0120] Large net net5913 has 120 pins which may impact routing performance. Consider optimization.
[WARNING DRT-0120] Large net net8669 has 134 pins which may impact routing performance. Consider optimization.
[WARNING DRT-0120] Large net net6186 has 105 pins which may impact routing performance. Consider optimization.
[WARNING DRT-0120] Large net net6095 has 117 pins which may impact routing performance. Consider optimization.
[WARNING DRT-0120] Large net net6045 has 122 pins which may impact routing performance. Consider optimization.
[WARNING DRT-0120] Large net net8680 has 102 pins which may impact routing performance. Consider optimization.
[WARNING DRT-0120] Large net net5983 has 110 pins which may impact routing performance. Consider optimization.
[WARNING DRT-0120] Large net net8641 has 128 pins which may impact routing performance. Consider optimization.

Design:                   x1_y2_kimi
Die area:                 ( 0 0 ) ( 1866960 1866960 )
Number of track patterns: 20
Number of DEF vias:       0
Number of components:     132023
Number of terminals:      212
Number of snets:          2
Number of nets:           133605

[INFO DRT-0167] List of default vias:
  Layer via2
    default via: via2_5
  Layer via3
    default via: via3_2
  Layer via4
    default via: via4_0
  Layer via5
    default via: via5_0
  Layer via6
    default via: via6_0
  Layer via7
    default via: via7_0
  Layer via8
    default via: via8_0
  Layer via9
    default via: via9_0
[INFO DRT-0162] Library cell analysis.
[INFO DRT-0163] Instance analysis.
  Complete 100000 instances.
[INFO DRT-0164] Number of unique instances = 153.
[INFO DRT-0168] Init region query.
[INFO DRT-0018]   Complete 100000 insts.
[INFO DRT-0024]   Complete active.
[INFO DRT-0024]   Complete Fr_VIA.
[INFO DRT-0024]   Complete metal1.
[INFO DRT-0024]   Complete via1.
[INFO DRT-0024]   Complete metal2.
[INFO DRT-0024]   Complete via2.
[INFO DRT-0024]   Complete metal3.
[INFO DRT-0024]   Complete via3.
[INFO DRT-0024]   Complete metal4.
[INFO DRT-0024]   Complete via4.
[INFO DRT-0024]   Complete metal5.
[INFO DRT-0024]   Complete via5.
[INFO DRT-0024]   Complete metal6.
[INFO DRT-0024]   Complete via6.
[INFO DRT-0024]   Complete metal7.
[INFO DRT-0024]   Complete via7.
[INFO DRT-0024]   Complete metal8.
[INFO DRT-0024]   Complete via8.
[INFO DRT-0024]   Complete metal9.
[INFO DRT-0024]   Complete via9.
[INFO DRT-0024]   Complete metal10.
[INFO DRT-0033] active shape region query size = 0.
[INFO DRT-0033] FR_VIA shape region query size = 0.
[INFO DRT-0033] metal1 shape region query size = 2060637.
[INFO DRT-0033] via1 shape region query size = 33966.
[INFO DRT-0033] metal2 shape region query size = 22644.
[INFO DRT-0033] via2 shape region query size = 33966.
[INFO DRT-0033] metal3 shape region query size = 22644.
[INFO DRT-0033] via3 shape region query size = 33966.
[INFO DRT-0033] metal4 shape region query size = 12410.
[INFO DRT-0033] via4 shape region query size = 10540.
[INFO DRT-0033] metal5 shape region query size = 2240.
[INFO DRT-0033] via5 shape region query size = 10540.
[INFO DRT-0033] metal6 shape region query size = 2186.
[INFO DRT-0033] via6 shape region query size = 4216.
[INFO DRT-0033] metal7 shape region query size = 1178.
[INFO DRT-0033] via7 shape region query size = 0.
[INFO DRT-0033] metal8 shape region query size = 0.
[INFO DRT-0033] via8 shape region query size = 0.
[INFO DRT-0033] metal9 shape region query size = 0.
[INFO DRT-0033] via9 shape region query size = 0.
[INFO DRT-0033] metal10 shape region query size = 0.
[INFO DRT-0165] Start pin access.
[INFO DRT-0078]   Complete 910 pins.
[INFO DRT-0079]   Complete 100 unique inst patterns.
[INFO DRT-0081]   Complete 153 unique inst patterns.
[INFO DRT-0082]   Complete 10000 groups.
[INFO DRT-0082]   Complete 20000 groups.
[INFO DRT-0082]   Complete 30000 groups.
[INFO DRT-0082]   Complete 40000 groups.
[INFO DRT-0082]   Complete 50000 groups.
[INFO DRT-0082]   Complete 60000 groups.
[INFO DRT-0082]   Complete 70000 groups.
[INFO DRT-0082]   Complete 80000 groups.
[INFO DRT-0084]   Complete 82797 groups.
#scanned instances     = 132023
#unique  instances     = 153
#stdCellGenAp          = 5633
#stdCellValidPlanarAp  = 0
#stdCellValidViaAp     = 3902
#stdCellPinNoAp        = 0
#stdCellPinCnt         = 467781
#instTermValidViaApCnt = 0
#macroGenAp            = 0
#macroValidPlanarAp    = 0
#macroValidViaAp       = 0
#macroNoAp             = 0
[INFO DRT-0166] Complete pin access.
[INFO DRT-0267] cpu time = 00:03:10, elapsed time = 00:03:10, memory = 1115.68 (MB), peak = 1169.38 (MB)
[INFO DRT-0156] guideIn read 100000 guides.
[INFO DRT-0156] guideIn read 200000 guides.
[INFO DRT-0156] guideIn read 300000 guides.
[INFO DRT-0156] guideIn read 400000 guides.
[INFO DRT-0156] guideIn read 500000 guides.
[INFO DRT-0156] guideIn read 600000 guides.
[INFO DRT-0156] guideIn read 700000 guides.
[INFO DRT-0156] guideIn read 800000 guides.
[INFO DRT-0156] guideIn read 900000 guides.
[INFO DRT-0156] guideIn read 1000000 guides.

[INFO DRT-0157] Number of guides:     1069108

[INFO DRT-0169] Post process guides.
[INFO DRT-0176] GCELLGRID X 0 DO 327 STEP 5700 ;
[INFO DRT-0177] GCELLGRID Y 0 DO 327 STEP 5700 ;
[INFO DRT-0026]   Complete 100000 origin guides.
[INFO DRT-0026]   Complete 200000 origin guides.
[INFO DRT-0026]   Complete 300000 origin guides.
[INFO DRT-0026]   Complete 400000 origin guides.
[INFO DRT-0026]   Complete 500000 origin guides.
[INFO DRT-0026]   Complete 600000 origin guides.
[INFO DRT-0026]   Complete 700000 origin guides.
[INFO DRT-0026]   Complete 800000 origin guides.
[INFO DRT-0026]   Complete 900000 origin guides.
[INFO DRT-0027]   Complete 1000000 origin guides.
[INFO DRT-0028]   Complete active.
[INFO DRT-0028]   Complete Fr_VIA.
[INFO DRT-0028]   Complete metal1.
[INFO DRT-0028]   Complete via1.
[INFO DRT-0028]   Complete metal2.
[INFO DRT-0028]   Complete via2.
[INFO DRT-0028]   Complete metal3.
[INFO DRT-0028]   Complete via3.
[INFO DRT-0028]   Complete metal4.
[INFO DRT-0028]   Complete via4.
[INFO DRT-0028]   Complete metal5.
[INFO DRT-0028]   Complete via5.
[INFO DRT-0028]   Complete metal6.
[INFO DRT-0028]   Complete via6.
[INFO DRT-0028]   Complete metal7.
[INFO DRT-0028]   Complete via7.
[INFO DRT-0028]   Complete metal8.
[INFO DRT-0028]   Complete via8.
[INFO DRT-0028]   Complete metal9.
[INFO DRT-0028]   Complete via9.
[INFO DRT-0028]   Complete metal10.
  complete 100000 nets.
[INFO DRT-0178] Init guide query.
[INFO DRT-0029]   Complete 100000 nets (guide).
[INFO DRT-0035]   Complete active (guide).
[INFO DRT-0035]   Complete Fr_VIA (guide).
[INFO DRT-0035]   Complete metal1 (guide).
[INFO DRT-0035]   Complete via1 (guide).
[INFO DRT-0035]   Complete metal2 (guide).
[INFO DRT-0035]   Complete via2 (guide).
[INFO DRT-0035]   Complete metal3 (guide).
[INFO DRT-0035]   Complete via3 (guide).
[INFO DRT-0035]   Complete metal4 (guide).
[INFO DRT-0035]   Complete via4 (guide).
[INFO DRT-0035]   Complete metal5 (guide).
[INFO DRT-0035]   Complete via5 (guide).
[INFO DRT-0035]   Complete metal6 (guide).
[INFO DRT-0035]   Complete via6 (guide).
[INFO DRT-0035]   Complete metal7 (guide).
[INFO DRT-0035]   Complete via7 (guide).
[INFO DRT-0035]   Complete metal8 (guide).
[INFO DRT-0035]   Complete via8 (guide).
[INFO DRT-0035]   Complete metal9 (guide).
[INFO DRT-0035]   Complete via9 (guide).
[INFO DRT-0035]   Complete metal10 (guide).
[INFO DRT-0036] active guide region query size = 0.
[INFO DRT-0036] FR_VIA guide region query size = 0.
[INFO DRT-0036] metal1 guide region query size = 369630.
[INFO DRT-0036] via1 guide region query size = 0.
[INFO DRT-0036] metal2 guide region query size = 319297.
[INFO DRT-0036] via2 guide region query size = 0.
[INFO DRT-0036] metal3 guide region query size = 171352.
[INFO DRT-0036] via3 guide region query size = 0.
[INFO DRT-0036] metal4 guide region query size = 17225.
[INFO DRT-0036] via4 guide region query size = 0.
[INFO DRT-0036] metal5 guide region query size = 4340.
[INFO DRT-0036] via5 guide region query size = 0.
[INFO DRT-0036] metal6 guide region query size = 401.
[INFO DRT-0036] via6 guide region query size = 0.
[INFO DRT-0036] metal7 guide region query size = 29.
[INFO DRT-0036] via7 guide region query size = 0.
[INFO DRT-0036] metal8 guide region query size = 7.
[INFO DRT-0036] via8 guide region query size = 0.
[INFO DRT-0036] metal9 guide region query size = 3.
[INFO DRT-0036] via9 guide region query size = 0.
[INFO DRT-0036] metal10 guide region query size = 0.
[INFO DRT-0179] Init gr pin query.
[INFO DRT-0267] cpu time = 00:00:03, elapsed time = 00:00:03, memory = 1508.53 (MB), peak = 1508.14 (MB)
[INFO DRT-0245] skipped writing guide updates to database.
[INFO DRT-0181] Start track assignment.
[INFO DRT-0184] Done with 336930 vertical wires in 7 frboxes and 545354 horizontal wires in 7 frboxes.
[INFO DRT-0186] Done with 86536 vertical wires in 7 frboxes and 122923 horizontal wires in 7 frboxes.
[INFO DRT-0182] Complete track assignment.
[INFO DRT-0267] cpu time = 00:00:40, elapsed time = 00:00:40, memory = 2958.00 (MB), peak = 2957.64 (MB)
[INFO DRT-0187] Start routing data preparation.
[INFO DRT-0267] cpu time = 00:00:00, elapsed time = 00:00:00, memory = 2958.03 (MB), peak = 2957.64 (MB)
[INFO DRT-0194] Start detail routing.
[INFO DRT-0195] Start 0th optimization iteration.
    Completing 10% with 0 violations.
    elapsed time = 00:00:58, memory = 2958.62 (MB).
