%Warning-WIDTHEXPAND: experiments/x1/rtl/x1_y3_kimi.v:169:58: Operator ADD expects 24 bits on the RHS, but RHS's VARREF 'product' generates 8 bits.
                                                            : ... note: In instance 'tb_x1_y3.dut'
  169 |                     accum_bank[r][c] <= accum_bank[r][c] + product;
      |                                                          ^
                      ... For warning description see https://verilator.org/warn/WIDTHEXPAND?v=5.020
                      ... Use "/* verilator lint_off WIDTHEXPAND */" and lint_on around source to disable this message.
%Warning-WIDTHTRUNC: experiments/x1/tb/tb_x1_y3.v:37:42: Bit extraction of array[15:0] requires 4 bit index, not 12 bits.
                                                       : ... note: In instance 'tb_x1_y3'
   37 |         if (act_req) act_rdata <= act_mem[act_addr];
      |                                          ^
%Warning-WIDTHTRUNC: experiments/x1/tb/tb_x1_y3.v:38:51: Bit extraction of array[15:0] requires 4 bit index, not 12 bits.
                                                       : ... note: In instance 'tb_x1_y3'
   38 |         if (weight_req) weight_rdata <= weight_mem[weight_addr];
      |                                                   ^
%Warning-WIDTHTRUNC: experiments/x1/tb/tb_x1_y3.v:49:54: Bit extraction of array[255:0] requires 8 bit index, not 14 bits.
                                                       : ... note: In instance 'tb_x1_y3'
   49 |                          $signed(out_wdata), expected[out_addr]);
      |                                                      ^
%Warning-WIDTHTRUNC: experiments/x1/tb/tb_x1_y3.v:47:48: Bit extraction of array[255:0] requires 8 bit index, not 14 bits.
                                                       : ... note: In instance 'tb_x1_y3'
   47 |             if ($signed(out_wdata) !== expected[out_addr]) begin
      |                                                ^
%Warning-WIDTHEXPAND: experiments/x1/tb/tb_x1_y3.v:47:36: Operator NEQCASE expects 32 bits on the LHS, but LHS's SIGNED generates 24 bits.
                                                        : ... note: In instance 'tb_x1_y3'
   47 |             if ($signed(out_wdata) !== expected[out_addr]) begin
      |                                    ^~~
%Warning-WIDTHEXPAND: experiments/x1/tb/tb_x1_y3.v:64:28: Operator ASSIGN expects 32 bits on the Assign RHS, but Assign RHS's SIGNED generates 4 bits.
                                                        : ... note: In instance 'tb_x1_y3'
   64 |                         av = $signed(act_mem[k][r*4 +: 4]);
      |                            ^
%Warning-WIDTHEXPAND: experiments/x1/tb/tb_x1_y3.v:65:28: Operator ASSIGN expects 32 bits on the Assign RHS, but Assign RHS's SIGNED generates 4 bits.
                                                        : ... note: In instance 'tb_x1_y3'
   65 |                         wv = $signed(weight_mem[k][c*4 +: 4]);
      |                            ^
%Warning-WIDTHTRUNC: experiments/x1/tb/tb_x1_y3.v:70:19: Operator ASSIGNDLY expects 12 bits on the Assign RHS, but Assign RHS's VARREF 'count' generates 32 bits.
                                                       : ... note: In instance 'tb_x1_y3'
   70 |             k_dim <= count;
      |                   ^~
%Warning-UNUSEDSIGNAL: experiments/x1/tb/tb_x1_y3.v:8:17: Bits of signal are not used: 'act_addr'[11:4]
                                                        : ... note: In instance 'tb_x1_y3'
    8 |     wire [11:0] act_addr;
      |                 ^~~~~~~~
%Warning-UNUSEDSIGNAL: experiments/x1/tb/tb_x1_y3.v:11:17: Bits of signal are not used: 'weight_addr'[11:4]
                                                         : ... note: In instance 'tb_x1_y3'
   11 |     wire [11:0] weight_addr;
      |                 ^~~~~~~~~~~
%Warning-UNUSEDSIGNAL: experiments/x1/tb/tb_x1_y3.v:16:10: Signal is not used: 'busy'
                                                         : ... note: In instance 'tb_x1_y3'
   16 |     wire busy;
      |          ^~~~
%Warning-BLKSEQ: experiments/x1/tb/tb_x1_y3.v:34:19: Blocking assignment '=' in sequential logic process
                                                   : ... Suggest using delayed assignment '<='
   34 |     always #5 clk = ~clk;
      |                   ^
%Warning-INITIALDLY: experiments/x1/tb/tb_x1_y3.v:105:15: Non-blocking assignment '<=' in initial/final block
                                                        : ... This will be executed as a blocking assignment '='!
  105 |         rst_n <= 1;
      |               ^~
%Warning-INITIALDLY: experiments/x1/tb/tb_x1_y3.v:70:19: Non-blocking assignment '<=' in initial/final block
                                                       : ... This will be executed as a blocking assignment '='!
   70 |             k_dim <= count;
      |                   ^~
%Warning-INITIALDLY: experiments/x1/tb/tb_x1_y3.v:71:19: Non-blocking assignment '<=' in initial/final block
                                                       : ... This will be executed as a blocking assignment '='!
   71 |             start <= 1;
      |                   ^~
%Warning-INITIALDLY: experiments/x1/tb/tb_x1_y3.v:73:19: Non-blocking assignment '<=' in initial/final block
                                                       : ... This will be executed as a blocking assignment '='!
   73 |             start <= 0;
      |                   ^~
%Warning-INITIALDLY: experiments/x1/tb/tb_x1_y3.v:76:19: Non-blocking assignment '<=' in initial/final block
                                                       : ... This will be executed as a blocking assignment '='!
   76 |             k_dim <= 12'hA55;
      |                   ^~
%Warning-BLKSEQ: experiments/x1/rtl/x1_y3_kimi.v:166:33: Blocking assignment '=' in sequential logic process
                                                       : ... Suggest using delayed assignment '<='
  166 |                     act_lane    = $signed(act_rdata[r*4 +: 4]);
      |                                 ^
%Warning-BLKSEQ: experiments/x1/rtl/x1_y3_kimi.v:167:33: Blocking assignment '=' in sequential logic process
                                                       : ... Suggest using delayed assignment '<='
  167 |                     weight_lane = $signed(weight_rdata[c*4 +: 4]);
      |                                 ^
%Warning-BLKSEQ: experiments/x1/rtl/x1_y3_kimi.v:168:33: Blocking assignment '=' in sequential logic process
                                                       : ... Suggest using delayed assignment '<='
  168 |                     product     = act_lane * weight_lane;
      |                                 ^
