
==========================================================================
finish report_tns
--------------------------------------------------------------------------
tns max 0.00

==========================================================================
finish report_wns
--------------------------------------------------------------------------
wns max 0.00

==========================================================================
finish report_worst_slack
--------------------------------------------------------------------------
worst slack max 0.03

==========================================================================
finish report_clock_min_period
--------------------------------------------------------------------------
core_clock period_min = 0.53 fmax = 1869.40

==========================================================================
finish report_clock_skew
--------------------------------------------------------------------------
Clock core_clock
   0.08 source latency ctrl.current_phase[1]$_DFFE_PN0P_/CK ^
  -0.08 target latency ctrl.output_h[24]$_DFFE_PP_/CK ^
   0.00 CRPR
--------------
  -0.00 setup skew


==========================================================================
finish report_checks -path_delay min
--------------------------------------------------------------------------
Startpoint: rst_n (input port clocked by core_clock)
Endpoint: ctrl.phase_cycle[1]$_DFFE_PN0P_
          (removal check against rising-edge clock core_clock)
Path Group: asynchronous
Path Type: min

Fanout     Cap    Slew   Delay    Time   Description
-----------------------------------------------------------------------------
                          0.00    0.00   clock core_clock (rise edge)
                          0.00    0.00   clock network delay (propagated)
                          0.03    0.03 ^ input external delay
     1    1.18    0.00    0.00    0.03 ^ rst_n (in)
                                         rst_n (net)
                  0.00    0.00    0.03 ^ hold145/A (CLKBUF_X1)
     1    0.89    0.01    0.02    0.05 ^ hold145/Z (CLKBUF_X1)
                                         net144 (net)
                  0.01    0.00    0.05 ^ hold141/A (CLKBUF_X1)
     1    1.12    0.01    0.03    0.08 ^ hold141/Z (CLKBUF_X1)
                                         net140 (net)
                  0.01    0.00    0.08 ^ hold146/A (CLKBUF_X1)
     1    0.90    0.01    0.03    0.10 ^ hold146/Z (CLKBUF_X1)
                                         net145 (net)
                  0.01    0.00    0.10 ^ hold139/A (CLKBUF_X1)
     1    0.89    0.01    0.03    0.13 ^ hold139/Z (CLKBUF_X1)
                                         net138 (net)
                  0.01    0.00    0.13 ^ hold147/A (CLKBUF_X1)
     1    0.91    0.01    0.03    0.15 ^ hold147/Z (CLKBUF_X1)
                                         net146 (net)
                  0.01    0.00    0.15 ^ hold142/A (CLKBUF_X1)
     1    1.95    0.01    0.03    0.18 ^ hold142/Z (CLKBUF_X1)
                                         net141 (net)
                  0.01    0.00    0.18 ^ input97/A (BUF_X2)
    11   17.02    0.02    0.04    0.22 ^ input97/Z (BUF_X2)
                                         net96 (net)
                  0.02    0.00    0.22 ^ hold143/A (CLKBUF_X1)
     1    0.99    0.01    0.03    0.25 ^ hold143/Z (CLKBUF_X1)
                                         net142 (net)
                  0.01    0.00    0.25 ^ hold140/A (CLKBUF_X1)
     1    1.19    0.01    0.03    0.28 ^ hold140/Z (CLKBUF_X1)
                                         net139 (net)
                  0.01    0.00    0.28 ^ hold144/A (CLKBUF_X1)
    10   24.41    0.06    0.08    0.36 ^ hold144/Z (CLKBUF_X1)
                                         net143 (net)
                  0.06    0.00    0.36 ^ ctrl.phase_cycle[1]$_DFFE_PN0P_/RN (DFFR_X1)
                                  0.36   data arrival time

                          0.00    0.00   clock core_clock (rise edge)
                          0.00    0.00   clock source latency
     1    5.03    0.00    0.00    0.00 ^ clk (in)
                                         clk (net)
                  0.00    0.00    0.00 ^ clkbuf_0_clk/A (CLKBUF_X3)
     8   18.04    0.02    0.04    0.04 ^ clkbuf_0_clk/Z (CLKBUF_X3)
                                         clknet_0_clk (net)
                  0.02    0.00    0.04 ^ clkbuf_3_0__f_clk/A (CLKBUF_X3)
     8   16.87    0.02    0.04    0.08 ^ clkbuf_3_0__f_clk/Z (CLKBUF_X3)
                                         clknet_3_0__leaf_clk (net)
                  0.02    0.00    0.08 ^ ctrl.phase_cycle[1]$_DFFE_PN0P_/CK (DFFR_X1)
                          0.00    0.08   clock reconvergence pessimism
                          0.25    0.34   library removal time
                                  0.34   data required time
-----------------------------------------------------------------------------
                                  0.34   data required time
                                 -0.36   data arrival time
-----------------------------------------------------------------------------
                                  0.02   slack (MET)


Startpoint: token_id[7] (input port clocked by core_clock)
Endpoint: conv_hist_l0.push_data[62]$_SDFFE_PN0P_
          (rising edge-triggered flip-flop clocked by core_clock)
Path Group: core_clock
Path Type: min

Fanout     Cap    Slew   Delay    Time   Description
-----------------------------------------------------------------------------
                          0.00    0.00   clock core_clock (rise edge)
                          0.00    0.00   clock network delay (propagated)
                          0.03    0.03 ^ input external delay
     1    1.20    0.00    0.00    0.03 ^ token_id[7] (in)
                                         token_id[7] (net)
                  0.00    0.00    0.03 ^ input106/A (BUF_X1)
     1    1.04    0.01    0.02    0.04 ^ input106/Z (BUF_X1)
                                         net105 (net)
                  0.01    0.00    0.04 ^ _542_/B (MUX2_X1)
     1    1.05    0.01    0.03    0.08 ^ _542_/Z (MUX2_X1)
                                         _240_ (net)
                  0.01    0.00    0.08 ^ _543_/A2 (AND2_X1)
     1    1.26    0.01    0.03    0.11 ^ _543_/ZN (AND2_X1)
                                         _035_ (net)
                  0.01    0.00    0.11 ^ conv_hist_l0.push_data[62]$_SDFFE_PN0P_/D (DFF_X1)
                                  0.11   data arrival time

                          0.00    0.00   clock core_clock (rise edge)
                          0.00    0.00   clock source latency
     1    5.03    0.00    0.00    0.00 ^ clk (in)
                                         clk (net)
                  0.00    0.00    0.00 ^ clkbuf_0_clk/A (CLKBUF_X3)
     8   18.04    0.02    0.04    0.04 ^ clkbuf_0_clk/Z (CLKBUF_X3)
                                         clknet_0_clk (net)
                  0.02    0.00    0.04 ^ clkbuf_3_5__f_clk/A (CLKBUF_X3)
    13   16.55    0.02    0.04    0.08 ^ clkbuf_3_5__f_clk/Z (CLKBUF_X3)
                                         clknet_3_5__leaf_clk (net)
                  0.02    0.00    0.08 ^ conv_hist_l0.push_data[62]$_SDFFE_PN0P_/CK (DFF_X1)
                          0.00    0.08   clock reconvergence pessimism
                          0.01    0.09   library hold time
                                  0.09   data required time
-----------------------------------------------------------------------------
                                  0.09   data required time
                                 -0.11   data arrival time
-----------------------------------------------------------------------------
                                  0.01   slack (MET)



==========================================================================
finish report_checks -path_delay max
--------------------------------------------------------------------------
Startpoint: rst_n (input port clocked by core_clock)
Endpoint: kda_state_l0.state[312][23]$_DFFE_PN0P_
          (recovery check against rising-edge clock core_clock)
Path Group: asynchronous
Path Type: max

Fanout     Cap    Slew   Delay    Time   Description
-----------------------------------------------------------------------------
                          0.00    0.00   clock core_clock (rise edge)
                          0.00    0.00   clock network delay (propagated)
                          0.03    0.03 ^ input external delay
     1    1.18    0.00    0.00    0.03 ^ rst_n (in)
                                         rst_n (net)
                  0.00    0.00    0.03 ^ hold145/A (CLKBUF_X1)
     1    0.89    0.01    0.02    0.05 ^ hold145/Z (CLKBUF_X1)
                                         net144 (net)
                  0.01    0.00    0.05 ^ hold141/A (CLKBUF_X1)
     1    1.12    0.01    0.03    0.08 ^ hold141/Z (CLKBUF_X1)
                                         net140 (net)
                  0.01    0.00    0.08 ^ hold146/A (CLKBUF_X1)
     1    0.90    0.01    0.03    0.10 ^ hold146/Z (CLKBUF_X1)
                                         net145 (net)
                  0.01    0.00    0.10 ^ hold139/A (CLKBUF_X1)
     1    0.89    0.01    0.03    0.13 ^ hold139/Z (CLKBUF_X1)
                                         net138 (net)
                  0.01    0.00    0.13 ^ hold147/A (CLKBUF_X1)
     1    0.91    0.01    0.03    0.15 ^ hold147/Z (CLKBUF_X1)
                                         net146 (net)
                  0.01    0.00    0.15 ^ hold142/A (CLKBUF_X1)
     1    1.95    0.01    0.03    0.18 ^ hold142/Z (CLKBUF_X1)
                                         net141 (net)
                  0.01    0.00    0.18 ^ input97/A (BUF_X2)
    11   17.02    0.02    0.04    0.22 ^ input97/Z (BUF_X2)
                                         net96 (net)
                  0.02    0.00    0.22 ^ hold143/A (CLKBUF_X1)
     1    0.99    0.01    0.03    0.25 ^ hold143/Z (CLKBUF_X1)
                                         net142 (net)
                  0.01    0.00    0.25 ^ hold140/A (CLKBUF_X1)
     1    1.19    0.01    0.03    0.28 ^ hold140/Z (CLKBUF_X1)
                                         net139 (net)
                  0.01    0.00    0.28 ^ hold144/A (CLKBUF_X1)
    10   24.41    0.06    0.08    0.36 ^ hold144/Z (CLKBUF_X1)
                                         net143 (net)
                  0.06    0.00    0.36 ^ place137/A (BUF_X2)
    37   82.33    0.09    0.12    0.48 ^ place137/Z (BUF_X2)
                                         net136 (net)
                  0.09    0.01    0.49 ^ kda_state_l0.state[312][23]$_DFFE_PN0P_/RN (DFFR_X1)
                                  0.49   data arrival time

                          0.56    0.56   clock core_clock (rise edge)
                          0.00    0.56   clock source latency
     1    5.03    0.00    0.00    0.56 ^ clk (in)
                                         clk (net)
                  0.00    0.00    0.57 ^ clkbuf_0_clk/A (CLKBUF_X3)
     8   18.04    0.02    0.04    0.60 ^ clkbuf_0_clk/Z (CLKBUF_X3)
                                         clknet_0_clk (net)
                  0.02    0.00    0.60 ^ clkbuf_3_6__f_clk/A (CLKBUF_X3)
     8   15.74    0.02    0.04    0.65 ^ clkbuf_3_6__f_clk/Z (CLKBUF_X3)
                                         clknet_3_6__leaf_clk (net)
                  0.02    0.00    0.65 ^ kda_state_l0.state[312][23]$_DFFE_PN0P_/CK (DFFR_X1)
                          0.00    0.65   clock reconvergence pessimism
                          0.04    0.69   library recovery time
                                  0.69   data required time
-----------------------------------------------------------------------------
                                  0.69   data required time
                                 -0.49   data arrival time
-----------------------------------------------------------------------------
                                  0.20   slack (MET)


Startpoint: ctrl.phase_cycle[1]$_DFFE_PN0P_
            (rising edge-triggered flip-flop clocked by core_clock)
Endpoint: ctrl.current_phase[4]$_DFFE_PN0P_
          (rising edge-triggered flip-flop clocked by core_clock)
Path Group: core_clock
Path Type: max

Fanout     Cap    Slew   Delay    Time   Description
-----------------------------------------------------------------------------
                          0.00    0.00   clock core_clock (rise edge)
                          0.00    0.00   clock source latency
     1    5.03    0.00    0.00    0.00 ^ clk (in)
                                         clk (net)
                  0.00    0.00    0.00 ^ clkbuf_0_clk/A (CLKBUF_X3)
     8   18.04    0.02    0.04    0.04 ^ clkbuf_0_clk/Z (CLKBUF_X3)
                                         clknet_0_clk (net)
                  0.02    0.00    0.04 ^ clkbuf_3_0__f_clk/A (CLKBUF_X3)
     8   16.87    0.02    0.04    0.08 ^ clkbuf_3_0__f_clk/Z (CLKBUF_X3)
                                         clknet_3_0__leaf_clk (net)
                  0.02    0.00    0.08 ^ ctrl.phase_cycle[1]$_DFFE_PN0P_/CK (DFFR_X1)
     3    7.16    0.02    0.12    0.20 ^ ctrl.phase_cycle[1]$_DFFE_PN0P_/Q (DFFR_X1)
                                         ctrl.phase_cycle[1] (net)
                  0.02    0.00    0.20 ^ _681_/B (HA_X1)
     6   11.27    0.03    0.06    0.26 ^ _681_/CO (HA_X1)
                                         _014_ (net)
                  0.03    0.00    0.26 ^ _446_/A3 (NAND3_X1)
     2    3.20    0.02    0.03    0.29 v _446_/ZN (NAND3_X1)
                                         _159_ (net)
                  0.02    0.00    0.29 v _447_/A (INV_X1)
     2    3.80    0.01    0.02    0.31 ^ _447_/ZN (INV_X1)
                                         _160_ (net)
                  0.01    0.00    0.31 ^ _448_/A3 (NAND3_X1)
     3    3.74    0.02    0.03    0.34 v _448_/ZN (NAND3_X1)
                                         _161_ (net)
                  0.02    0.00    0.34 v _450_/A2 (NOR3_X1)
     1    6.52    0.06    0.09    0.43 ^ _450_/ZN (NOR3_X1)
                                         _163_ (net)
                  0.06    0.00    0.43 ^ _455_/B1 (OAI21_X4)
    10   28.06    0.03    0.04    0.47 v _455_/ZN (OAI21_X4)
                                         _168_ (net)
                  0.03    0.00    0.47 v _494_/A (AOI21_X4)
     5   12.51    0.03    0.05    0.52 ^ _494_/ZN (AOI21_X4)
                                         _200_ (net)
                  0.03    0.00    0.52 ^ _668_/S (MUX2_X1)
     1    1.50    0.01    0.06    0.58 v _668_/Z (MUX2_X1)
                                         _079_ (net)
                  0.01    0.00    0.58 v ctrl.current_phase[4]$_DFFE_PN0P_/D (DFFR_X1)
                                  0.58   data arrival time

                          0.56    0.56   clock core_clock (rise edge)
                          0.00    0.56   clock source latency
     1    5.03    0.00    0.00    0.56 ^ clk (in)
                                         clk (net)
                  0.00    0.00    0.57 ^ clkbuf_0_clk/A (CLKBUF_X3)
     8   18.04    0.02    0.04    0.60 ^ clkbuf_0_clk/Z (CLKBUF_X3)
                                         clknet_0_clk (net)
                  0.02    0.00    0.60 ^ clkbuf_3_2__f_clk/A (CLKBUF_X3)
     6   14.68    0.01    0.04    0.65 ^ clkbuf_3_2__f_clk/Z (CLKBUF_X3)
                                         clknet_3_2__leaf_clk (net)
                  0.01    0.00    0.65 ^ ctrl.current_phase[4]$_DFFE_PN0P_/CK (DFFR_X1)
                          0.00    0.65   clock reconvergence pessimism
                         -0.04    0.61   library setup time
                                  0.61   data required time
-----------------------------------------------------------------------------
                                  0.61   data required time
                                 -0.58   data arrival time
-----------------------------------------------------------------------------
                                  0.03   slack (MET)



==========================================================================
finish report_checks -unconstrained
--------------------------------------------------------------------------
Startpoint: rst_n (input port clocked by core_clock)
Endpoint: kda_state_l0.state[312][23]$_DFFE_PN0P_
          (recovery check against rising-edge clock core_clock)
Path Group: asynchronous
Path Type: max

Fanout     Cap    Slew   Delay    Time   Description
-----------------------------------------------------------------------------
                          0.00    0.00   clock core_clock (rise edge)
                          0.00    0.00   clock network delay (propagated)
                          0.03    0.03 ^ input external delay
     1    1.18    0.00    0.00    0.03 ^ rst_n (in)
                                         rst_n (net)
                  0.00    0.00    0.03 ^ hold145/A (CLKBUF_X1)
     1    0.89    0.01    0.02    0.05 ^ hold145/Z (CLKBUF_X1)
                                         net144 (net)
                  0.01    0.00    0.05 ^ hold141/A (CLKBUF_X1)
     1    1.12    0.01    0.03    0.08 ^ hold141/Z (CLKBUF_X1)
                                         net140 (net)
                  0.01    0.00    0.08 ^ hold146/A (CLKBUF_X1)
     1    0.90    0.01    0.03    0.10 ^ hold146/Z (CLKBUF_X1)
                                         net145 (net)
                  0.01    0.00    0.10 ^ hold139/A (CLKBUF_X1)
     1    0.89    0.01    0.03    0.13 ^ hold139/Z (CLKBUF_X1)
                                         net138 (net)
                  0.01    0.00    0.13 ^ hold147/A (CLKBUF_X1)
     1    0.91    0.01    0.03    0.15 ^ hold147/Z (CLKBUF_X1)
                                         net146 (net)
                  0.01    0.00    0.15 ^ hold142/A (CLKBUF_X1)
     1    1.95    0.01    0.03    0.18 ^ hold142/Z (CLKBUF_X1)
                                         net141 (net)
                  0.01    0.00    0.18 ^ input97/A (BUF_X2)
    11   17.02    0.02    0.04    0.22 ^ input97/Z (BUF_X2)
                                         net96 (net)
                  0.02    0.00    0.22 ^ hold143/A (CLKBUF_X1)
     1    0.99    0.01    0.03    0.25 ^ hold143/Z (CLKBUF_X1)
                                         net142 (net)
                  0.01    0.00    0.25 ^ hold140/A (CLKBUF_X1)
     1    1.19    0.01    0.03    0.28 ^ hold140/Z (CLKBUF_X1)
                                         net139 (net)
                  0.01    0.00    0.28 ^ hold144/A (CLKBUF_X1)
    10   24.41    0.06    0.08    0.36 ^ hold144/Z (CLKBUF_X1)
                                         net143 (net)
                  0.06    0.00    0.36 ^ place137/A (BUF_X2)
    37   82.33    0.09    0.12    0.48 ^ place137/Z (BUF_X2)
                                         net136 (net)
                  0.09    0.01    0.49 ^ kda_state_l0.state[312][23]$_DFFE_PN0P_/RN (DFFR_X1)
                                  0.49   data arrival time

                          0.56    0.56   clock core_clock (rise edge)
                          0.00    0.56   clock source latency
     1    5.03    0.00    0.00    0.56 ^ clk (in)
                                         clk (net)
                  0.00    0.00    0.57 ^ clkbuf_0_clk/A (CLKBUF_X3)
     8   18.04    0.02    0.04    0.60 ^ clkbuf_0_clk/Z (CLKBUF_X3)
                                         clknet_0_clk (net)
                  0.02    0.00    0.60 ^ clkbuf_3_6__f_clk/A (CLKBUF_X3)
     8   15.74    0.02    0.04    0.65 ^ clkbuf_3_6__f_clk/Z (CLKBUF_X3)
                                         clknet_3_6__leaf_clk (net)
                  0.02    0.00    0.65 ^ kda_state_l0.state[312][23]$_DFFE_PN0P_/CK (DFFR_X1)
                          0.00    0.65   clock reconvergence pessimism
                          0.04    0.69   library recovery time
                                  0.69   data required time
-----------------------------------------------------------------------------
                                  0.69   data required time
                                 -0.49   data arrival time
-----------------------------------------------------------------------------
                                  0.20   slack (MET)


Startpoint: ctrl.phase_cycle[1]$_DFFE_PN0P_
            (rising edge-triggered flip-flop clocked by core_clock)
Endpoint: ctrl.current_phase[4]$_DFFE_PN0P_
          (rising edge-triggered flip-flop clocked by core_clock)
Path Group: core_clock
Path Type: max

Fanout     Cap    Slew   Delay    Time   Description
-----------------------------------------------------------------------------
                          0.00    0.00   clock core_clock (rise edge)
                          0.00    0.00   clock source latency
     1    5.03    0.00    0.00    0.00 ^ clk (in)
                                         clk (net)
                  0.00    0.00    0.00 ^ clkbuf_0_clk/A (CLKBUF_X3)
     8   18.04    0.02    0.04    0.04 ^ clkbuf_0_clk/Z (CLKBUF_X3)
                                         clknet_0_clk (net)
                  0.02    0.00    0.04 ^ clkbuf_3_0__f_clk/A (CLKBUF_X3)
     8   16.87    0.02    0.04    0.08 ^ clkbuf_3_0__f_clk/Z (CLKBUF_X3)
                                         clknet_3_0__leaf_clk (net)
                  0.02    0.00    0.08 ^ ctrl.phase_cycle[1]$_DFFE_PN0P_/CK (DFFR_X1)
     3    7.16    0.02    0.12    0.20 ^ ctrl.phase_cycle[1]$_DFFE_PN0P_/Q (DFFR_X1)
                                         ctrl.phase_cycle[1] (net)
                  0.02    0.00    0.20 ^ _681_/B (HA_X1)
     6   11.27    0.03    0.06    0.26 ^ _681_/CO (HA_X1)
                                         _014_ (net)
                  0.03    0.00    0.26 ^ _446_/A3 (NAND3_X1)
     2    3.20    0.02    0.03    0.29 v _446_/ZN (NAND3_X1)
                                         _159_ (net)
                  0.02    0.00    0.29 v _447_/A (INV_X1)
     2    3.80    0.01    0.02    0.31 ^ _447_/ZN (INV_X1)
                                         _160_ (net)
                  0.01    0.00    0.31 ^ _448_/A3 (NAND3_X1)
     3    3.74    0.02    0.03    0.34 v _448_/ZN (NAND3_X1)
                                         _161_ (net)
                  0.02    0.00    0.34 v _450_/A2 (NOR3_X1)
     1    6.52    0.06    0.09    0.43 ^ _450_/ZN (NOR3_X1)
                                         _163_ (net)
                  0.06    0.00    0.43 ^ _455_/B1 (OAI21_X4)
    10   28.06    0.03    0.04    0.47 v _455_/ZN (OAI21_X4)
                                         _168_ (net)
                  0.03    0.00    0.47 v _494_/A (AOI21_X4)
     5   12.51    0.03    0.05    0.52 ^ _494_/ZN (AOI21_X4)
                                         _200_ (net)
                  0.03    0.00    0.52 ^ _668_/S (MUX2_X1)
     1    1.50    0.01    0.06    0.58 v _668_/Z (MUX2_X1)
                                         _079_ (net)
                  0.01    0.00    0.58 v ctrl.current_phase[4]$_DFFE_PN0P_/D (DFFR_X1)
                                  0.58   data arrival time

                          0.56    0.56   clock core_clock (rise edge)
                          0.00    0.56   clock source latency
     1    5.03    0.00    0.00    0.56 ^ clk (in)
                                         clk (net)
                  0.00    0.00    0.57 ^ clkbuf_0_clk/A (CLKBUF_X3)
     8   18.04    0.02    0.04    0.60 ^ clkbuf_0_clk/Z (CLKBUF_X3)
                                         clknet_0_clk (net)
                  0.02    0.00    0.60 ^ clkbuf_3_2__f_clk/A (CLKBUF_X3)
     6   14.68    0.01    0.04    0.65 ^ clkbuf_3_2__f_clk/Z (CLKBUF_X3)
                                         clknet_3_2__leaf_clk (net)
                  0.01    0.00    0.65 ^ ctrl.current_phase[4]$_DFFE_PN0P_/CK (DFFR_X1)
                          0.00    0.65   clock reconvergence pessimism
                         -0.04    0.61   library setup time
                                  0.61   data required time
-----------------------------------------------------------------------------
                                  0.61   data required time
                                 -0.58   data arrival time
-----------------------------------------------------------------------------
                                  0.03   slack (MET)



==========================================================================
finish report_check_types -max_slew -max_cap -max_fanout -violators
--------------------------------------------------------------------------

==========================================================================
finish max_slew_check_slack
--------------------------------------------------------------------------
0.10029279440641403

==========================================================================
finish max_slew_check_limit
--------------------------------------------------------------------------
0.1985349953174591

==========================================================================
finish max_slew_check_slack_limit
--------------------------------------------------------------------------
0.5052

==========================================================================
finish max_fanout_check_slack
--------------------------------------------------------------------------
1.0000000150474662e+30

==========================================================================
finish max_fanout_check_limit
--------------------------------------------------------------------------
1.0000000150474662e+30

==========================================================================
finish max_capacitance_check_slack
--------------------------------------------------------------------------
4.280492782592773

==========================================================================
finish max_capacitance_check_limit
--------------------------------------------------------------------------
11.482199668884277

==========================================================================
finish max_capacitance_check_slack_limit
--------------------------------------------------------------------------
0.3728

==========================================================================
finish max_slew_violation_count
--------------------------------------------------------------------------
max slew violation count 0

==========================================================================
finish max_fanout_violation_count
--------------------------------------------------------------------------
max fanout violation count 0

==========================================================================
finish max_cap_violation_count
--------------------------------------------------------------------------
max cap violation count 0

==========================================================================
finish setup_violation_count
--------------------------------------------------------------------------
setup violation count 0

==========================================================================
finish hold_violation_count
--------------------------------------------------------------------------
hold violation count 0

==========================================================================
finish report_checks -path_delay max reg to reg
--------------------------------------------------------------------------
Startpoint: ctrl.phase_cycle[1]$_DFFE_PN0P_
            (rising edge-triggered flip-flop clocked by core_clock)
Endpoint: ctrl.current_phase[4]$_DFFE_PN0P_
          (rising edge-triggered flip-flop clocked by core_clock)
Path Group: core_clock
Path Type: max

  Delay    Time   Description
---------------------------------------------------------
   0.00    0.00   clock core_clock (rise edge)
   0.00    0.00   clock source latency
   0.00    0.00 ^ clk (in)
   0.04    0.04 ^ clkbuf_0_clk/Z (CLKBUF_X3)
   0.05    0.08 ^ clkbuf_3_0__f_clk/Z (CLKBUF_X3)
   0.00    0.08 ^ ctrl.phase_cycle[1]$_DFFE_PN0P_/CK (DFFR_X1)
   0.12    0.20 ^ ctrl.phase_cycle[1]$_DFFE_PN0P_/Q (DFFR_X1)
   0.06    0.26 ^ _681_/CO (HA_X1)
   0.03    0.29 v _446_/ZN (NAND3_X1)
   0.02    0.31 ^ _447_/ZN (INV_X1)
   0.03    0.34 v _448_/ZN (NAND3_X1)
   0.09    0.43 ^ _450_/ZN (NOR3_X1)
   0.04    0.47 v _455_/ZN (OAI21_X4)
   0.05    0.52 ^ _494_/ZN (AOI21_X4)
   0.06    0.58 v _668_/Z (MUX2_X1)
   0.00    0.58 v ctrl.current_phase[4]$_DFFE_PN0P_/D (DFFR_X1)
           0.58   data arrival time

   0.56    0.56   clock core_clock (rise edge)
   0.00    0.56   clock source latency
   0.00    0.56 ^ clk (in)
   0.04    0.60 ^ clkbuf_0_clk/Z (CLKBUF_X3)
   0.04    0.65 ^ clkbuf_3_2__f_clk/Z (CLKBUF_X3)
   0.00    0.65 ^ ctrl.current_phase[4]$_DFFE_PN0P_/CK (DFFR_X1)
   0.00    0.65   clock reconvergence pessimism
  -0.04    0.61   library setup time
           0.61   data required time
---------------------------------------------------------
           0.61   data required time
          -0.58   data arrival time
---------------------------------------------------------
           0.03   slack (MET)



==========================================================================
finish report_checks -path_delay min reg to reg
--------------------------------------------------------------------------
Startpoint: ctrl.phase_cycle[0]$_DFFE_PN0P_
            (rising edge-triggered flip-flop clocked by core_clock)
Endpoint: ctrl.phase_cycle[0]$_DFFE_PN0P_
          (rising edge-triggered flip-flop clocked by core_clock)
Path Group: core_clock
Path Type: min

  Delay    Time   Description
---------------------------------------------------------
   0.00    0.00   clock core_clock (rise edge)
   0.00    0.00   clock source latency
   0.00    0.00 ^ clk (in)
   0.04    0.04 ^ clkbuf_0_clk/Z (CLKBUF_X3)
   0.05    0.08 ^ clkbuf_3_0__f_clk/Z (CLKBUF_X3)
   0.00    0.08 ^ ctrl.phase_cycle[0]$_DFFE_PN0P_/CK (DFFR_X1)
   0.07    0.15 v ctrl.phase_cycle[0]$_DFFE_PN0P_/QN (DFFR_X1)
   0.02    0.17 ^ _484_/ZN (NAND2_X1)
   0.01    0.18 v _485_/ZN (OAI21_X1)
   0.00    0.18 v ctrl.phase_cycle[0]$_DFFE_PN0P_/D (DFFR_X1)
           0.18   data arrival time

   0.00    0.00   clock core_clock (rise edge)
   0.00    0.00   clock source latency
   0.00    0.00 ^ clk (in)
   0.04    0.04 ^ clkbuf_0_clk/Z (CLKBUF_X3)
   0.05    0.08 ^ clkbuf_3_0__f_clk/Z (CLKBUF_X3)
   0.00    0.08 ^ ctrl.phase_cycle[0]$_DFFE_PN0P_/CK (DFFR_X1)
   0.00    0.08   clock reconvergence pessimism
   0.01    0.09   library hold time
           0.09   data required time
---------------------------------------------------------
           0.09   data required time
          -0.18   data arrival time
---------------------------------------------------------
           0.09   slack (MET)



==========================================================================
finish critical path target clock latency max path
--------------------------------------------------------------------------
0.0830

==========================================================================
finish critical path target clock latency min path
--------------------------------------------------------------------------
0.0842

==========================================================================
finish critical path source clock latency min path
--------------------------------------------------------------------------
0.0000

==========================================================================
finish critical path delay
--------------------------------------------------------------------------
0.5809

==========================================================================
finish critical path slack
--------------------------------------------------------------------------
0.0301

==========================================================================
finish slack div critical path delay
--------------------------------------------------------------------------
5.181615

==========================================================================
finish report_power
--------------------------------------------------------------------------
Group                  Internal  Switching    Leakage      Total
                          Power      Power      Power      Power (Watts)
----------------------------------------------------------------
Sequential             1.02e-03   1.84e-04   5.10e-06   1.21e-03  35.3%
Combinational          8.43e-04   8.16e-04   9.24e-06   1.67e-03  48.5%
Clock                  2.41e-04   3.14e-04   6.20e-07   5.55e-04  16.2%
Macro                  0.00e+00   0.00e+00   0.00e+00   0.00e+00   0.0%
Pad                    0.00e+00   0.00e+00   0.00e+00   0.00e+00   0.0%
----------------------------------------------------------------
Total                  2.11e-03   1.31e-03   1.50e-05   3.44e-03 100.0%
                          61.3%      38.2%       0.4%
