
==========================================================================
cts final report_tns
--------------------------------------------------------------------------
tns max 0.00

==========================================================================
cts final report_wns
--------------------------------------------------------------------------
wns max 0.00

==========================================================================
cts final report_worst_slack
--------------------------------------------------------------------------
worst slack max 8.36

==========================================================================
cts final report_clock_min_period
--------------------------------------------------------------------------
core_clock period_min = 1.64 fmax = 610.03

==========================================================================
cts final report_clock_skew
--------------------------------------------------------------------------
Clock core_clock
   0.17 source latency conv_hist_l0.history[0][27]$_DFFE_PN0P_/CK ^
  -0.18 target latency conv_hist_l0.history[192][27]$_DFFE_PN0P_/CK ^
   0.00 CRPR
--------------
  -0.01 setup skew


==========================================================================
cts final report_checks -path_delay min
--------------------------------------------------------------------------
Startpoint: rst_n (input port clocked by core_clock)
Endpoint: conv_hist_l0.history[0][8]$_DFFE_PN0P_
          (removal check against rising-edge clock core_clock)
Path Group: asynchronous
Path Type: min

Fanout     Cap    Slew   Delay    Time   Description
-----------------------------------------------------------------------------
                          0.00    0.00   clock core_clock (rise edge)
                          0.00    0.00   clock network delay (propagated)
                          0.50    0.50 ^ input external delay
     1    2.31    0.00    0.00    0.50 ^ rst_n (in)
                                         rst_n (net)
                  0.00    0.00    0.50 ^ input65/A (CLKBUF_X3)
    20   73.03    0.05    0.07    0.57 ^ input65/Z (CLKBUF_X3)
                                         net64 (net)
                  0.05    0.01    0.58 ^ conv_hist_l0.history[0][8]$_DFFE_PN0P_/RN (DFFR_X1)
                                  0.58   data arrival time

                          0.00    0.00   clock core_clock (rise edge)
                          0.00    0.00   clock source latency
     1   16.35    0.00    0.00    0.00 ^ clk (in)
                                         clk (net)
                  0.00    0.00    0.00 ^ clkbuf_0_clk/A (CLKBUF_X3)
     8   36.42    0.03    0.05    0.06 ^ clkbuf_0_clk/Z (CLKBUF_X3)
                                         clknet_0_clk (net)
                  0.03    0.00    0.06 ^ clkbuf_3_7__f_clk/A (CLKBUF_X3)
    14   41.81    0.03    0.07    0.13 ^ clkbuf_3_7__f_clk/Z (CLKBUF_X3)
                                         clknet_3_7__leaf_clk (net)
                  0.03    0.00    0.13 ^ clkbuf_leaf_52_clk/A (CLKBUF_X3)
     7   11.14    0.01    0.05    0.17 ^ clkbuf_leaf_52_clk/Z (CLKBUF_X3)
                                         clknet_leaf_52_clk (net)
                  0.01    0.00    0.17 ^ conv_hist_l0.history[0][8]$_DFFE_PN0P_/CK (DFFR_X1)
                          0.00    0.17   clock reconvergence pessimism
                          0.25    0.42   library removal time
                                  0.42   data required time
-----------------------------------------------------------------------------
                                  0.42   data required time
                                 -0.58   data arrival time
-----------------------------------------------------------------------------
                                  0.16   slack (MET)


Startpoint: token_emb[1017]$_SDFFE_PN0P_
            (rising edge-triggered flip-flop clocked by core_clock)
Endpoint: conv_hist_l0.push_data_q[1017]$_DFF_PN0_
          (rising edge-triggered flip-flop clocked by core_clock)
Path Group: core_clock
Path Type: min

Fanout     Cap    Slew   Delay    Time   Description
-----------------------------------------------------------------------------
                          0.00    0.00   clock core_clock (rise edge)
                          0.00    0.00   clock source latency
     1   16.35    0.00    0.00    0.00 ^ clk (in)
                                         clk (net)
                  0.00    0.00    0.00 ^ clkbuf_0_clk/A (CLKBUF_X3)
     8   36.42    0.03    0.05    0.06 ^ clkbuf_0_clk/Z (CLKBUF_X3)
                                         clknet_0_clk (net)
                  0.03    0.00    0.06 ^ clkbuf_3_0__f_clk/A (CLKBUF_X3)
    19   48.74    0.04    0.08    0.13 ^ clkbuf_3_0__f_clk/Z (CLKBUF_X3)
                                         clknet_3_0__leaf_clk (net)
                  0.04    0.00    0.13 ^ clkbuf_leaf_1_clk/A (CLKBUF_X3)
     8   10.09    0.01    0.05    0.18 ^ clkbuf_leaf_1_clk/Z (CLKBUF_X3)
                                         clknet_leaf_1_clk (net)
                  0.01    0.00    0.18 ^ token_emb[1017]$_SDFFE_PN0P_/CK (DFF_X1)
     3    4.62    0.01    0.09    0.27 v token_emb[1017]$_SDFFE_PN0P_/Q (DFF_X1)
                                         conv_hist_l0.push_data[1017] (net)
                  0.01    0.00    0.27 v conv_hist_l0.push_data_q[1017]$_DFF_PN0_/D (DFFR_X1)
                                  0.27   data arrival time

                          0.00    0.00   clock core_clock (rise edge)
                          0.00    0.00   clock source latency
     1   16.35    0.00    0.00    0.00 ^ clk (in)
                                         clk (net)
                  0.00    0.00    0.00 ^ clkbuf_0_clk/A (CLKBUF_X3)
     8   36.42    0.03    0.05    0.06 ^ clkbuf_0_clk/Z (CLKBUF_X3)
                                         clknet_0_clk (net)
                  0.03    0.00    0.06 ^ clkbuf_3_0__f_clk/A (CLKBUF_X3)
    19   48.74    0.04    0.08    0.13 ^ clkbuf_3_0__f_clk/Z (CLKBUF_X3)
                                         clknet_3_0__leaf_clk (net)
                  0.04    0.00    0.13 ^ clkbuf_leaf_1_clk/A (CLKBUF_X3)
     8   10.09    0.01    0.05    0.18 ^ clkbuf_leaf_1_clk/Z (CLKBUF_X3)
                                         clknet_leaf_1_clk (net)
                  0.01    0.00    0.18 ^ conv_hist_l0.push_data_q[1017]$_DFF_PN0_/CK (DFFR_X1)
                          0.00    0.18   clock reconvergence pessimism
                          0.01    0.18   library hold time
                                  0.18   data required time
-----------------------------------------------------------------------------
                                  0.18   data required time
                                 -0.27   data arrival time
-----------------------------------------------------------------------------
                                  0.08   slack (MET)



==========================================================================
cts final report_checks -path_delay max
--------------------------------------------------------------------------
Startpoint: rst_n (input port clocked by core_clock)
Endpoint: conv_hist_l0.history[160][25]$_DFFE_PN0P_
          (recovery check against rising-edge clock core_clock)
Path Group: asynchronous
Path Type: max

Fanout     Cap    Slew   Delay    Time   Description
-----------------------------------------------------------------------------
                          0.00    0.00   clock core_clock (rise edge)
                          0.00    0.00   clock network delay (propagated)
                          0.50    0.50 ^ input external delay
     1    2.31    0.00    0.00    0.50 ^ rst_n (in)
                                         rst_n (net)
                  0.00    0.00    0.50 ^ input65/A (CLKBUF_X3)
    20   73.03    0.05    0.07    0.57 ^ input65/Z (CLKBUF_X3)
                                         net64 (net)
                  0.06    0.02    0.59 ^ place434/A (BUF_X2)
    35   79.33    0.09    0.12    0.71 ^ place434/Z (BUF_X2)
                                         net424 (net)
                  0.09    0.00    0.72 ^ place433/A (BUF_X4)
    68  144.27    0.08    0.11    0.82 ^ place433/Z (BUF_X4)
                                         net423 (net)
                  0.08    0.01    0.83 ^ place432/A (BUF_X1)
    18   40.80    0.09    0.13    0.96 ^ place432/Z (BUF_X1)
                                         net422 (net)
                  0.09    0.00    0.96 ^ conv_hist_l0.history[160][25]$_DFFE_PN0P_/RN (DFFR_X1)
                                  0.96   data arrival time

                         10.00   10.00   clock core_clock (rise edge)
                          0.00   10.00   clock source latency
     1   16.35    0.00    0.00   10.00 ^ clk (in)
                                         clk (net)
                  0.00    0.00   10.00 ^ clkbuf_0_clk/A (CLKBUF_X3)
     8   36.42    0.03    0.05   10.06 ^ clkbuf_0_clk/Z (CLKBUF_X3)
                                         clknet_0_clk (net)
                  0.03    0.00   10.06 ^ clkbuf_3_1__f_clk/A (CLKBUF_X3)
    13   46.78    0.04    0.07   10.13 ^ clkbuf_3_1__f_clk/Z (CLKBUF_X3)
                                         clknet_3_1__leaf_clk (net)
                  0.04    0.00   10.13 ^ clkbuf_leaf_12_clk/A (CLKBUF_X3)
     8   10.04    0.01    0.05   10.18 ^ clkbuf_leaf_12_clk/Z (CLKBUF_X3)
                                         clknet_leaf_12_clk (net)
                  0.01    0.00   10.18 ^ conv_hist_l0.history[160][25]$_DFFE_PN0P_/CK (DFFR_X1)
                          0.00   10.18   clock reconvergence pessimism
                          0.04   10.22   library recovery time
                                 10.22   data required time
-----------------------------------------------------------------------------
                                 10.22   data required time
                                 -0.96   data arrival time
-----------------------------------------------------------------------------
                                  9.26   slack (MET)


Startpoint: ctrl.current_phase[1]$_DFFE_PN0P_
            (rising edge-triggered flip-flop clocked by core_clock)
Endpoint: debug_state_hash[31] (output port clocked by core_clock)
Path Group: core_clock
Path Type: max

Fanout     Cap    Slew   Delay    Time   Description
-----------------------------------------------------------------------------
                          0.00    0.00   clock core_clock (rise edge)
                          0.00    0.00   clock source latency
     1   16.35    0.00    0.00    0.00 ^ clk (in)
                                         clk (net)
                  0.00    0.00    0.00 ^ clkbuf_0_clk/A (CLKBUF_X3)
     8   36.42    0.03    0.05    0.06 ^ clkbuf_0_clk/Z (CLKBUF_X3)
                                         clknet_0_clk (net)
                  0.03    0.00    0.06 ^ clkbuf_3_1__f_clk/A (CLKBUF_X3)
    13   46.78    0.04    0.07    0.13 ^ clkbuf_3_1__f_clk/Z (CLKBUF_X3)
                                         clknet_3_1__leaf_clk (net)
                  0.04    0.00    0.13 ^ clkbuf_leaf_95_clk/A (CLKBUF_X3)
     7   10.54    0.01    0.05    0.18 ^ clkbuf_leaf_95_clk/Z (CLKBUF_X3)
                                         clknet_leaf_95_clk (net)
                  0.01    0.00    0.18 ^ ctrl.current_phase[1]$_DFFE_PN0P_/CK (DFFR_X1)
    10   24.53    0.06    0.16    0.33 ^ ctrl.current_phase[1]$_DFFE_PN0P_/Q (DFFR_X1)
                                         conv_hist_l0.read_stream[1] (net)
                  0.06    0.00    0.33 ^ _9358_/B (HA_X1)
     2    5.96    0.02    0.05    0.39 ^ _9358_/CO (HA_X1)
                                         _0032_ (net)
                  0.02    0.00    0.39 ^ _8512_/A (INV_X1)
     1    3.63    0.01    0.01    0.40 v _8512_/ZN (INV_X1)
                                         _0029_ (net)
                  0.01    0.00    0.40 v _9352_/B (HA_X1)
    16   52.46    0.05    0.09    0.49 v _9352_/CO (HA_X1)
                                         _0030_ (net)
                  0.05    0.00    0.49 v _5035_/A1 (AND2_X2)
    37   96.36    0.05    0.10    0.59 v _5035_/ZN (AND2_X2)
                                         _0728_ (net)
                  0.05    0.00    0.59 v _5037_/A4 (NOR4_X1)
     1    1.86    0.05    0.09    0.69 ^ _5037_/ZN (NOR4_X1)
                                         _0730_ (net)
                  0.05    0.00    0.69 ^ _5038_/A2 (AND2_X2)
    21   69.28    0.08    0.11    0.80 ^ _5038_/ZN (AND2_X2)
                                         _0731_ (net)
                  0.08    0.00    0.80 ^ _5039_/A2 (NAND2_X2)
    32  100.63    0.09    0.13    0.94 v _5039_/ZN (NAND2_X2)
                                         _0732_ (net)
                  0.09    0.00    0.94 v _9339_/A1 (OAI22_X1)
     1   12.85    0.08    0.12    1.06 ^ _9339_/ZN (OAI22_X1)
                                         _4331_ (net)
                  0.08    0.00    1.06 ^ _9340_/B (XNOR2_X1)
     1    1.28    0.02    0.05    1.11 ^ _9340_/ZN (XNOR2_X1)
                                         net106 (net)
                  0.02    0.00    1.11 ^ output110/A (BUF_X1)
     1    1.52    0.01    0.03    1.14 ^ output110/Z (BUF_X1)
                                         debug_state_hash[31] (net)
                  0.01    0.00    1.14 ^ debug_state_hash[31] (out)
                                  1.14   data arrival time

                         10.00   10.00   clock core_clock (rise edge)
                          0.00   10.00   clock network delay (propagated)
                          0.00   10.00   clock reconvergence pessimism
                         -0.50    9.50   output external delay
                                  9.50   data required time
-----------------------------------------------------------------------------
                                  9.50   data required time
                                 -1.14   data arrival time
-----------------------------------------------------------------------------
                                  8.36   slack (MET)



==========================================================================
cts final report_checks -unconstrained
--------------------------------------------------------------------------
Startpoint: rst_n (input port clocked by core_clock)
Endpoint: conv_hist_l0.history[160][25]$_DFFE_PN0P_
          (recovery check against rising-edge clock core_clock)
Path Group: asynchronous
Path Type: max

Fanout     Cap    Slew   Delay    Time   Description
-----------------------------------------------------------------------------
                          0.00    0.00   clock core_clock (rise edge)
                          0.00    0.00   clock network delay (propagated)
                          0.50    0.50 ^ input external delay
     1    2.31    0.00    0.00    0.50 ^ rst_n (in)
                                         rst_n (net)
                  0.00    0.00    0.50 ^ input65/A (CLKBUF_X3)
    20   73.03    0.05    0.07    0.57 ^ input65/Z (CLKBUF_X3)
                                         net64 (net)
                  0.06    0.02    0.59 ^ place434/A (BUF_X2)
    35   79.33    0.09    0.12    0.71 ^ place434/Z (BUF_X2)
                                         net424 (net)
                  0.09    0.00    0.72 ^ place433/A (BUF_X4)
    68  144.27    0.08    0.11    0.82 ^ place433/Z (BUF_X4)
                                         net423 (net)
                  0.08    0.01    0.83 ^ place432/A (BUF_X1)
    18   40.80    0.09    0.13    0.96 ^ place432/Z (BUF_X1)
                                         net422 (net)
                  0.09    0.00    0.96 ^ conv_hist_l0.history[160][25]$_DFFE_PN0P_/RN (DFFR_X1)
                                  0.96   data arrival time

                         10.00   10.00   clock core_clock (rise edge)
                          0.00   10.00   clock source latency
     1   16.35    0.00    0.00   10.00 ^ clk (in)
                                         clk (net)
                  0.00    0.00   10.00 ^ clkbuf_0_clk/A (CLKBUF_X3)
     8   36.42    0.03    0.05   10.06 ^ clkbuf_0_clk/Z (CLKBUF_X3)
                                         clknet_0_clk (net)
                  0.03    0.00   10.06 ^ clkbuf_3_1__f_clk/A (CLKBUF_X3)
    13   46.78    0.04    0.07   10.13 ^ clkbuf_3_1__f_clk/Z (CLKBUF_X3)
                                         clknet_3_1__leaf_clk (net)
                  0.04    0.00   10.13 ^ clkbuf_leaf_12_clk/A (CLKBUF_X3)
     8   10.04    0.01    0.05   10.18 ^ clkbuf_leaf_12_clk/Z (CLKBUF_X3)
                                         clknet_leaf_12_clk (net)
                  0.01    0.00   10.18 ^ conv_hist_l0.history[160][25]$_DFFE_PN0P_/CK (DFFR_X1)
                          0.00   10.18   clock reconvergence pessimism
                          0.04   10.22   library recovery time
                                 10.22   data required time
-----------------------------------------------------------------------------
                                 10.22   data required time
                                 -0.96   data arrival time
-----------------------------------------------------------------------------
                                  9.26   slack (MET)


Startpoint: ctrl.current_phase[1]$_DFFE_PN0P_
            (rising edge-triggered flip-flop clocked by core_clock)
Endpoint: debug_state_hash[31] (output port clocked by core_clock)
Path Group: core_clock
Path Type: max

Fanout     Cap    Slew   Delay    Time   Description
-----------------------------------------------------------------------------
                          0.00    0.00   clock core_clock (rise edge)
                          0.00    0.00   clock source latency
     1   16.35    0.00    0.00    0.00 ^ clk (in)
                                         clk (net)
                  0.00    0.00    0.00 ^ clkbuf_0_clk/A (CLKBUF_X3)
     8   36.42    0.03    0.05    0.06 ^ clkbuf_0_clk/Z (CLKBUF_X3)
                                         clknet_0_clk (net)
                  0.03    0.00    0.06 ^ clkbuf_3_1__f_clk/A (CLKBUF_X3)
    13   46.78    0.04    0.07    0.13 ^ clkbuf_3_1__f_clk/Z (CLKBUF_X3)
                                         clknet_3_1__leaf_clk (net)
                  0.04    0.00    0.13 ^ clkbuf_leaf_95_clk/A (CLKBUF_X3)
     7   10.54    0.01    0.05    0.18 ^ clkbuf_leaf_95_clk/Z (CLKBUF_X3)
                                         clknet_leaf_95_clk (net)
                  0.01    0.00    0.18 ^ ctrl.current_phase[1]$_DFFE_PN0P_/CK (DFFR_X1)
    10   24.53    0.06    0.16    0.33 ^ ctrl.current_phase[1]$_DFFE_PN0P_/Q (DFFR_X1)
                                         conv_hist_l0.read_stream[1] (net)
                  0.06    0.00    0.33 ^ _9358_/B (HA_X1)
     2    5.96    0.02    0.05    0.39 ^ _9358_/CO (HA_X1)
                                         _0032_ (net)
                  0.02    0.00    0.39 ^ _8512_/A (INV_X1)
     1    3.63    0.01    0.01    0.40 v _8512_/ZN (INV_X1)
                                         _0029_ (net)
                  0.01    0.00    0.40 v _9352_/B (HA_X1)
    16   52.46    0.05    0.09    0.49 v _9352_/CO (HA_X1)
                                         _0030_ (net)
                  0.05    0.00    0.49 v _5035_/A1 (AND2_X2)
    37   96.36    0.05    0.10    0.59 v _5035_/ZN (AND2_X2)
                                         _0728_ (net)
                  0.05    0.00    0.59 v _5037_/A4 (NOR4_X1)
     1    1.86    0.05    0.09    0.69 ^ _5037_/ZN (NOR4_X1)
                                         _0730_ (net)
                  0.05    0.00    0.69 ^ _5038_/A2 (AND2_X2)
    21   69.28    0.08    0.11    0.80 ^ _5038_/ZN (AND2_X2)
                                         _0731_ (net)
                  0.08    0.00    0.80 ^ _5039_/A2 (NAND2_X2)
    32  100.63    0.09    0.13    0.94 v _5039_/ZN (NAND2_X2)
                                         _0732_ (net)
                  0.09    0.00    0.94 v _9339_/A1 (OAI22_X1)
     1   12.85    0.08    0.12    1.06 ^ _9339_/ZN (OAI22_X1)
                                         _4331_ (net)
                  0.08    0.00    1.06 ^ _9340_/B (XNOR2_X1)
     1    1.28    0.02    0.05    1.11 ^ _9340_/ZN (XNOR2_X1)
                                         net106 (net)
                  0.02    0.00    1.11 ^ output110/A (BUF_X1)
     1    1.52    0.01    0.03    1.14 ^ output110/Z (BUF_X1)
                                         debug_state_hash[31] (net)
                  0.01    0.00    1.14 ^ debug_state_hash[31] (out)
                                  1.14   data arrival time

                         10.00   10.00   clock core_clock (rise edge)
                          0.00   10.00   clock network delay (propagated)
                          0.00   10.00   clock reconvergence pessimism
                         -0.50    9.50   output external delay
                                  9.50   data required time
-----------------------------------------------------------------------------
                                  9.50   data required time
                                 -1.14   data arrival time
-----------------------------------------------------------------------------
                                  8.36   slack (MET)



==========================================================================
cts final report_check_types -max_slew -max_cap -max_fanout -violators
--------------------------------------------------------------------------

==========================================================================
cts final max_slew_check_slack
--------------------------------------------------------------------------
0.06558101624250412

==========================================================================
cts final max_slew_check_limit
--------------------------------------------------------------------------
0.1985349953174591

==========================================================================
cts final max_slew_check_slack_limit
--------------------------------------------------------------------------
0.3303

==========================================================================
cts final max_fanout_check_slack
--------------------------------------------------------------------------
1.0000000150474662e+30

==========================================================================
cts final max_fanout_check_limit
--------------------------------------------------------------------------
1.0000000150474662e+30

==========================================================================
cts final max_capacitance_check_slack
--------------------------------------------------------------------------
1.0439579486846924

==========================================================================
cts final max_capacitance_check_limit
--------------------------------------------------------------------------
60.577396392822266

==========================================================================
cts final max_capacitance_check_slack_limit
--------------------------------------------------------------------------
0.0172

==========================================================================
cts final max_slew_violation_count
--------------------------------------------------------------------------
max slew violation count 0

==========================================================================
cts final max_fanout_violation_count
--------------------------------------------------------------------------
max fanout violation count 0

==========================================================================
cts final max_cap_violation_count
--------------------------------------------------------------------------
max cap violation count 0

==========================================================================
cts final setup_violation_count
--------------------------------------------------------------------------
setup violation count 0

==========================================================================
cts final hold_violation_count
--------------------------------------------------------------------------
hold violation count 0

==========================================================================
cts final report_checks -path_delay max reg to reg
--------------------------------------------------------------------------
Startpoint: conv_hist_l0.stream_sel_q[1]$_DFF_PN0_
            (rising edge-triggered flip-flop clocked by core_clock)
Endpoint: conv_hist_l0.history[97][22]$_DFFE_PN0P_
          (rising edge-triggered flip-flop clocked by core_clock)
Path Group: core_clock
Path Type: max

  Delay    Time   Description
---------------------------------------------------------
   0.00    0.00   clock core_clock (rise edge)
   0.00    0.00   clock source latency
   0.00    0.00 ^ clk (in)
   0.06    0.06 ^ clkbuf_0_clk/Z (CLKBUF_X3)
   0.07    0.13 ^ clkbuf_3_1__f_clk/Z (CLKBUF_X3)
   0.05    0.18 ^ clkbuf_leaf_95_clk/Z (CLKBUF_X3)
   0.00    0.18 ^ conv_hist_l0.stream_sel_q[1]$_DFF_PN0_/CK (DFFR_X1)
   0.10    0.27 ^ conv_hist_l0.stream_sel_q[1]$_DFF_PN0_/QN (DFFR_X1)
   0.15    0.43 ^ _9347_/CO (HA_X1)
   0.09    0.52 ^ place423/Z (BUF_X8)
   0.20    0.72 ^ _6339_/ZN (AND2_X1)
   0.07    0.79 v _8283_/ZN (NOR2_X1)
   0.16    0.95 ^ _8286_/ZN (AOI21_X2)
   0.11    1.06 ^ place348/Z (BUF_X1)
   0.10    1.16 v _8326_/ZN (NAND2_X1)
   0.07    1.23 ^ _8327_/ZN (OAI222_X1)
   0.00    1.23 ^ conv_hist_l0.history[97][22]$_DFFE_PN0P_/D (DFFR_X1)
           1.23   data arrival time

  10.00   10.00   clock core_clock (rise edge)
   0.00   10.00   clock source latency
   0.00   10.00 ^ clk (in)
   0.06   10.06 ^ clkbuf_0_clk/Z (CLKBUF_X3)
   0.07   10.13 ^ clkbuf_3_6__f_clk/Z (CLKBUF_X3)
   0.05   10.18 ^ clkbuf_leaf_40_clk/Z (CLKBUF_X3)
   0.00   10.18 ^ conv_hist_l0.history[97][22]$_DFFE_PN0P_/CK (DFFR_X1)
   0.00   10.18   clock reconvergence pessimism
  -0.04   10.13   library setup time
          10.13   data required time
---------------------------------------------------------
          10.13   data required time
          -1.23   data arrival time
---------------------------------------------------------
           8.90   slack (MET)



==========================================================================
cts final report_checks -path_delay min reg to reg
--------------------------------------------------------------------------
Startpoint: token_emb[1017]$_SDFFE_PN0P_
            (rising edge-triggered flip-flop clocked by core_clock)
Endpoint: conv_hist_l0.push_data_q[1017]$_DFF_PN0_
          (rising edge-triggered flip-flop clocked by core_clock)
Path Group: core_clock
Path Type: min

  Delay    Time   Description
---------------------------------------------------------
   0.00    0.00   clock core_clock (rise edge)
   0.00    0.00   clock source latency
   0.00    0.00 ^ clk (in)
   0.06    0.06 ^ clkbuf_0_clk/Z (CLKBUF_X3)
   0.08    0.13 ^ clkbuf_3_0__f_clk/Z (CLKBUF_X3)
   0.05    0.18 ^ clkbuf_leaf_1_clk/Z (CLKBUF_X3)
   0.00    0.18 ^ token_emb[1017]$_SDFFE_PN0P_/CK (DFF_X1)
   0.09    0.27 v token_emb[1017]$_SDFFE_PN0P_/Q (DFF_X1)
   0.00    0.27 v conv_hist_l0.push_data_q[1017]$_DFF_PN0_/D (DFFR_X1)
           0.27   data arrival time

   0.00    0.00   clock core_clock (rise edge)
   0.00    0.00   clock source latency
   0.00    0.00 ^ clk (in)
   0.06    0.06 ^ clkbuf_0_clk/Z (CLKBUF_X3)
   0.08    0.13 ^ clkbuf_3_0__f_clk/Z (CLKBUF_X3)
   0.05    0.18 ^ clkbuf_leaf_1_clk/Z (CLKBUF_X3)
   0.00    0.18 ^ conv_hist_l0.push_data_q[1017]$_DFF_PN0_/CK (DFFR_X1)
   0.00    0.18   clock reconvergence pessimism
   0.01    0.18   library hold time
           0.18   data required time
---------------------------------------------------------
           0.18   data required time
          -0.27   data arrival time
---------------------------------------------------------
           0.08   slack (MET)



==========================================================================
cts final critical path target clock latency max path
--------------------------------------------------------------------------
0.1767

==========================================================================
cts final critical path target clock latency min path
--------------------------------------------------------------------------
0.1724

==========================================================================
cts final critical path source clock latency min path
--------------------------------------------------------------------------
0.0000

==========================================================================
cts final critical path delay
--------------------------------------------------------------------------
1.1393

==========================================================================
cts final critical path slack
--------------------------------------------------------------------------
8.3607

==========================================================================
cts final slack div critical path delay
--------------------------------------------------------------------------
733.845344

==========================================================================
cts final report_power
--------------------------------------------------------------------------
Group                  Internal  Switching    Leakage      Total
                          Power      Power      Power      Power (Watts)
----------------------------------------------------------------
Sequential             8.78e-04   2.19e-04   5.65e-05   1.15e-03  27.3%
Combinational          1.17e-03   1.44e-03   1.16e-04   2.73e-03  64.5%
Clock                  1.61e-04   1.83e-04   5.68e-06   3.50e-04   8.3%
Macro                  0.00e+00   0.00e+00   0.00e+00   0.00e+00   0.0%
Pad                    0.00e+00   0.00e+00   0.00e+00   0.00e+00   0.0%
----------------------------------------------------------------
Total                  2.21e-03   1.84e-03   1.78e-04   4.23e-03 100.0%
                          52.3%      43.5%       4.2%
