
 /----------------------------------------------------------------------------\
 |                                                                            |
 |  yosys -- Yosys Open SYnthesis Suite                                       |
 |                                                                            |
 |  Copyright (C) 2012 - 2020  Claire Xenia Wolf <claire@yosyshq.com>         |
 |                                                                            |
 |  Permission to use, copy, modify, and/or distribute this software for any  |
 |  purpose with or without fee is hereby granted, provided that the above    |
 |  copyright notice and this permission notice appear in all copies.         |
 |                                                                            |
 |  THE SOFTWARE IS PROVIDED "AS IS" AND THE AUTHOR DISCLAIMS ALL WARRANTIES  |
 |  WITH REGARD TO THIS SOFTWARE INCLUDING ALL IMPLIED WARRANTIES OF          |
 |  MERCHANTABILITY AND FITNESS. IN NO EVENT SHALL THE AUTHOR BE LIABLE FOR   |
 |  ANY SPECIAL, DIRECT, INDIRECT, OR CONSEQUENTIAL DAMAGES OR ANY DAMAGES    |
 |  WHATSOEVER RESULTING FROM LOSS OF USE, DATA OR PROFITS, WHETHER IN AN     |
 |  ACTION OF CONTRACT, NEGLIGENCE OR OTHER TORTIOUS ACTION, ARISING OUT OF   |
 |  OR IN CONNECTION WITH THE USE OR PERFORMANCE OF THIS SOFTWARE.            |
 |                                                                            |
 \----------------------------------------------------------------------------/

 Yosys 0.33 (git sha1 2584903a060)


-- Executing script file `flow/synth_controller.ys' --

1. Executing Verilog-2005 frontend: rtl/x8_controller.v
Parsing SystemVerilog input from `rtl/x8_controller.v' to AST representation.
Generating RTLIL representation for module `\x8_controller'.
Successfully finished Verilog frontend.

2. Executing HIERARCHY pass (managing design hierarchy).

2.1. Analyzing design hierarchy..
Top module:  \x8_controller

2.2. Analyzing design hierarchy..
Top module:  \x8_controller
Removed 0 unused modules.

3. Executing SYNTH pass.

3.1. Executing HIERARCHY pass (managing design hierarchy).

3.1.1. Analyzing design hierarchy..
Top module:  \x8_controller

3.1.2. Analyzing design hierarchy..
Top module:  \x8_controller
Removed 0 unused modules.

3.2. Executing PROC pass (convert processes to netlists).

3.2.1. Executing PROC_CLEAN pass (remove empty switches from decision trees).
Cleaned up 0 empty switches.

3.2.2. Executing PROC_RMDEAD pass (remove dead branches from decision trees).
Marked 14 switch rules as full_case in process $proc$rtl/x8_controller.v:27$12 in module x8_controller.
Marked 1 switch rules as full_case in process $proc$rtl/x8_controller.v:24$10 in module x8_controller.
Removed a total of 0 dead cases.

3.2.3. Executing PROC_PRUNE pass (remove redundant assignments in processes).
Removed 10 redundant assignments.
Promoted 12 assignments to connections.

3.2.4. Executing PROC_INIT pass (extract init attributes).

3.2.5. Executing PROC_ARST pass (detect async resets in processes).
Found async reset \rst_n in `\x8_controller.$proc$rtl/x8_controller.v:27$12'.

3.2.6. Executing PROC_ROM pass (convert switches to ROMs).
Converted 1 switch.
<suppressed ~18 debug messages>

3.2.7. Executing PROC_MUX pass (convert decision trees to multiplexers).
Creating decoders for process `\x8_controller.$proc$rtl/x8_controller.v:27$12'.
     1/67: $3\phase_last$func$rtl/x8_controller.v:67$8.$result[7:0]$109
     2/67: $9$lookahead\state_bank_seen$11[1:0]$104
     3/67: $8$lookahead\state_bank_seen$11[1:0]$91
     4/67: $4$bitselwrite$data$rtl/x8_controller.v:58$6[1:0]$89
     5/67: $4$bitselwrite$mask$rtl/x8_controller.v:58$5[1:0]$88
     6/67: $4$bitselwrite$sel$rtl/x8_controller.v:58$7[0:0]$90
     7/67: $7$lookahead\state_bank_seen$11[1:0]$86
     8/67: $3$bitselwrite$sel$rtl/x8_controller.v:58$7[0:0]$85
     9/67: $3$bitselwrite$data$rtl/x8_controller.v:58$6[1:0]$84
    10/67: $3$bitselwrite$mask$rtl/x8_controller.v:58$5[1:0]$83
    11/67: $6$lookahead\state_bank_seen$11[1:0]$80
    12/67: $5$lookahead\state_bank_seen$11[1:0]$69
    13/67: $4$bitselwrite$data$rtl/x8_controller.v:50$3[1:0]$67
    14/67: $4$bitselwrite$mask$rtl/x8_controller.v:50$2[1:0]$66
    15/67: $4$bitselwrite$sel$rtl/x8_controller.v:50$4[0:0]$68
    16/67: $4$lookahead\state_bank_seen$11[1:0]$64
    17/67: $3$bitselwrite$sel$rtl/x8_controller.v:50$4[0:0]$63
    18/67: $3$bitselwrite$data$rtl/x8_controller.v:50$3[1:0]$62
    19/67: $3$bitselwrite$mask$rtl/x8_controller.v:50$2[1:0]$61
    20/67: $4\b[31:0]
    21/67: $0\weight_rd_addr[47:0] [47:40]
    22/67: $0\weight_rd_addr[47:0] [39:32]
    23/67: $0\weight_rd_addr[47:0] [31:24]
    24/67: $0\weight_rd_addr[47:0] [23:16]
    25/67: $0\weight_rd_addr[47:0] [15:8]
    26/67: $0\weight_rd_addr[47:0] [7:0]
    27/67: $3$lookahead\state_bank_seen$11[1:0]$42
    28/67: $2$lookahead\state_bank_seen$11[1:0]$41
    29/67: $2\phase_last$func$rtl/x8_controller.v:67$8.p[3:0]$40
    30/67: $2\phase_last$func$rtl/x8_controller.v:67$8.$result[7:0]$39
    31/67: $2$bitselwrite$sel$rtl/x8_controller.v:58$7[0:0]$38
    32/67: $2$bitselwrite$data$rtl/x8_controller.v:58$6[1:0]$37
    33/67: $2$bitselwrite$mask$rtl/x8_controller.v:58$5[1:0]$36
    34/67: $2$bitselwrite$sel$rtl/x8_controller.v:50$4[0:0]$35
    35/67: $2$bitselwrite$data$rtl/x8_controller.v:50$3[1:0]$34
    36/67: $2$bitselwrite$mask$rtl/x8_controller.v:50$2[1:0]$33
    37/67: $2\b[31:0]
    38/67: $1$lookahead\state_bank_seen$11[1:0]$31
    39/67: $1\phase_last$func$rtl/x8_controller.v:67$8.p[3:0]$30
    40/67: $1\phase_last$func$rtl/x8_controller.v:67$8.$result[7:0]$29
    41/67: $1$bitselwrite$sel$rtl/x8_controller.v:58$7[0:0]$28
    42/67: $1$bitselwrite$data$rtl/x8_controller.v:58$6[1:0]$27
    43/67: $1$bitselwrite$mask$rtl/x8_controller.v:58$5[1:0]$26
    44/67: $1$bitselwrite$sel$rtl/x8_controller.v:50$4[0:0]$25
    45/67: $1$bitselwrite$data$rtl/x8_controller.v:50$3[1:0]$24
    46/67: $1$bitselwrite$mask$rtl/x8_controller.v:50$2[1:0]$23
    47/67: $1\b[31:0]
    48/67: $0\residual_valid[0:0]
    49/67: $0\norm_valid[0:0]
    50/67: $0\o_input_valid[0:0]
    51/67: $0\state_wr_en[0:0]
    52/67: $0\state_rd_en[0:0]
    53/67: $0\conv_valid[0:0]
    54/67: $0\mac1_valid[0:0]
    55/67: $0\mac0_valid[0:0]
    56/67: $0\weight_rd_en[5:0]
    57/67: $0\done[0:0]
    58/67: $0\state_p2_complete[0:0]
    59/67: $0\current_state_bank[0:0]
    60/67: $0\bank_seen[5:0]
    61/67: $0\state_row[6:0]
    62/67: $0\state_wr_bank[0:0]
    63/67: $0\state_rd_bank[0:0]
    64/67: $3\b[31:0]
    65/67: $0\phase_cycle[7:0]
    66/67: $0\phase[3:0]
    67/67: $0\busy[0:0]
Creating decoders for process `\x8_controller.$proc$rtl/x8_controller.v:24$10'.
     1/1: $1\matrix_base[7:0]

3.2.8. Executing PROC_DLATCH pass (convert process syncs to latches).
No latch inferred for signal `\x8_controller.\matrix_base' from process `\x8_controller.$proc$rtl/x8_controller.v:24$10'.

3.2.9. Executing PROC_DFF pass (convert process syncs to FFs).
Creating register for signal `\x8_controller.\busy' using process `\x8_controller.$proc$rtl/x8_controller.v:27$12'.
  created $adff cell `$procdff$589' with positive edge clock and negative level reset.
Creating register for signal `\x8_controller.\done' using process `\x8_controller.$proc$rtl/x8_controller.v:27$12'.
  created $adff cell `$procdff$590' with positive edge clock and negative level reset.
Creating register for signal `\x8_controller.\phase' using process `\x8_controller.$proc$rtl/x8_controller.v:27$12'.
  created $adff cell `$procdff$591' with positive edge clock and negative level reset.
Creating register for signal `\x8_controller.\phase_cycle' using process `\x8_controller.$proc$rtl/x8_controller.v:27$12'.
  created $adff cell `$procdff$592' with positive edge clock and negative level reset.
Creating register for signal `\x8_controller.\weight_rd_en' using process `\x8_controller.$proc$rtl/x8_controller.v:27$12'.
  created $adff cell `$procdff$593' with positive edge clock and negative level reset.
Creating register for signal `\x8_controller.\weight_rd_addr' using process `\x8_controller.$proc$rtl/x8_controller.v:27$12'.
  created $adff cell `$procdff$594' with positive edge clock and negative level reset.
Creating register for signal `\x8_controller.\mac0_valid' using process `\x8_controller.$proc$rtl/x8_controller.v:27$12'.
  created $adff cell `$procdff$595' with positive edge clock and negative level reset.
Creating register for signal `\x8_controller.\mac1_valid' using process `\x8_controller.$proc$rtl/x8_controller.v:27$12'.
  created $adff cell `$procdff$596' with positive edge clock and negative level reset.
Creating register for signal `\x8_controller.\conv_valid' using process `\x8_controller.$proc$rtl/x8_controller.v:27$12'.
  created $adff cell `$procdff$597' with positive edge clock and negative level reset.
Creating register for signal `\x8_controller.\state_rd_en' using process `\x8_controller.$proc$rtl/x8_controller.v:27$12'.
  created $adff cell `$procdff$598' with positive edge clock and negative level reset.
Creating register for signal `\x8_controller.\state_wr_en' using process `\x8_controller.$proc$rtl/x8_controller.v:27$12'.
  created $adff cell `$procdff$599' with positive edge clock and negative level reset.
Creating register for signal `\x8_controller.\state_rd_bank' using process `\x8_controller.$proc$rtl/x8_controller.v:27$12'.
  created $adff cell `$procdff$600' with positive edge clock and negative level reset.
Creating register for signal `\x8_controller.\state_wr_bank' using process `\x8_controller.$proc$rtl/x8_controller.v:27$12'.
  created $adff cell `$procdff$601' with positive edge clock and negative level reset.
Creating register for signal `\x8_controller.\state_row' using process `\x8_controller.$proc$rtl/x8_controller.v:27$12'.
  created $adff cell `$procdff$602' with positive edge clock and negative level reset.
Creating register for signal `\x8_controller.\o_input_valid' using process `\x8_controller.$proc$rtl/x8_controller.v:27$12'.
  created $adff cell `$procdff$603' with positive edge clock and negative level reset.
Creating register for signal `\x8_controller.\norm_valid' using process `\x8_controller.$proc$rtl/x8_controller.v:27$12'.
  created $adff cell `$procdff$604' with positive edge clock and negative level reset.
Creating register for signal `\x8_controller.\residual_valid' using process `\x8_controller.$proc$rtl/x8_controller.v:27$12'.
  created $adff cell `$procdff$605' with positive edge clock and negative level reset.
Creating register for signal `\x8_controller.\bank_seen' using process `\x8_controller.$proc$rtl/x8_controller.v:27$12'.
  created $adff cell `$procdff$606' with positive edge clock and negative level reset.
Creating register for signal `\x8_controller.\state_bank_seen' using process `\x8_controller.$proc$rtl/x8_controller.v:27$12'.
  created $adff cell `$procdff$607' with positive edge clock and negative level reset.
Creating register for signal `\x8_controller.\current_state_bank' using process `\x8_controller.$proc$rtl/x8_controller.v:27$12'.
  created $adff cell `$procdff$608' with positive edge clock and negative level reset.
Creating register for signal `\x8_controller.\state_p2_complete' using process `\x8_controller.$proc$rtl/x8_controller.v:27$12'.
  created $adff cell `$procdff$609' with positive edge clock and negative level reset.
Creating register for signal `\x8_controller.\b' using process `\x8_controller.$proc$rtl/x8_controller.v:27$12'.
  created $dff cell `$procdff$612' with positive edge clock.
Creating register for signal `\x8_controller.$bitselwrite$mask$rtl/x8_controller.v:50$2' using process `\x8_controller.$proc$rtl/x8_controller.v:27$12'.
  created $adff cell `$procdff$613' with positive edge clock and negative level reset.
Creating register for signal `\x8_controller.$bitselwrite$data$rtl/x8_controller.v:50$3' using process `\x8_controller.$proc$rtl/x8_controller.v:27$12'.
  created $adff cell `$procdff$614' with positive edge clock and negative level reset.
Creating register for signal `\x8_controller.$bitselwrite$sel$rtl/x8_controller.v:50$4' using process `\x8_controller.$proc$rtl/x8_controller.v:27$12'.
  created $adff cell `$procdff$615' with positive edge clock and negative level reset.
Creating register for signal `\x8_controller.$bitselwrite$mask$rtl/x8_controller.v:58$5' using process `\x8_controller.$proc$rtl/x8_controller.v:27$12'.
  created $adff cell `$procdff$616' with positive edge clock and negative level reset.
Creating register for signal `\x8_controller.$bitselwrite$data$rtl/x8_controller.v:58$6' using process `\x8_controller.$proc$rtl/x8_controller.v:27$12'.
  created $adff cell `$procdff$617' with positive edge clock and negative level reset.
Creating register for signal `\x8_controller.$bitselwrite$sel$rtl/x8_controller.v:58$7' using process `\x8_controller.$proc$rtl/x8_controller.v:27$12'.
  created $adff cell `$procdff$618' with positive edge clock and negative level reset.
Creating register for signal `\x8_controller.\phase_last$func$rtl/x8_controller.v:67$8.$result' using process `\x8_controller.$proc$rtl/x8_controller.v:27$12'.
  created $adff cell `$procdff$619' with positive edge clock and negative level reset.
Creating register for signal `\x8_controller.\phase_last$func$rtl/x8_controller.v:67$8.p' using process `\x8_controller.$proc$rtl/x8_controller.v:27$12'.
  created $adff cell `$procdff$620' with positive edge clock and negative level reset.
Creating register for signal `\x8_controller.$lookahead\state_bank_seen$11' using process `\x8_controller.$proc$rtl/x8_controller.v:27$12'.
  created $adff cell `$procdff$621' with positive edge clock and negative level reset.

3.2.10. Executing PROC_MEMWR pass (convert process memory writes to cells).

3.2.11. Executing PROC_CLEAN pass (remove empty switches from decision trees).
Found and cleaned up 18 empty switches in `\x8_controller.$proc$rtl/x8_controller.v:27$12'.
Removing empty process `x8_controller.$proc$rtl/x8_controller.v:27$12'.
Found and cleaned up 1 empty switch in `\x8_controller.$proc$rtl/x8_controller.v:24$10'.
Removing empty process `x8_controller.$proc$rtl/x8_controller.v:24$10'.
Cleaned up 19 empty switches.

3.2.12. Executing OPT_EXPR pass (perform const folding).
Optimizing module x8_controller.
<suppressed ~59 debug messages>

3.3. Executing OPT_EXPR pass (perform const folding).
Optimizing module x8_controller.
<suppressed ~4 debug messages>

3.4. Executing OPT_CLEAN pass (remove unused cells and wires).
Finding unused cells or wires in module \x8_controller..
Removed 58 unused cells and 292 unused wires.
<suppressed ~65 debug messages>

3.5. Executing CHECK pass (checking for obvious problems).
Checking module x8_controller...
Found and reported 0 problems.

3.6. Executing OPT pass (performing simple optimizations).

3.6.1. Executing OPT_EXPR pass (perform const folding).
Optimizing module x8_controller.

3.6.2. Executing OPT_MERGE pass (detect identical cells).
Finding identical cells in module `\x8_controller'.
<suppressed ~108 debug messages>
Removed a total of 36 cells.

3.6.3. Executing OPT_MUXTREE pass (detect dead branches in mux trees).
Running muxtree optimizer on module \x8_controller..
  Creating internal representation of mux trees.
  Evaluating internal representation of mux trees.
      Replacing known input bits on port A of cell $procmux$579: \busy -> 1'0
  Analyzing evaluation results.
    dead port 2/2 on $mux $procmux$125.
    dead port 2/2 on $mux $procmux$131.
    dead port 2/2 on $mux $procmux$134.
    dead port 2/2 on $mux $procmux$167.
    dead port 2/2 on $mux $procmux$197.
    dead port 2/2 on $mux $procmux$200.
    dead port 2/2 on $mux $procmux$233.
    dead port 1/2 on $mux $procmux$320.
Removed 8 multiplexer ports.
<suppressed ~33 debug messages>

3.6.4. Executing OPT_REDUCE pass (consolidate $*mux and $reduce_* inputs).
  Optimizing cells in module \x8_controller.
    New ctrl vector for $pmux cell $procmux$565: $auto$opt_reduce.cc:134:opt_pmux$623
  Optimizing cells in module \x8_controller.
Performed a total of 1 changes.

3.6.5. Executing OPT_MERGE pass (detect identical cells).
Finding identical cells in module `\x8_controller'.
<suppressed ~12 debug messages>
Removed a total of 4 cells.

3.6.6. Executing OPT_DFF pass (perform DFF optimizations).

3.6.7. Executing OPT_CLEAN pass (remove unused cells and wires).
Finding unused cells or wires in module \x8_controller..
Removed 0 unused cells and 47 unused wires.
<suppressed ~1 debug messages>

3.6.8. Executing OPT_EXPR pass (perform const folding).
Optimizing module x8_controller.

3.6.9. Rerunning OPT passes. (Maybe there is more to do..)

3.6.10. Executing OPT_MUXTREE pass (detect dead branches in mux trees).
Running muxtree optimizer on module \x8_controller..
  Creating internal representation of mux trees.
  Evaluating internal representation of mux trees.
  Analyzing evaluation results.
Removed 0 multiplexer ports.
<suppressed ~33 debug messages>

3.6.11. Executing OPT_REDUCE pass (consolidate $*mux and $reduce_* inputs).
  Optimizing cells in module \x8_controller.
Performed a total of 0 changes.

3.6.12. Executing OPT_MERGE pass (detect identical cells).
Finding identical cells in module `\x8_controller'.
Removed a total of 0 cells.

3.6.13. Executing OPT_DFF pass (perform DFF optimizations).

3.6.14. Executing OPT_CLEAN pass (remove unused cells and wires).
Finding unused cells or wires in module \x8_controller..

3.6.15. Executing OPT_EXPR pass (perform const folding).
Optimizing module x8_controller.

3.6.16. Finished OPT passes. (There is nothing left to do.)

3.7. Executing FSM pass (extract and optimize FSM).

3.7.1. Executing FSM_DETECT pass (finding FSMs in design).
Not marking x8_controller.bank_seen as FSM state register:
    Register is connected to module port.
    Users of register don't seem to benefit from recoding.
Not marking x8_controller.phase as FSM state register:
    Register is connected to module port.
    Users of register don't seem to benefit from recoding.
Not marking x8_controller.weight_rd_en as FSM state register:
    Register is connected to module port.
    Users of register don't seem to benefit from recoding.

3.7.2. Executing FSM_EXTRACT pass (extracting FSM from design).

3.7.3. Executing FSM_OPT pass (simple optimizations of FSMs).

3.7.4. Executing OPT_CLEAN pass (remove unused cells and wires).
Finding unused cells or wires in module \x8_controller..

3.7.5. Executing FSM_OPT pass (simple optimizations of FSMs).

3.7.6. Executing FSM_RECODE pass (re-assigning FSM state encoding).

3.7.7. Executing FSM_INFO pass (dumping all available information on FSM cells).

3.7.8. Executing FSM_MAP pass (mapping FSMs to basic logic).

3.8. Executing OPT pass (performing simple optimizations).

3.8.1. Executing OPT_EXPR pass (perform const folding).
Optimizing module x8_controller.

3.8.2. Executing OPT_MERGE pass (detect identical cells).
Finding identical cells in module `\x8_controller'.
Removed a total of 0 cells.

3.8.3. Executing OPT_MUXTREE pass (detect dead branches in mux trees).
Running muxtree optimizer on module \x8_controller..
  Creating internal representation of mux trees.
  Evaluating internal representation of mux trees.
  Analyzing evaluation results.
Removed 0 multiplexer ports.
<suppressed ~33 debug messages>

3.8.4. Executing OPT_REDUCE pass (consolidate $*mux and $reduce_* inputs).
  Optimizing cells in module \x8_controller.
Performed a total of 0 changes.

3.8.5. Executing OPT_MERGE pass (detect identical cells).
Finding identical cells in module `\x8_controller'.
Removed a total of 0 cells.

3.8.6. Executing OPT_DFF pass (perform DFF optimizations).
Adding EN signal on $procdff$609 ($adff) from module x8_controller (D = $0\state_p2_complete[0:0], Q = \state_p2_complete).
Adding EN signal on $procdff$608 ($adff) from module x8_controller (D = $not$rtl/x8_controller.v:53$81_Y, Q = \current_state_bank).
Adding EN signal on $procdff$607 ($adff) from module x8_controller (D = $0$lookahead\state_bank_seen$11[1:0]$21, Q = \state_bank_seen).
Adding EN signal on $procdff$606 ($adff) from module x8_controller (D = $0\bank_seen[5:0], Q = \bank_seen).
Adding EN signal on $procdff$602 ($adff) from module x8_controller (D = $procmux$484_Y, Q = \state_row).
Adding EN signal on $procdff$601 ($adff) from module x8_controller (D = $procmux$493_Y, Q = \state_wr_bank).
Adding EN signal on $procdff$600 ($adff) from module x8_controller (D = $procmux$514_Y, Q = \state_rd_bank).
Adding EN signal on $procdff$594 ($adff) from module x8_controller (D = { $add$rtl/x8_controller.v:42$51_Y $add$rtl/x8_controller.v:42$51_Y $add$rtl/x8_controller.v:42$51_Y $add$rtl/x8_controller.v:42$51_Y $add$rtl/x8_controller.v:42$51_Y $add$rtl/x8_controller.v:42$51_Y }, Q = \weight_rd_addr).
Adding EN signal on $procdff$592 ($adff) from module x8_controller (D = $0\phase_cycle[7:0], Q = \phase_cycle).
Adding EN signal on $procdff$591 ($adff) from module x8_controller (D = $0\phase[3:0], Q = \phase).

3.8.7. Executing OPT_CLEAN pass (remove unused cells and wires).
Finding unused cells or wires in module \x8_controller..
Removed 24 unused cells and 19 unused wires.
<suppressed ~25 debug messages>

3.8.8. Executing OPT_EXPR pass (perform const folding).
Optimizing module x8_controller.
<suppressed ~6 debug messages>

3.8.9. Rerunning OPT passes. (Maybe there is more to do..)

3.8.10. Executing OPT_MUXTREE pass (detect dead branches in mux trees).
Running muxtree optimizer on module \x8_controller..
  Creating internal representation of mux trees.
  Evaluating internal representation of mux trees.
  Analyzing evaluation results.
Removed 0 multiplexer ports.
<suppressed ~26 debug messages>

3.8.11. Executing OPT_REDUCE pass (consolidate $*mux and $reduce_* inputs).
  Optimizing cells in module \x8_controller.
Performed a total of 0 changes.

3.8.12. Executing OPT_MERGE pass (detect identical cells).
Finding identical cells in module `\x8_controller'.
<suppressed ~12 debug messages>
Removed a total of 4 cells.

3.8.13. Executing OPT_DFF pass (perform DFF optimizations).

3.8.14. Executing OPT_CLEAN pass (remove unused cells and wires).
Finding unused cells or wires in module \x8_controller..
Removed 0 unused cells and 4 unused wires.
<suppressed ~1 debug messages>

3.8.15. Executing OPT_EXPR pass (perform const folding).
Optimizing module x8_controller.

3.8.16. Rerunning OPT passes. (Maybe there is more to do..)

3.8.17. Executing OPT_MUXTREE pass (detect dead branches in mux trees).
Running muxtree optimizer on module \x8_controller..
  Creating internal representation of mux trees.
  Evaluating internal representation of mux trees.
  Analyzing evaluation results.
Removed 0 multiplexer ports.
<suppressed ~26 debug messages>

3.8.18. Executing OPT_REDUCE pass (consolidate $*mux and $reduce_* inputs).
  Optimizing cells in module \x8_controller.
Performed a total of 0 changes.

3.8.19. Executing OPT_MERGE pass (detect identical cells).
Finding identical cells in module `\x8_controller'.
Removed a total of 0 cells.

3.8.20. Executing OPT_DFF pass (perform DFF optimizations).

3.8.21. Executing OPT_CLEAN pass (remove unused cells and wires).
Finding unused cells or wires in module \x8_controller..

3.8.22. Executing OPT_EXPR pass (perform const folding).
Optimizing module x8_controller.

3.8.23. Finished OPT passes. (There is nothing left to do.)

3.9. Executing WREDUCE pass (reducing word size of cells).
Removed top 28 address bits (of 32) from memory init port x8_controller.$auto$mem.cc:319:emit$116 ($auto$proc_rom.cc:150:do_switch$114).
Removed top 3 bits (of 4) from port B of cell x8_controller.$eq$rtl/x8_controller.v:38$43 ($eq).
Removed top 2 bits (of 4) from port B of cell x8_controller.$eq$rtl/x8_controller.v:38$44 ($eq).
Removed top 2 bits (of 4) from port B of cell x8_controller.$eq$rtl/x8_controller.v:38$46 ($eq).
Removed top 26 bits (of 32) from port B of cell x8_controller.$lt$rtl/x8_controller.v:40$50 ($lt).
Removed top 1 bits (of 2) from port B of cell x8_controller.$auto$opt_dff.cc:195:make_patterns_logic$628 ($ne).
Removed top 1 bits (of 3) from port B of cell x8_controller.$auto$opt_dff.cc:195:make_patterns_logic$630 ($ne).
Removed top 1 bits (of 4) from port B of cell x8_controller.$eq$rtl/x8_controller.v:47$60 ($eq).
Removed top 4 bits (of 8) from port B of cell x8_controller.$eq$rtl/x8_controller.v:50$65 ($eq).
Removed top 30 bits (of 32) from port A of cell x8_controller.$neg$rtl/x8_controller.v:0$71 ($neg).
Converting cell x8_controller.$neg$rtl/x8_controller.v:0$71 ($neg) from signed to unsigned.
Removed top 1 bits (of 2) from port A of cell x8_controller.$neg$rtl/x8_controller.v:0$71 ($neg).
Removed top 30 bits (of 32) from port Y of cell x8_controller.$shift$rtl/x8_controller.v:0$75 ($shift).
Removed top 1 bits (of 4) from port B of cell x8_controller.$eq$rtl/x8_controller.v:52$79 ($eq).
Removed top 1 bits (of 4) from port B of cell x8_controller.$eq$rtl/x8_controller.v:56$82 ($eq).
Removed top 7 bits (of 8) from port B of cell x8_controller.$eq$rtl/x8_controller.v:58$87 ($eq).
Removed top 30 bits (of 32) from port A of cell x8_controller.$neg$rtl/x8_controller.v:0$95 ($neg).
Converting cell x8_controller.$neg$rtl/x8_controller.v:0$95 ($neg) from signed to unsigned.
Removed top 1 bits (of 2) from port A of cell x8_controller.$neg$rtl/x8_controller.v:0$95 ($neg).
Removed top 30 bits (of 32) from port Y of cell x8_controller.$shift$rtl/x8_controller.v:0$99 ($shift).
Removed top 1 bits (of 4) from port B of cell x8_controller.$eq$rtl/x8_controller.v:60$103 ($eq).
Removed top 1 bits (of 8) from port B of cell x8_controller.$eq$rtl/x8_controller.v:63$106 ($eq).
Removed top 1 bits (of 2) from port B of cell x8_controller.$auto$opt_dff.cc:195:make_patterns_logic$643 ($ne).
Removed top 1 bits (of 3) from port B of cell x8_controller.$auto$opt_dff.cc:195:make_patterns_logic$645 ($ne).
Removed top 1 bits (of 2) from port B of cell x8_controller.$auto$opt_dff.cc:195:make_patterns_logic$665 ($ne).
Removed top 30 bits (of 32) from wire x8_controller.$shift$rtl/x8_controller.v:0$75_Y.
Removed top 30 bits (of 32) from wire x8_controller.$shift$rtl/x8_controller.v:0$99_Y.

3.10. Executing PEEPOPT pass (run peephole optimizers).

3.11. Executing OPT_CLEAN pass (remove unused cells and wires).
Finding unused cells or wires in module \x8_controller..
Removed 0 unused cells and 2 unused wires.
<suppressed ~1 debug messages>

3.12. Executing ALUMACC pass (create $alu and $macc cells).
Extracting $alu and $macc cells in module x8_controller:
  creating $macc model for $add$rtl/x8_controller.v:42$51 ($add).
  creating $macc model for $add$rtl/x8_controller.v:76$112 ($add).
  creating $macc model for $neg$rtl/x8_controller.v:0$71 ($neg).
  creating $macc model for $neg$rtl/x8_controller.v:0$95 ($neg).
  creating $alu model for $macc $neg$rtl/x8_controller.v:0$95.
  creating $alu model for $macc $neg$rtl/x8_controller.v:0$71.
  creating $alu model for $macc $add$rtl/x8_controller.v:76$112.
  creating $alu model for $macc $add$rtl/x8_controller.v:42$51.
  creating $alu model for $lt$rtl/x8_controller.v:40$50 ($lt): new $alu
  creating $alu cell for $lt$rtl/x8_controller.v:40$50: $auto$alumacc.cc:485:replace_alu$671
  creating $alu cell for $add$rtl/x8_controller.v:42$51: $auto$alumacc.cc:485:replace_alu$682
  creating $alu cell for $add$rtl/x8_controller.v:76$112: $auto$alumacc.cc:485:replace_alu$685
  creating $alu cell for $neg$rtl/x8_controller.v:0$71: $auto$alumacc.cc:485:replace_alu$688
  creating $alu cell for $neg$rtl/x8_controller.v:0$95: $auto$alumacc.cc:485:replace_alu$691
  created 5 $alu and 0 $macc cells.

3.13. Executing SHARE pass (SAT-based resource sharing).

3.14. Executing OPT pass (performing simple optimizations).

3.14.1. Executing OPT_EXPR pass (perform const folding).
Optimizing module x8_controller.
<suppressed ~2 debug messages>

3.14.2. Executing OPT_MERGE pass (detect identical cells).
Finding identical cells in module `\x8_controller'.
<suppressed ~6 debug messages>
Removed a total of 2 cells.

3.14.3. Executing OPT_MUXTREE pass (detect dead branches in mux trees).
Running muxtree optimizer on module \x8_controller..
  Creating internal representation of mux trees.
  Evaluating internal representation of mux trees.
  Analyzing evaluation results.
Removed 0 multiplexer ports.
<suppressed ~26 debug messages>

3.14.4. Executing OPT_REDUCE pass (consolidate $*mux and $reduce_* inputs).
  Optimizing cells in module \x8_controller.
Performed a total of 0 changes.

3.14.5. Executing OPT_MERGE pass (detect identical cells).
Finding identical cells in module `\x8_controller'.
Removed a total of 0 cells.

3.14.6. Executing OPT_DFF pass (perform DFF optimizations).

3.14.7. Executing OPT_CLEAN pass (remove unused cells and wires).
Finding unused cells or wires in module \x8_controller..
Removed 0 unused cells and 3 unused wires.
<suppressed ~1 debug messages>

3.14.8. Executing OPT_EXPR pass (perform const folding).
Optimizing module x8_controller.

3.14.9. Rerunning OPT passes. (Maybe there is more to do..)

3.14.10. Executing OPT_MUXTREE pass (detect dead branches in mux trees).
Running muxtree optimizer on module \x8_controller..
  Creating internal representation of mux trees.
  Evaluating internal representation of mux trees.
  Analyzing evaluation results.
Removed 0 multiplexer ports.
<suppressed ~26 debug messages>

3.14.11. Executing OPT_REDUCE pass (consolidate $*mux and $reduce_* inputs).
  Optimizing cells in module \x8_controller.
Performed a total of 0 changes.

3.14.12. Executing OPT_MERGE pass (detect identical cells).
Finding identical cells in module `\x8_controller'.
Removed a total of 0 cells.

3.14.13. Executing OPT_DFF pass (perform DFF optimizations).

3.14.14. Executing OPT_CLEAN pass (remove unused cells and wires).
Finding unused cells or wires in module \x8_controller..

3.14.15. Executing OPT_EXPR pass (perform const folding).
Optimizing module x8_controller.

3.14.16. Finished OPT passes. (There is nothing left to do.)

3.15. Executing MEMORY pass.

3.15.1. Executing OPT_MEM pass (optimize memories).
x8_controller.$auto$proc_rom.cc:150:do_switch$114: removing const-0 lane 7
Performed a total of 1 transformations.

3.15.2. Executing OPT_MEM_PRIORITY pass (removing unnecessary memory write priority relations).
Performed a total of 0 transformations.

3.15.3. Executing OPT_MEM_FEEDBACK pass (finding memory read-to-write feedback paths).

3.15.4. Executing MEMORY_BMUX2ROM pass (converting muxes to ROMs).

3.15.5. Executing MEMORY_DFF pass (merging $dff cells to $memrd).
Checking read port `$auto$proc_rom.cc:150:do_switch$114'[0] in module `\x8_controller': no output FF found.
Checking read port address `$auto$proc_rom.cc:150:do_switch$114'[0] in module `\x8_controller': address FF has async set and/or reset, not supported.

3.15.6. Executing OPT_CLEAN pass (remove unused cells and wires).
Finding unused cells or wires in module \x8_controller..

3.15.7. Executing MEMORY_SHARE pass (consolidating $memrd/$memwr cells).

3.15.8. Executing OPT_MEM_WIDEN pass (optimize memories where all ports are wide).
Performed a total of 0 transformations.

3.15.9. Executing OPT_CLEAN pass (remove unused cells and wires).
Finding unused cells or wires in module \x8_controller..

3.15.10. Executing MEMORY_COLLECT pass (generating $mem cells).

3.16. Executing OPT_CLEAN pass (remove unused cells and wires).
Finding unused cells or wires in module \x8_controller..

3.17. Executing OPT pass (performing simple optimizations).

3.17.1. Executing OPT_EXPR pass (perform const folding).
Optimizing module x8_controller.
<suppressed ~39 debug messages>

3.17.2. Executing OPT_MERGE pass (detect identical cells).
Finding identical cells in module `\x8_controller'.
Removed a total of 0 cells.

3.17.3. Executing OPT_DFF pass (perform DFF optimizations).

3.17.4. Executing OPT_CLEAN pass (remove unused cells and wires).
Finding unused cells or wires in module \x8_controller..
Removed 2 unused cells and 22 unused wires.
<suppressed ~3 debug messages>

3.17.5. Finished fast OPT passes.

3.18. Executing MEMORY_MAP pass (converting memories to logic and flip-flops).
Mapping memory $auto$proc_rom.cc:150:do_switch$114 in module \x8_controller:
  created 16 $dff cells and 0 static cells of width 7.
  read interface: 0 $dff and 15 $mux cells.
  write interface: 0 write mux blocks.

3.19. Executing OPT pass (performing simple optimizations).

3.19.1. Executing OPT_EXPR pass (perform const folding).
Optimizing module x8_controller.
<suppressed ~5 debug messages>

3.19.2. Executing OPT_MERGE pass (detect identical cells).
Finding identical cells in module `\x8_controller'.
Removed a total of 0 cells.

3.19.3. Executing OPT_MUXTREE pass (detect dead branches in mux trees).
Running muxtree optimizer on module \x8_controller..
  Creating internal representation of mux trees.
  Evaluating internal representation of mux trees.
  Analyzing evaluation results.
Removed 0 multiplexer ports.
<suppressed ~16 debug messages>

3.19.4. Executing OPT_REDUCE pass (consolidate $*mux and $reduce_* inputs).
  Optimizing cells in module \x8_controller.
    Consolidated identical input bits for $mux cell $memory$auto$proc_rom.cc:150:do_switch$114$rdmux[0][3][4]$733:
      Old ports: A=7'1010101, B=7'0010111, Y=$memory$auto$proc_rom.cc:150:do_switch$114$rdmux[0][2][2]$a$716
      New ports: A=2'10, B=2'01, Y={ $memory$auto$proc_rom.cc:150:do_switch$114$rdmux[0][2][2]$a$716 [6] $memory$auto$proc_rom.cc:150:do_switch$114$rdmux[0][2][2]$a$716 [1] }
      New connections: { $memory$auto$proc_rom.cc:150:do_switch$114$rdmux[0][2][2]$a$716 [5:2] $memory$auto$proc_rom.cc:150:do_switch$114$rdmux[0][2][2]$a$716 [0] } = 5'01011
    Consolidated identical input bits for $mux cell $memory$auto$proc_rom.cc:150:do_switch$114$rdmux[0][3][0]$721:
      Old ports: A=7'0000000, B=7'1010101, Y=$memory$auto$proc_rom.cc:150:do_switch$114$rdmux[0][2][0]$a$710
      New ports: A=1'0, B=1'1, Y=$memory$auto$proc_rom.cc:150:do_switch$114$rdmux[0][2][0]$a$710 [0]
      New connections: $memory$auto$proc_rom.cc:150:do_switch$114$rdmux[0][2][0]$a$710 [6:1] = { $memory$auto$proc_rom.cc:150:do_switch$114$rdmux[0][2][0]$a$710 [0] 1'0 $memory$auto$proc_rom.cc:150:do_switch$114$rdmux[0][2][0]$a$710 [0] 1'0 $memory$auto$proc_rom.cc:150:do_switch$114$rdmux[0][2][0]$a$710 [0] 1'0 }
    Consolidated identical input bits for $mux cell $memory$auto$proc_rom.cc:150:do_switch$114$rdmux[0][3][3]$730:
      Old ports: A=7'0000001, B=7'1111111, Y=$memory$auto$proc_rom.cc:150:do_switch$114$rdmux[0][2][1]$b$714
      New ports: A=1'0, B=1'1, Y=$memory$auto$proc_rom.cc:150:do_switch$114$rdmux[0][2][1]$b$714 [1]
      New connections: { $memory$auto$proc_rom.cc:150:do_switch$114$rdmux[0][2][1]$b$714 [6:2] $memory$auto$proc_rom.cc:150:do_switch$114$rdmux[0][2][1]$b$714 [0] } = { $memory$auto$proc_rom.cc:150:do_switch$114$rdmux[0][2][1]$b$714 [1] $memory$auto$proc_rom.cc:150:do_switch$114$rdmux[0][2][1]$b$714 [1] $memory$auto$proc_rom.cc:150:do_switch$114$rdmux[0][2][1]$b$714 [1] $memory$auto$proc_rom.cc:150:do_switch$114$rdmux[0][2][1]$b$714 [1] $memory$auto$proc_rom.cc:150:do_switch$114$rdmux[0][2][1]$b$714 [1] 1'1 }
    Consolidated identical input bits for $mux cell $memory$auto$proc_rom.cc:150:do_switch$114$rdmux[0][3][5]$736:
      Old ports: A=7'0000111, B=7'0000000, Y=$memory$auto$proc_rom.cc:150:do_switch$114$rdmux[0][2][2]$b$717
      New ports: A=1'1, B=1'0, Y=$memory$auto$proc_rom.cc:150:do_switch$114$rdmux[0][2][2]$b$717 [0]
      New connections: $memory$auto$proc_rom.cc:150:do_switch$114$rdmux[0][2][2]$b$717 [6:1] = { 4'0000 $memory$auto$proc_rom.cc:150:do_switch$114$rdmux[0][2][2]$b$717 [0] $memory$auto$proc_rom.cc:150:do_switch$114$rdmux[0][2][2]$b$717 [0] }
    Consolidated identical input bits for $mux cell $procmux$420:
      Old ports: A=6'111111, B=6'000000, Y=$procmux$420_Y
      New ports: A=1'1, B=1'0, Y=$procmux$420_Y [0]
      New connections: $procmux$420_Y [5:1] = { $procmux$420_Y [0] $procmux$420_Y [0] $procmux$420_Y [0] $procmux$420_Y [0] $procmux$420_Y [0] }
    Consolidated identical input bits for $mux cell $memory$auto$proc_rom.cc:150:do_switch$114$rdmux[0][3][2]$727:
      Old ports: A=7'0001001, B=7'1111111, Y=$memory$auto$proc_rom.cc:150:do_switch$114$rdmux[0][2][1]$a$713
      New ports: A=1'0, B=1'1, Y=$memory$auto$proc_rom.cc:150:do_switch$114$rdmux[0][2][1]$a$713 [1]
      New connections: { $memory$auto$proc_rom.cc:150:do_switch$114$rdmux[0][2][1]$a$713 [6:2] $memory$auto$proc_rom.cc:150:do_switch$114$rdmux[0][2][1]$a$713 [0] } = { $memory$auto$proc_rom.cc:150:do_switch$114$rdmux[0][2][1]$a$713 [1] $memory$auto$proc_rom.cc:150:do_switch$114$rdmux[0][2][1]$a$713 [1] $memory$auto$proc_rom.cc:150:do_switch$114$rdmux[0][2][1]$a$713 [1] 1'1 $memory$auto$proc_rom.cc:150:do_switch$114$rdmux[0][2][1]$a$713 [1] 1'1 }
    Consolidated identical input bits for $mux cell $procmux$466:
      Old ports: A=6'000000, B=6'111111, Y=$0\bank_seen[5:0]
      New ports: A=1'0, B=1'1, Y=$0\bank_seen[5:0] [0]
      New connections: $0\bank_seen[5:0] [5:1] = { $0\bank_seen[5:0] [0] $0\bank_seen[5:0] [0] $0\bank_seen[5:0] [0] $0\bank_seen[5:0] [0] $0\bank_seen[5:0] [0] }
    Consolidated identical input bits for $pmux cell $procmux$584:
      Old ports: A=8'10101100, B=2840193, Y=\matrix_base
      New ports: A=6'101100, B=24'000000001011010110100001, Y={ \matrix_base [7] \matrix_base [4:0] }
      New connections: \matrix_base [6:5] = \matrix_base [4:3]
  Optimizing cells in module \x8_controller.
    Consolidated identical input bits for $mux cell $memory$auto$proc_rom.cc:150:do_switch$114$rdmux[0][2][2]$715:
      Old ports: A=$memory$auto$proc_rom.cc:150:do_switch$114$rdmux[0][2][2]$a$716, B=$memory$auto$proc_rom.cc:150:do_switch$114$rdmux[0][2][2]$b$717, Y=$memory$auto$proc_rom.cc:150:do_switch$114$rdmux[0][1][1]$a$707
      New ports: A={ $memory$auto$proc_rom.cc:150:do_switch$114$rdmux[0][2][2]$a$716 [6] 1'1 $memory$auto$proc_rom.cc:150:do_switch$114$rdmux[0][2][2]$a$716 [1] 1'1 }, B={ 2'00 $memory$auto$proc_rom.cc:150:do_switch$114$rdmux[0][2][2]$b$717 [0] $memory$auto$proc_rom.cc:150:do_switch$114$rdmux[0][2][2]$b$717 [0] }, Y={ $memory$auto$proc_rom.cc:150:do_switch$114$rdmux[0][1][1]$a$707 [6] $memory$auto$proc_rom.cc:150:do_switch$114$rdmux[0][1][1]$a$707 [4] $memory$auto$proc_rom.cc:150:do_switch$114$rdmux[0][1][1]$a$707 [1:0] }
      New connections: { $memory$auto$proc_rom.cc:150:do_switch$114$rdmux[0][1][1]$a$707 [5] $memory$auto$proc_rom.cc:150:do_switch$114$rdmux[0][1][1]$a$707 [3:2] } = { 2'00 $memory$auto$proc_rom.cc:150:do_switch$114$rdmux[0][1][1]$a$707 [0] }
    Consolidated identical input bits for $mux cell $memory$auto$proc_rom.cc:150:do_switch$114$rdmux[0][2][1]$712:
      Old ports: A=$memory$auto$proc_rom.cc:150:do_switch$114$rdmux[0][2][1]$a$713, B=$memory$auto$proc_rom.cc:150:do_switch$114$rdmux[0][2][1]$b$714, Y=$memory$auto$proc_rom.cc:150:do_switch$114$rdmux[0][1][0]$b$705
      New ports: A={ 1'1 $memory$auto$proc_rom.cc:150:do_switch$114$rdmux[0][2][1]$a$713 [1] }, B={ $memory$auto$proc_rom.cc:150:do_switch$114$rdmux[0][2][1]$b$714 [1] $memory$auto$proc_rom.cc:150:do_switch$114$rdmux[0][2][1]$b$714 [1] }, Y={ $memory$auto$proc_rom.cc:150:do_switch$114$rdmux[0][1][0]$b$705 [3] $memory$auto$proc_rom.cc:150:do_switch$114$rdmux[0][1][0]$b$705 [1] }
      New connections: { $memory$auto$proc_rom.cc:150:do_switch$114$rdmux[0][1][0]$b$705 [6:4] $memory$auto$proc_rom.cc:150:do_switch$114$rdmux[0][1][0]$b$705 [2] $memory$auto$proc_rom.cc:150:do_switch$114$rdmux[0][1][0]$b$705 [0] } = { $memory$auto$proc_rom.cc:150:do_switch$114$rdmux[0][1][0]$b$705 [1] $memory$auto$proc_rom.cc:150:do_switch$114$rdmux[0][1][0]$b$705 [1] $memory$auto$proc_rom.cc:150:do_switch$114$rdmux[0][1][0]$b$705 [1] $memory$auto$proc_rom.cc:150:do_switch$114$rdmux[0][1][0]$b$705 [1] 1'1 }
    Consolidated identical input bits for $mux cell $memory$auto$proc_rom.cc:150:do_switch$114$rdmux[0][2][0]$709:
      Old ports: A=$memory$auto$proc_rom.cc:150:do_switch$114$rdmux[0][2][0]$a$710, B=7'1010101, Y=$memory$auto$proc_rom.cc:150:do_switch$114$rdmux[0][1][0]$a$704
      New ports: A=$memory$auto$proc_rom.cc:150:do_switch$114$rdmux[0][2][0]$a$710 [0], B=1'1, Y=$memory$auto$proc_rom.cc:150:do_switch$114$rdmux[0][1][0]$a$704 [0]
      New connections: $memory$auto$proc_rom.cc:150:do_switch$114$rdmux[0][1][0]$a$704 [6:1] = { $memory$auto$proc_rom.cc:150:do_switch$114$rdmux[0][1][0]$a$704 [0] 1'0 $memory$auto$proc_rom.cc:150:do_switch$114$rdmux[0][1][0]$a$704 [0] 1'0 $memory$auto$proc_rom.cc:150:do_switch$114$rdmux[0][1][0]$a$704 [0] 1'0 }
    Consolidated identical input bits for $mux cell $procmux$422:
      Old ports: A=6'000000, B=$procmux$420_Y, Y=$procmux$422_Y
      New ports: A=1'0, B=$procmux$420_Y [0], Y=$procmux$422_Y [0]
      New connections: $procmux$422_Y [5:1] = { $procmux$422_Y [0] $procmux$422_Y [0] $procmux$422_Y [0] $procmux$422_Y [0] $procmux$422_Y [0] }
  Optimizing cells in module \x8_controller.
    Consolidated identical input bits for $mux cell $memory$auto$proc_rom.cc:150:do_switch$114$rdmux[0][1][1]$706:
      Old ports: A=$memory$auto$proc_rom.cc:150:do_switch$114$rdmux[0][1][1]$a$707, B=7'0000000, Y=$memory$auto$proc_rom.cc:150:do_switch$114$rdmux[0][0][0]$b$702
      New ports: A={ $memory$auto$proc_rom.cc:150:do_switch$114$rdmux[0][1][1]$a$707 [6] $memory$auto$proc_rom.cc:150:do_switch$114$rdmux[0][1][1]$a$707 [4] $memory$auto$proc_rom.cc:150:do_switch$114$rdmux[0][1][1]$a$707 [1:0] }, B=4'0000, Y={ $memory$auto$proc_rom.cc:150:do_switch$114$rdmux[0][0][0]$b$702 [6] $memory$auto$proc_rom.cc:150:do_switch$114$rdmux[0][0][0]$b$702 [4] $memory$auto$proc_rom.cc:150:do_switch$114$rdmux[0][0][0]$b$702 [1:0] }
      New connections: { $memory$auto$proc_rom.cc:150:do_switch$114$rdmux[0][0][0]$b$702 [5] $memory$auto$proc_rom.cc:150:do_switch$114$rdmux[0][0][0]$b$702 [3:2] } = { 2'00 $memory$auto$proc_rom.cc:150:do_switch$114$rdmux[0][0][0]$b$702 [0] }
    Consolidated identical input bits for $mux cell $memory$auto$proc_rom.cc:150:do_switch$114$rdmux[0][1][0]$703:
      Old ports: A=$memory$auto$proc_rom.cc:150:do_switch$114$rdmux[0][1][0]$a$704, B=$memory$auto$proc_rom.cc:150:do_switch$114$rdmux[0][1][0]$b$705, Y=$memory$auto$proc_rom.cc:150:do_switch$114$rdmux[0][0][0]$a$701
      New ports: A={ 1'0 $memory$auto$proc_rom.cc:150:do_switch$114$rdmux[0][1][0]$a$704 [0] 1'0 $memory$auto$proc_rom.cc:150:do_switch$114$rdmux[0][1][0]$a$704 [0] }, B={ $memory$auto$proc_rom.cc:150:do_switch$114$rdmux[0][1][0]$b$705 [3] $memory$auto$proc_rom.cc:150:do_switch$114$rdmux[0][1][0]$b$705 [1] $memory$auto$proc_rom.cc:150:do_switch$114$rdmux[0][1][0]$b$705 [1] 1'1 }, Y=$memory$auto$proc_rom.cc:150:do_switch$114$rdmux[0][0][0]$a$701 [3:0]
      New connections: $memory$auto$proc_rom.cc:150:do_switch$114$rdmux[0][0][0]$a$701 [6:4] = { $memory$auto$proc_rom.cc:150:do_switch$114$rdmux[0][0][0]$a$701 [2:1] $memory$auto$proc_rom.cc:150:do_switch$114$rdmux[0][0][0]$a$701 [2] }
    Consolidated identical input bits for $mux cell $procmux$425:
      Old ports: A=6'000000, B=$procmux$422_Y, Y=$0\weight_rd_en[5:0]
      New ports: A=1'0, B=$procmux$422_Y [0], Y=$0\weight_rd_en[5:0] [0]
      New connections: $0\weight_rd_en[5:0] [5:1] = { $0\weight_rd_en[5:0] [0] $0\weight_rd_en[5:0] [0] $0\weight_rd_en[5:0] [0] $0\weight_rd_en[5:0] [0] $0\weight_rd_en[5:0] [0] }
  Optimizing cells in module \x8_controller.
Performed a total of 15 changes.

3.19.5. Executing OPT_MERGE pass (detect identical cells).
Finding identical cells in module `\x8_controller'.
<suppressed ~6 debug messages>
Removed a total of 2 cells.

3.19.6. Executing OPT_SHARE pass.

3.19.7. Executing OPT_DFF pass (perform DFF optimizations).

3.19.8. Executing OPT_CLEAN pass (remove unused cells and wires).
Finding unused cells or wires in module \x8_controller..
Removed 0 unused cells and 23 unused wires.
<suppressed ~1 debug messages>

3.19.9. Executing OPT_EXPR pass (perform const folding).
Optimizing module x8_controller.
<suppressed ~7 debug messages>

3.19.10. Rerunning OPT passes. (Maybe there is more to do..)

3.19.11. Executing OPT_MUXTREE pass (detect dead branches in mux trees).
Running muxtree optimizer on module \x8_controller..
  Creating internal representation of mux trees.
  Evaluating internal representation of mux trees.
  Analyzing evaluation results.
Removed 0 multiplexer ports.
<suppressed ~14 debug messages>

3.19.12. Executing OPT_REDUCE pass (consolidate $*mux and $reduce_* inputs).
  Optimizing cells in module \x8_controller.
    Consolidated identical input bits for $mux cell $memory$auto$proc_rom.cc:150:do_switch$114$rdmux[0][2][1]$712:
      Old ports: A={ 1'1 $memory$auto$proc_rom.cc:150:do_switch$114$rdmux[0][2][0]$a$710 [6] }, B={ $memory$auto$proc_rom.cc:150:do_switch$114$rdmux[0][2][0]$a$710 [6] $memory$auto$proc_rom.cc:150:do_switch$114$rdmux[0][2][0]$a$710 [6] }, Y={ $memory$auto$proc_rom.cc:150:do_switch$114$rdmux[0][1][0]$b$705 [3] $memory$auto$proc_rom.cc:150:do_switch$114$rdmux[0][1][0]$b$705 [6] }
      New ports: A=1'1, B=\phase [0], Y=$memory$auto$proc_rom.cc:150:do_switch$114$rdmux[0][1][0]$b$705 [3]
      New connections: $memory$auto$proc_rom.cc:150:do_switch$114$rdmux[0][1][0]$b$705 [6] = \phase [0]
  Optimizing cells in module \x8_controller.
Performed a total of 1 changes.

3.19.13. Executing OPT_MERGE pass (detect identical cells).
Finding identical cells in module `\x8_controller'.
<suppressed ~3 debug messages>
Removed a total of 1 cells.

3.19.14. Executing OPT_SHARE pass.

3.19.15. Executing OPT_DFF pass (perform DFF optimizations).

3.19.16. Executing OPT_CLEAN pass (remove unused cells and wires).
Finding unused cells or wires in module \x8_controller..
Removed 0 unused cells and 3 unused wires.
<suppressed ~1 debug messages>

3.19.17. Executing OPT_EXPR pass (perform const folding).
Optimizing module x8_controller.

3.19.18. Rerunning OPT passes. (Maybe there is more to do..)

3.19.19. Executing OPT_MUXTREE pass (detect dead branches in mux trees).
Running muxtree optimizer on module \x8_controller..
  Creating internal representation of mux trees.
  Evaluating internal representation of mux trees.
  Analyzing evaluation results.
Removed 0 multiplexer ports.
<suppressed ~14 debug messages>

3.19.20. Executing OPT_REDUCE pass (consolidate $*mux and $reduce_* inputs).
  Optimizing cells in module \x8_controller.
Performed a total of 0 changes.

3.19.21. Executing OPT_MERGE pass (detect identical cells).
Finding identical cells in module `\x8_controller'.
Removed a total of 0 cells.

3.19.22. Executing OPT_SHARE pass.

3.19.23. Executing OPT_DFF pass (perform DFF optimizations).

3.19.24. Executing OPT_CLEAN pass (remove unused cells and wires).
Finding unused cells or wires in module \x8_controller..

3.19.25. Executing OPT_EXPR pass (perform const folding).
Optimizing module x8_controller.

3.19.26. Finished OPT passes. (There is nothing left to do.)

3.20. Executing TECHMAP pass (map to technology primitives).

3.20.1. Executing Verilog-2005 frontend: /usr/bin/../share/yosys/techmap.v
Parsing Verilog input from `/usr/bin/../share/yosys/techmap.v' to AST representation.
Generating RTLIL representation for module `\_90_simplemap_bool_ops'.
Generating RTLIL representation for module `\_90_simplemap_reduce_ops'.
Generating RTLIL representation for module `\_90_simplemap_logic_ops'.
Generating RTLIL representation for module `\_90_simplemap_compare_ops'.
Generating RTLIL representation for module `\_90_simplemap_various'.
Generating RTLIL representation for module `\_90_simplemap_registers'.
Generating RTLIL representation for module `\_90_shift_ops_shr_shl_sshl_sshr'.
Generating RTLIL representation for module `\_90_shift_shiftx'.
Generating RTLIL representation for module `\_90_fa'.
Generating RTLIL representation for module `\_90_lcu'.
Generating RTLIL representation for module `\_90_alu'.
Generating RTLIL representation for module `\_90_macc'.
Generating RTLIL representation for module `\_90_alumacc'.
Generating RTLIL representation for module `\$__div_mod_u'.
Generating RTLIL representation for module `\$__div_mod_trunc'.
Generating RTLIL representation for module `\_90_div'.
Generating RTLIL representation for module `\_90_mod'.
Generating RTLIL representation for module `\$__div_mod_floor'.
Generating RTLIL representation for module `\_90_divfloor'.
Generating RTLIL representation for module `\_90_modfloor'.
Generating RTLIL representation for module `\_90_pow'.
Generating RTLIL representation for module `\_90_pmux'.
Generating RTLIL representation for module `\_90_demux'.
Generating RTLIL representation for module `\_90_lut'.
Successfully finished Verilog frontend.

3.20.2. Continuing TECHMAP pass.
Using extmapper simplemap for cells of type $logic_not.
Using extmapper simplemap for cells of type $adffe.
Using extmapper simplemap for cells of type $not.
Using extmapper simplemap for cells of type $or.
Using extmapper simplemap for cells of type $eq.
Using extmapper simplemap for cells of type $logic_or.
Using template $paramod$f3115659d5e2977ebd2cb01ff3557fc5f6187689\_90_pmux for cells of type $pmux.
Using template $paramod$a1bc51c02ce12ac21eb18988e83292af48ed7d72\_90_alu for cells of type $alu.
Using template $paramod$c3cd1564c35d873179656addd6052d7ea8b6d991\_90_alu for cells of type $alu.
Using extmapper simplemap for cells of type $reduce_bool.
Using extmapper simplemap for cells of type $ne.
Using template $paramod$1bd36706f1a7d45f895b4092e58acf8aa3de2db6\_90_alu for cells of type $alu.
Using template $paramod$constmap:6cbb036f9c3277f3c4e4ee63602f245cfae168d8$paramod$41a8fd742b837fb82ab05575fc618cfc4f544228\_90_shift_shiftx for cells of type $shift.
Using extmapper simplemap for cells of type $mux.
Using template $paramod$5bb6c3f3e4a5303115f41a182fad517280ea0b25\_90_alu for cells of type $alu.
Using extmapper simplemap for cells of type $and.
Using extmapper simplemap for cells of type $reduce_and.
Using extmapper simplemap for cells of type $reduce_or.
Using template $paramod$4d45682f6d5f8751d24fc75184ef72226da353f7\_90_pmux for cells of type $pmux.
Using extmapper simplemap for cells of type $adff.
Using extmapper simplemap for cells of type $pos.
Using template $paramod\_90_lcu\WIDTH=32'00000000000000000000000000001000 for cells of type $lcu.
Using extmapper simplemap for cells of type $xor.
Using template $paramod\_90_lcu\WIDTH=32'00000000000000000000000000100000 for cells of type $lcu.
Using template $paramod\_90_lcu\WIDTH=32'00000000000000000000000000000110 for cells of type $lcu.
No more expansions possible.
<suppressed ~1427 debug messages>

3.21. Executing OPT pass (performing simple optimizations).

3.21.1. Executing OPT_EXPR pass (perform const folding).
Optimizing module x8_controller.
<suppressed ~1066 debug messages>

3.21.2. Executing OPT_MERGE pass (detect identical cells).
Finding identical cells in module `\x8_controller'.
<suppressed ~558 debug messages>
Removed a total of 186 cells.

3.21.3. Executing OPT_DFF pass (perform DFF optimizations).

3.21.4. Executing OPT_CLEAN pass (remove unused cells and wires).
Finding unused cells or wires in module \x8_controller..
Removed 33 unused cells and 780 unused wires.
<suppressed ~34 debug messages>

3.21.5. Finished fast OPT passes.

3.22. Executing ABC pass (technology mapping using ABC).

3.22.1. Extracting gate netlist of module `\x8_controller' to `<abc-temp-dir>/input.blif'..
Extracted 377 gates and 405 wires to a netlist network with 26 inputs and 49 outputs.

3.22.1.1. Executing ABC.
Running ABC command: "<yosys-exe-dir>/yosys-abc" -s -f <abc-temp-dir>/abc.script 2>&1
ABC: ABC command line: "source <abc-temp-dir>/abc.script".
ABC: 
ABC: + read_blif <abc-temp-dir>/input.blif 
ABC: + read_library <abc-temp-dir>/stdcells.genlib 
ABC: Entered genlib library with 13 gates from file "<abc-temp-dir>/stdcells.genlib".
ABC: + strash 
ABC: + dretime 
ABC: + map 
ABC: + write_blif <abc-temp-dir>/output.blif 

3.22.1.2. Re-integrating ABC results.
ABC RESULTS:               AND cells:       16
ABC RESULTS:               MUX cells:       55
ABC RESULTS:               NOT cells:       14
ABC RESULTS:             ORNOT cells:       11
ABC RESULTS:              XNOR cells:        3
ABC RESULTS:                OR cells:       67
ABC RESULTS:              NAND cells:        7
ABC RESULTS:               NOR cells:       21
ABC RESULTS:            ANDNOT cells:       81
ABC RESULTS:               XOR cells:       27
ABC RESULTS:        internal signals:      330
ABC RESULTS:           input signals:       26
ABC RESULTS:          output signals:       49
Removing temp directory.

3.23. Executing OPT pass (performing simple optimizations).

3.23.1. Executing OPT_EXPR pass (perform const folding).
Optimizing module x8_controller.
<suppressed ~29 debug messages>

3.23.2. Executing OPT_MERGE pass (detect identical cells).
Finding identical cells in module `\x8_controller'.
<suppressed ~6 debug messages>
Removed a total of 2 cells.

3.23.3. Executing OPT_DFF pass (perform DFF optimizations).

3.23.4. Executing OPT_CLEAN pass (remove unused cells and wires).
Finding unused cells or wires in module \x8_controller..
Removed 0 unused cells and 245 unused wires.
<suppressed ~1 debug messages>

3.23.5. Finished fast OPT passes.

3.24. Executing HIERARCHY pass (managing design hierarchy).

3.24.1. Analyzing design hierarchy..
Top module:  \x8_controller

3.24.2. Analyzing design hierarchy..
Top module:  \x8_controller
Removed 0 unused modules.

3.25. Printing statistics.

=== x8_controller ===

   Number of wires:                308
   Number of wire bits:            450
   Number of public wires:          26
   Number of public wire bits:     107
   Number of memories:               0
   Number of memory bits:            0
   Number of processes:              0
   Number of cells:                344
     $_ANDNOT_                      80
     $_AND_                         15
     $_DFFE_PN0P_                   33
     $_DFFE_PN1P_                    1
     $_DFF_PN0_                     10
     $_MUX_                         55
     $_NAND_                         7
     $_NOR_                         21
     $_NOT_                         14
     $_ORNOT_                       11
     $_OR_                          67
     $_XNOR_                         3
     $_XOR_                         27

3.26. Executing CHECK pass (checking for obvious problems).
Checking module x8_controller...
Found and reported 0 problems.

4. Executing DFFLIBMAP pass (mapping DFF cells to sequential cells from liberty file).
Warning: Found unsupported expression 'SE*SI+D*!SE' in pin attribute of cell 'SDFFRS_X1' - skipping.
Warning: Found unsupported expression 'SE*SI+D*!SE' in pin attribute of cell 'SDFFRS_X2' - skipping.
Warning: Found unsupported expression 'SE*SI+D*!SE' in pin attribute of cell 'SDFFR_X1' - skipping.
Warning: Found unsupported expression 'SE*SI+D*!SE' in pin attribute of cell 'SDFFR_X2' - skipping.
Warning: Found unsupported expression 'SE*SI+D*!SE' in pin attribute of cell 'SDFFS_X1' - skipping.
Warning: Found unsupported expression 'SE*SI+D*!SE' in pin attribute of cell 'SDFFS_X2' - skipping.
Warning: Found unsupported expression 'SE*SI+D*!SE' in pin attribute of cell 'SDFF_X1' - skipping.
Warning: Found unsupported expression 'SE*SI+D*!SE' in pin attribute of cell 'SDFF_X2' - skipping.
  cell DFF_X1 (noninv, pins=4, area=4.52) is a direct match for cell type $_DFF_P_.
Warning: Found unsupported expression 'SE*SI+D*!SE' in pin attribute of cell 'SDFFRS_X1' - skipping.
Warning: Found unsupported expression 'SE*SI+D*!SE' in pin attribute of cell 'SDFFRS_X2' - skipping.
Warning: Found unsupported expression 'SE*SI+D*!SE' in pin attribute of cell 'SDFFR_X1' - skipping.
Warning: Found unsupported expression 'SE*SI+D*!SE' in pin attribute of cell 'SDFFR_X2' - skipping.
Warning: Found unsupported expression 'SE*SI+D*!SE' in pin attribute of cell 'SDFFS_X1' - skipping.
Warning: Found unsupported expression 'SE*SI+D*!SE' in pin attribute of cell 'SDFFS_X2' - skipping.
Warning: Found unsupported expression 'SE*SI+D*!SE' in pin attribute of cell 'SDFF_X1' - skipping.
Warning: Found unsupported expression 'SE*SI+D*!SE' in pin attribute of cell 'SDFF_X2' - skipping.
  cell DFFR_X1 (noninv, pins=5, area=5.32) is a direct match for cell type $_DFF_PN0_.
Warning: Found unsupported expression 'SE*SI+D*!SE' in pin attribute of cell 'SDFFRS_X1' - skipping.
Warning: Found unsupported expression 'SE*SI+D*!SE' in pin attribute of cell 'SDFFRS_X2' - skipping.
Warning: Found unsupported expression 'SE*SI+D*!SE' in pin attribute of cell 'SDFFR_X1' - skipping.
Warning: Found unsupported expression 'SE*SI+D*!SE' in pin attribute of cell 'SDFFR_X2' - skipping.
Warning: Found unsupported expression 'SE*SI+D*!SE' in pin attribute of cell 'SDFFS_X1' - skipping.
Warning: Found unsupported expression 'SE*SI+D*!SE' in pin attribute of cell 'SDFFS_X2' - skipping.
Warning: Found unsupported expression 'SE*SI+D*!SE' in pin attribute of cell 'SDFF_X1' - skipping.
Warning: Found unsupported expression 'SE*SI+D*!SE' in pin attribute of cell 'SDFF_X2' - skipping.
  cell DFFS_X1 (noninv, pins=5, area=5.32) is a direct match for cell type $_DFF_PN1_.
Warning: Found unsupported expression 'SE*SI+D*!SE' in pin attribute of cell 'SDFFRS_X1' - skipping.
Warning: Found unsupported expression 'SE*SI+D*!SE' in pin attribute of cell 'SDFFRS_X2' - skipping.
Warning: Found unsupported expression 'SE*SI+D*!SE' in pin attribute of cell 'SDFFR_X1' - skipping.
Warning: Found unsupported expression 'SE*SI+D*!SE' in pin attribute of cell 'SDFFR_X2' - skipping.
Warning: Found unsupported expression 'SE*SI+D*!SE' in pin attribute of cell 'SDFFS_X1' - skipping.
Warning: Found unsupported expression 'SE*SI+D*!SE' in pin attribute of cell 'SDFFS_X2' - skipping.
Warning: Found unsupported expression 'SE*SI+D*!SE' in pin attribute of cell 'SDFF_X1' - skipping.
Warning: Found unsupported expression 'SE*SI+D*!SE' in pin attribute of cell 'SDFF_X2' - skipping.
Warning: Found unsupported expression 'SE*SI+D*!SE' in pin attribute of cell 'SDFFRS_X1' - skipping.
Warning: Found unsupported expression 'SE*SI+D*!SE' in pin attribute of cell 'SDFFRS_X2' - skipping.
Warning: Found unsupported expression 'SE*SI+D*!SE' in pin attribute of cell 'SDFFR_X1' - skipping.
Warning: Found unsupported expression 'SE*SI+D*!SE' in pin attribute of cell 'SDFFR_X2' - skipping.
Warning: Found unsupported expression 'SE*SI+D*!SE' in pin attribute of cell 'SDFFS_X1' - skipping.
Warning: Found unsupported expression 'SE*SI+D*!SE' in pin attribute of cell 'SDFFS_X2' - skipping.
Warning: Found unsupported expression 'SE*SI+D*!SE' in pin attribute of cell 'SDFF_X1' - skipping.
Warning: Found unsupported expression 'SE*SI+D*!SE' in pin attribute of cell 'SDFF_X2' - skipping.
Warning: Found unsupported expression 'SE*SI+D*!SE' in pin attribute of cell 'SDFFRS_X1' - skipping.
Warning: Found unsupported expression 'SE*SI+D*!SE' in pin attribute of cell 'SDFFRS_X2' - skipping.
Warning: Found unsupported expression 'SE*SI+D*!SE' in pin attribute of cell 'SDFFR_X1' - skipping.
Warning: Found unsupported expression 'SE*SI+D*!SE' in pin attribute of cell 'SDFFR_X2' - skipping.
Warning: Found unsupported expression 'SE*SI+D*!SE' in pin attribute of cell 'SDFFS_X1' - skipping.
Warning: Found unsupported expression 'SE*SI+D*!SE' in pin attribute of cell 'SDFFS_X2' - skipping.
Warning: Found unsupported expression 'SE*SI+D*!SE' in pin attribute of cell 'SDFF_X1' - skipping.
Warning: Found unsupported expression 'SE*SI+D*!SE' in pin attribute of cell 'SDFF_X2' - skipping.
  cell DFFRS_X1 (noninv, pins=6, area=6.38) is a direct match for cell type $_DFFSR_PNN_.
Warning: Found unsupported expression 'SE*SI+D*!SE' in pin attribute of cell 'SDFFRS_X1' - skipping.
Warning: Found unsupported expression 'SE*SI+D*!SE' in pin attribute of cell 'SDFFRS_X2' - skipping.
Warning: Found unsupported expression 'SE*SI+D*!SE' in pin attribute of cell 'SDFFR_X1' - skipping.
Warning: Found unsupported expression 'SE*SI+D*!SE' in pin attribute of cell 'SDFFR_X2' - skipping.
Warning: Found unsupported expression 'SE*SI+D*!SE' in pin attribute of cell 'SDFFS_X1' - skipping.
Warning: Found unsupported expression 'SE*SI+D*!SE' in pin attribute of cell 'SDFFS_X2' - skipping.
Warning: Found unsupported expression 'SE*SI+D*!SE' in pin attribute of cell 'SDFF_X1' - skipping.
Warning: Found unsupported expression 'SE*SI+D*!SE' in pin attribute of cell 'SDFF_X2' - skipping.
Warning: Found unsupported expression 'SE*SI+D*!SE' in pin attribute of cell 'SDFFRS_X1' - skipping.
Warning: Found unsupported expression 'SE*SI+D*!SE' in pin attribute of cell 'SDFFRS_X2' - skipping.
Warning: Found unsupported expression 'SE*SI+D*!SE' in pin attribute of cell 'SDFFR_X1' - skipping.
Warning: Found unsupported expression 'SE*SI+D*!SE' in pin attribute of cell 'SDFFR_X2' - skipping.
Warning: Found unsupported expression 'SE*SI+D*!SE' in pin attribute of cell 'SDFFS_X1' - skipping.
Warning: Found unsupported expression 'SE*SI+D*!SE' in pin attribute of cell 'SDFFS_X2' - skipping.
Warning: Found unsupported expression 'SE*SI+D*!SE' in pin attribute of cell 'SDFF_X1' - skipping.
Warning: Found unsupported expression 'SE*SI+D*!SE' in pin attribute of cell 'SDFF_X2' - skipping.
Warning: Found unsupported expression 'SE*SI+D*!SE' in pin attribute of cell 'SDFFRS_X1' - skipping.
Warning: Found unsupported expression 'SE*SI+D*!SE' in pin attribute of cell 'SDFFRS_X2' - skipping.
Warning: Found unsupported expression 'SE*SI+D*!SE' in pin attribute of cell 'SDFFR_X1' - skipping.
Warning: Found unsupported expression 'SE*SI+D*!SE' in pin attribute of cell 'SDFFR_X2' - skipping.
Warning: Found unsupported expression 'SE*SI+D*!SE' in pin attribute of cell 'SDFFS_X1' - skipping.
Warning: Found unsupported expression 'SE*SI+D*!SE' in pin attribute of cell 'SDFFS_X2' - skipping.
Warning: Found unsupported expression 'SE*SI+D*!SE' in pin attribute of cell 'SDFF_X1' - skipping.
Warning: Found unsupported expression 'SE*SI+D*!SE' in pin attribute of cell 'SDFF_X2' - skipping.
  final dff cell mappings:
    unmapped dff cell: $_DFF_N_
    \DFF_X1 _DFF_P_ (.CK( C), .D( D), .Q( Q), .QN(~Q));
    unmapped dff cell: $_DFF_NN0_
    unmapped dff cell: $_DFF_NN1_
    unmapped dff cell: $_DFF_NP0_
    unmapped dff cell: $_DFF_NP1_
    \DFFR_X1 _DFF_PN0_ (.CK( C), .D( D), .Q( Q), .QN(~Q), .RN( R));
    \DFFS_X1 _DFF_PN1_ (.CK( C), .D( D), .Q( Q), .QN(~Q), .SN( R));
    unmapped dff cell: $_DFF_PP0_
    unmapped dff cell: $_DFF_PP1_
    unmapped dff cell: $_DFFSR_NNN_
    unmapped dff cell: $_DFFSR_NNP_
    unmapped dff cell: $_DFFSR_NPN_
    unmapped dff cell: $_DFFSR_NPP_
    \DFFRS_X1 _DFFSR_PNN_ (.CK( C), .D( D), .Q( Q), .QN(~Q), .RN( R), .SN( S));
    unmapped dff cell: $_DFFSR_PNP_
    unmapped dff cell: $_DFFSR_PPN_
    unmapped dff cell: $_DFFSR_PPP_

4.1. Executing DFFLEGALIZE pass (convert FFs to types supported by the target).
Mapping DFF cells in module `\x8_controller':
  mapped 43 $_DFF_PN0_ cells to \DFFR_X1 cells.
  mapped 1 $_DFF_PN1_ cells to \DFFS_X1 cells.

5. Executing ABC pass (technology mapping using ABC).

5.1. Extracting gate netlist of module `\x8_controller' to `<abc-temp-dir>/input.blif'..
Extracted 334 gates and 381 wires to a netlist network with 47 inputs and 44 outputs.

5.1.1. Executing ABC.
Running ABC command: "<yosys-exe-dir>/yosys-abc" -s -f <abc-temp-dir>/abc.script 2>&1
ABC: ABC command line: "source <abc-temp-dir>/abc.script".
ABC: 
ABC: + read_blif <abc-temp-dir>/input.blif 
ABC: + read_lib -w /home/kit/OpenROAD-flow-scripts/flow/platforms/nangate45/lib/NangateOpenCellLibrary_typical.lib 
ABC: Parsing finished successfully.  Parsing time =     0.03 sec
ABC: Scl_LibertyReadGenlib() skipped cell "ANTENNA_X1" due to dont_use attribute.
ABC: Scl_LibertyReadGenlib() skipped cell "CLKGATETST_X1" without logic function.
ABC: Scl_LibertyReadGenlib() skipped cell "CLKGATETST_X2" without logic function.
ABC: Scl_LibertyReadGenlib() skipped cell "CLKGATETST_X4" without logic function.
ABC: Scl_LibertyReadGenlib() skipped cell "CLKGATETST_X8" without logic function.
ABC: Scl_LibertyReadGenlib() skipped cell "CLKGATE_X1" without logic function.
ABC: Scl_LibertyReadGenlib() skipped cell "CLKGATE_X2" without logic function.
ABC: Scl_LibertyReadGenlib() skipped cell "CLKGATE_X4" without logic function.
ABC: Scl_LibertyReadGenlib() skipped cell "CLKGATE_X8" without logic function.
ABC: Scl_LibertyReadGenlib() skipped sequential cell "DFFRS_X1".
ABC: Scl_LibertyReadGenlib() skipped sequential cell "DFFRS_X2".
ABC: Scl_LibertyReadGenlib() skipped sequential cell "DFFR_X1".
ABC: Scl_LibertyReadGenlib() skipped sequential cell "DFFR_X2".
ABC: Scl_LibertyReadGenlib() skipped sequential cell "DFFS_X1".
ABC: Scl_LibertyReadGenlib() skipped sequential cell "DFFS_X2".
ABC: Scl_LibertyReadGenlib() skipped sequential cell "DFF_X1".
ABC: Scl_LibertyReadGenlib() skipped sequential cell "DFF_X2".
ABC: Scl_LibertyReadGenlib() skipped sequential cell "DLH_X1".
ABC: Scl_LibertyReadGenlib() skipped sequential cell "DLH_X2".
ABC: Scl_LibertyReadGenlib() skipped sequential cell "DLL_X1".
ABC: Scl_LibertyReadGenlib() skipped sequential cell "DLL_X2".
ABC: Scl_LibertyReadGenlib() skipped cell "FILLCELL_X1" due to dont_use attribute.
ABC: Scl_LibertyReadGenlib() skipped cell "TAPCELL_X1" due to dont_use attribute.
ABC: Scl_LibertyReadGenlib() skipped cell "FILLCELL_X2" due to dont_use attribute.
ABC: Scl_LibertyReadGenlib() skipped cell "FILLCELL_X4" due to dont_use attribute.
ABC: Scl_LibertyReadGenlib() skipped cell "FILLCELL_X8" due to dont_use attribute.
ABC: Scl_LibertyReadGenlib() skipped cell "FILLCELL_X16" due to dont_use attribute.
ABC: Scl_LibertyReadGenlib() skipped cell "FILLCELL_X32" due to dont_use attribute.
ABC: Scl_LibertyReadGenlib() skipped cell "LOGIC0_X1" due to dont_use attribute.
ABC: Scl_LibertyReadGenlib() skipped cell "LOGIC1_X1" due to dont_use attribute.
ABC: Scl_LibertyReadGenlib() skipped sequential cell "SDFFRS_X1".
ABC: Scl_LibertyReadGenlib() skipped sequential cell "SDFFRS_X2".
ABC: Scl_LibertyReadGenlib() skipped sequential cell "SDFFR_X1".
ABC: Scl_LibertyReadGenlib() skipped sequential cell "SDFFR_X2".
ABC: Scl_LibertyReadGenlib() skipped sequential cell "SDFFS_X1".
ABC: Scl_LibertyReadGenlib() skipped sequential cell "SDFFS_X2".
ABC: Scl_LibertyReadGenlib() skipped sequential cell "SDFF_X1".
ABC: Scl_LibertyReadGenlib() skipped sequential cell "SDFF_X2".
ABC: Scl_LibertyReadGenlib() skipped three-state cell "TBUF_X1".
ABC: Scl_LibertyReadGenlib() skipped three-state cell "TBUF_X2".
ABC: Scl_LibertyReadGenlib() skipped three-state cell "TBUF_X4".
ABC: Scl_LibertyReadGenlib() skipped three-state cell "TBUF_X8".
ABC: Scl_LibertyReadGenlib() skipped three-state cell "TBUF_X16".
ABC: Scl_LibertyReadGenlib() skipped three-state cell "TINV_X1".
ABC: Scl_LibertyReadGenlib() skipped sequential cell "TLAT_X1".
ABC: Library "NangateOpenCellLibrary" from "/home/kit/OpenROAD-flow-scripts/flow/platforms/nangate45/lib/NangateOpenCellLibrary_typical.lib" has 90 cells (35 skipped: 21 seq; 6 tri-state; 8 no func; 10 dont_use).  Time =     0.04 sec
ABC: Memory =   11.38 MB. Time =     0.04 sec
ABC: Warning: Detected 2 multi-output gates (for example, "FA_X1").
ABC: + source /home/kit/kimi-chip/experiments/x8/flow/abc_timing.script 
ABC: Warning: The network is combinational (run "fraig" or "fraig_sweep").
ABC: WireLoad = "none"  Gates =    237 (  8.9 %)   Cap =  3.2 ff (  0.0 %)   Area =      255.36 (100.0 %)   Delay =   470.83 ps  (  9.7 %)               
ABC: Path  0 --       3 : 0   11 pi       A =   0.00  Df =   0.0   -0.0 ps  S =   0.0 ps  Cin =  0.0 ff  Cout =  15.2 ff  Cmax =   0.0 ff  G =    0  
ABC: Path  1 --     113 : 2    4 NOR2_X1  A =   0.80  Df =  49.2  -37.5 ps  S =  38.0 ps  Cin =  1.6 ff  Cout =   6.6 ff  Cmax =  26.7 ff  G =  394  
ABC: Path  2 --     116 : 3    5 NAND3_X1 A =   1.06  Df =  90.4  -44.8 ps  S =  24.7 ps  Cin =  1.6 ff  Cout =   7.4 ff  Cmax =  58.4 ff  G =  449  
ABC: Path  3 --     240 : 3    2 AOI21_X1 A =   1.06  Df = 153.9  -13.4 ps  S =  33.3 ps  Cin =  1.6 ff  Cout =   4.2 ff  Cmax =  25.3 ff  G =  259  
ABC: Path  4 --     248 : 4    2 OAI22_X1 A =   1.33  Df = 253.1  -21.0 ps  S =  40.3 ps  Cin =  1.6 ff  Cout =   3.9 ff  Cmax =  23.2 ff  G =  239  
ABC: Path  5 --     250 : 3    2 AOI21_X1 A =   1.06  Df = 304.0  -24.4 ps  S =  31.9 ps  Cin =  1.6 ff  Cout =   3.9 ff  Cmax =  25.3 ff  G =  240  
ABC: Path  6 --     253 : 3    2 OAI21_X1 A =   1.06  Df = 328.3   -7.8 ps  S =  28.5 ps  Cin =  1.6 ff  Cout =   3.9 ff  Cmax =  26.1 ff  G =  236  
ABC: Path  7 --     255 : 3    3 AOI21_X1 A =   1.06  Df = 369.5  -24.8 ps  S =  33.3 ps  Cin =  1.6 ff  Cout =   4.2 ff  Cmax =  25.3 ff  G =  256  
ABC: Path  8 --     259 : 3    1 OAI21_X1 A =   1.06  Df = 389.6  -13.5 ps  S =  20.8 ps  Cin =  1.6 ff  Cout =   2.2 ff  Cmax =  26.1 ff  G =  138  
ABC: Path  9 --     261 : 2    1 XNOR2_X1 A =   1.60  Df = 426.5   -9.0 ps  S =  15.3 ps  Cin =  2.3 ff  Cout =   0.9 ff  Cmax =  26.0 ff  G =   39  
ABC: Path 10 --     262 : 3    1 MUX2_X1  A =   1.86  Df = 470.8  -12.7 ps  S =  10.8 ps  Cin =  1.2 ff  Cout =   0.0 ff  Cmax =  60.5 ff  G =    0  
ABC: Start-point = pi2 (\phase [1]).  End-point = po22 ($auto$rtlil.cc:2609:MuxGate$3646).
ABC: + write_blif <abc-temp-dir>/output.blif 

5.1.2. Re-integrating ABC results.
ABC RESULTS:         OAI211_X1 cells:        2
ABC RESULTS:           NOR4_X1 cells:        4
ABC RESULTS:          NAND4_X1 cells:        3
ABC RESULTS:          OAI33_X1 cells:        2
ABC RESULTS:           AND3_X1 cells:        5
ABC RESULTS:         OAI221_X1 cells:        1
ABC RESULTS:            OR2_X1 cells:        4
ABC RESULTS:          XNOR2_X1 cells:       14
ABC RESULTS:          NAND3_X1 cells:       12
ABC RESULTS:           XOR2_X1 cells:        6
ABC RESULTS:          OAI22_X1 cells:        5
ABC RESULTS:           NOR3_X1 cells:       10
ABC RESULTS:            OR3_X1 cells:        6
ABC RESULTS:          AOI21_X1 cells:       18
ABC RESULTS:            INV_X1 cells:       21
ABC RESULTS:           AND2_X1 cells:       12
ABC RESULTS:         AOI211_X1 cells:        2
ABC RESULTS:          OAI21_X1 cells:       27
ABC RESULTS:          NAND2_X1 cells:       34
ABC RESULTS:           NOR2_X1 cells:       30
ABC RESULTS:          AOI22_X1 cells:        7
ABC RESULTS:           MUX2_X1 cells:       12
ABC RESULTS:        internal signals:      290
ABC RESULTS:           input signals:       47
ABC RESULTS:          output signals:       44
Removing temp directory.
Removed 0 unused cells and 376 unused wires.

6. Printing statistics.

=== x8_controller ===

   Number of wires:                305
   Number of wire bits:            415
   Number of public wires:          25
   Number of public wire bits:      99
   Number of memories:               0
   Number of memory bits:            0
   Number of processes:              0
   Number of cells:                281
     AND2_X1                        12
     AND3_X1                         5
     AOI211_X1                       2
     AOI21_X1                       18
     AOI22_X1                        7
     DFFR_X1                        43
     DFFS_X1                         1
     INV_X1                         21
     MUX2_X1                        12
     NAND2_X1                       34
     NAND3_X1                       12
     NAND4_X1                        3
     NOR2_X1                        30
     NOR3_X1                        10
     NOR4_X1                         4
     OAI211_X1                       2
     OAI21_X1                       27
     OAI221_X1                       1
     OAI22_X1                        5
     OAI33_X1                        2
     OR2_X1                          4
     OR3_X1                          6
     XNOR2_X1                       14
     XOR2_X1                         6

   Chip area for module '\x8_controller': 489.440000

7. Executing Verilog backend.
Dumping module `\x8_controller'.

Warnings: 8 unique messages, 72 total
End of script. Logfile hash: f24fc0cd56, CPU: user 0.35s system 0.02s, MEM: 25.30 MB peak
Yosys 0.33 (git sha1 2584903a060)
Time spent: 33% 2x abc (0 sec), 13% 27x opt_expr (0 sec), ...
