
==========================================================================
detailed place report_tns
--------------------------------------------------------------------------
tns max 0.00

==========================================================================
detailed place report_wns
--------------------------------------------------------------------------
wns max 0.00

==========================================================================
detailed place report_worst_slack
--------------------------------------------------------------------------
worst slack max 8.50

==========================================================================
detailed place report_clock_min_period
--------------------------------------------------------------------------
core_clock period_min = 1.50 fmax = 666.23

==========================================================================
detailed place report_checks -path_delay min
--------------------------------------------------------------------------
Startpoint: rst_n (input port clocked by core_clock)
Endpoint: ctrl.h_reg[24]$_DFFE_PN0P_
          (removal check against rising-edge clock core_clock)
Path Group: asynchronous
Path Type: min

Fanout     Cap    Slew   Delay    Time   Description
-----------------------------------------------------------------------------
                  0.00    0.00    0.00   clock core_clock (rise edge)
                          0.00    0.00   clock network delay (ideal)
                          0.50    0.50 ^ input external delay
     1    4.42    0.00    0.00    0.50 ^ rst_n (in)
                                         rst_n (net)
                  0.00    0.00    0.50 ^ input65/A (CLKBUF_X3)
    35   91.45    0.06    0.08    0.58 ^ input65/Z (CLKBUF_X3)
                                         net64 (net)
                  0.07    0.02    0.60 ^ ctrl.h_reg[24]$_DFFE_PN0P_/RN (DFFR_X1)
                                  0.60   data arrival time

                  0.00    0.00    0.00   clock core_clock (rise edge)
                          0.00    0.00   clock network delay (ideal)
                          0.00    0.00   clock reconvergence pessimism
                                  0.00 ^ ctrl.h_reg[24]$_DFFE_PN0P_/CK (DFFR_X1)
                          0.27    0.27   library removal time
                                  0.27   data required time
-----------------------------------------------------------------------------
                                  0.27   data required time
                                 -0.60   data arrival time
-----------------------------------------------------------------------------
                                  0.33   slack (MET)


Startpoint: ctrl.phase_cycle[0]$_DFFE_PN0P_
            (rising edge-triggered flip-flop clocked by core_clock)
Endpoint: ctrl.phase_cycle[0]$_DFFE_PN0P_
          (rising edge-triggered flip-flop clocked by core_clock)
Path Group: core_clock
Path Type: min

Fanout     Cap    Slew   Delay    Time   Description
-----------------------------------------------------------------------------
                  0.00    0.00    0.00   clock core_clock (rise edge)
                          0.00    0.00   clock network delay (ideal)
                  0.00    0.00    0.00 ^ ctrl.phase_cycle[0]$_DFFE_PN0P_/CK (DFFR_X1)
     1    1.72    0.01    0.06    0.06 v ctrl.phase_cycle[0]$_DFFE_PN0P_/QN (DFFR_X1)
                                         _0002_ (net)
                  0.01    0.00    0.06 v _5546_/A1 (NAND3_X1)
     1    1.76    0.01    0.02    0.08 ^ _5546_/ZN (NAND3_X1)
                                         _1472_ (net)
                  0.01    0.00    0.08 ^ _5548_/A (OAI21_X1)
     1    1.36    0.01    0.01    0.09 v _5548_/ZN (OAI21_X1)
                                         _0042_ (net)
                  0.01    0.00    0.09 v ctrl.phase_cycle[0]$_DFFE_PN0P_/D (DFFR_X1)
                                  0.09   data arrival time

                  0.00    0.00    0.00   clock core_clock (rise edge)
                          0.00    0.00   clock network delay (ideal)
                          0.00    0.00   clock reconvergence pessimism
                                  0.00 ^ ctrl.phase_cycle[0]$_DFFE_PN0P_/CK (DFFR_X1)
                          0.00    0.00   library hold time
                                  0.00   data required time
-----------------------------------------------------------------------------
                                  0.00   data required time
                                 -0.09   data arrival time
-----------------------------------------------------------------------------
                                  0.09   slack (MET)



==========================================================================
detailed place report_checks -path_delay max
--------------------------------------------------------------------------
Startpoint: rst_n (input port clocked by core_clock)
Endpoint: conv_hist_l0.history[1][19]$_DFFE_PN0P_
          (recovery check against rising-edge clock core_clock)
Path Group: asynchronous
Path Type: max

Fanout     Cap    Slew   Delay    Time   Description
-----------------------------------------------------------------------------
                  0.00    0.00    0.00   clock core_clock (rise edge)
                          0.00    0.00   clock network delay (ideal)
                          0.50    0.50 ^ input external delay
     1    4.42    0.00    0.00    0.50 ^ rst_n (in)
                                         rst_n (net)
                  0.00    0.00    0.50 ^ input65/A (CLKBUF_X3)
    35   91.45    0.06    0.08    0.58 ^ input65/Z (CLKBUF_X3)
                                         net64 (net)
                  0.06    0.00    0.58 ^ place444/A (BUF_X4)
    65  166.56    0.09    0.12    0.70 ^ place444/Z (BUF_X4)
                                         net434 (net)
                  0.09    0.01    0.71 ^ place443/A (BUF_X8)
   116  297.76    0.07    0.08    0.79 ^ place443/Z (BUF_X8)
                                         net433 (net)
                  0.10    0.06    0.85 ^ place442/A (BUF_X4)
    69  164.10    0.09    0.12    0.97 ^ place442/Z (BUF_X4)
                                         net432 (net)
                  0.09    0.01    0.98 ^ conv_hist_l0.history[1][19]$_DFFE_PN0P_/RN (DFFR_X1)
                                  0.98   data arrival time

                  0.00   10.00   10.00   clock core_clock (rise edge)
                          0.00   10.00   clock network delay (ideal)
                          0.00   10.00   clock reconvergence pessimism
                                 10.00 ^ conv_hist_l0.history[1][19]$_DFFE_PN0P_/CK (DFFR_X1)
                          0.04   10.04   library recovery time
                                 10.04   data required time
-----------------------------------------------------------------------------
                                 10.04   data required time
                                 -0.98   data arrival time
-----------------------------------------------------------------------------
                                  9.06   slack (MET)


Startpoint: ctrl.current_phase[1]$_DFFE_PN0P_
            (rising edge-triggered flip-flop clocked by core_clock)
Endpoint: debug_state_hash[27] (output port clocked by core_clock)
Path Group: core_clock
Path Type: max

Fanout     Cap    Slew   Delay    Time   Description
-----------------------------------------------------------------------------
                  0.00    0.00    0.00   clock core_clock (rise edge)
                          0.00    0.00   clock network delay (ideal)
                  0.00    0.00    0.00 ^ ctrl.current_phase[1]$_DFFE_PN0P_/CK (DFFR_X1)
     9   23.15    0.05    0.15    0.15 ^ ctrl.current_phase[1]$_DFFE_PN0P_/Q (DFFR_X1)
                                         conv_hist_l0.read_stream[1] (net)
                  0.05    0.00    0.15 ^ _8803_/B (HA_X1)
     2    5.50    0.02    0.05    0.20 ^ _8803_/CO (HA_X1)
                                         _0012_ (net)
                  0.02    0.00    0.20 ^ _8542_/A (INV_X1)
     1    3.42    0.01    0.01    0.21 v _8542_/ZN (INV_X1)
                                         _0017_ (net)
                  0.01    0.00    0.21 v _8794_/B (HA_X1)
    12   42.04    0.04    0.08    0.29 v _8794_/CO (HA_X1)
                                         _0018_ (net)
                  0.04    0.01    0.30 v _4746_/A2 (AND2_X2)
     9   25.75    0.02    0.06    0.36 v _4746_/ZN (AND2_X2)
                                         _0717_ (net)
                  0.02    0.00    0.36 v max_cap456/A (BUF_X4)
    28   96.22    0.02    0.05    0.41 v max_cap456/Z (BUF_X4)
                                         net446 (net)
                  0.02    0.00    0.41 v _4748_/A3 (OR4_X2)
     1    5.85    0.02    0.11    0.53 v _4748_/ZN (OR4_X2)
                                         _0719_ (net)
                  0.02    0.00    0.53 v _4759_/A (AOI21_X4)
    25   87.87    0.11    0.13    0.66 ^ _4759_/ZN (AOI21_X4)
                                         _0730_ (net)
                  0.11    0.00    0.67 ^ _4760_/A2 (NAND2_X2)
    28  105.55    0.10    0.14    0.81 v _4760_/ZN (NAND2_X2)
                                         _0731_ (net)
                  0.10    0.01    0.81 v _4874_/A1 (OAI22_X1)
     1    8.96    0.07    0.10    0.92 ^ _4874_/ZN (OAI22_X1)
                                         _0842_ (net)
                  0.07    0.00    0.92 ^ _4877_/A (XNOR2_X1)
     1    4.95    0.03    0.06    0.98 ^ _4877_/ZN (XNOR2_X1)
                                         net102 (net)
                  0.03    0.00    0.98 ^ output105/A (BUF_X1)
     1    0.36    0.01    0.02    1.00 ^ output105/Z (BUF_X1)
                                         debug_state_hash[27] (net)
                  0.01    0.00    1.00 ^ debug_state_hash[27] (out)
                                  1.00   data arrival time

                  0.00   10.00   10.00   clock core_clock (rise edge)
                          0.00   10.00   clock network delay (ideal)
                          0.00   10.00   clock reconvergence pessimism
                         -0.50    9.50   output external delay
                                  9.50   data required time
-----------------------------------------------------------------------------
                                  9.50   data required time
                                 -1.00   data arrival time
-----------------------------------------------------------------------------
                                  8.50   slack (MET)



==========================================================================
detailed place report_checks -unconstrained
--------------------------------------------------------------------------
Startpoint: rst_n (input port clocked by core_clock)
Endpoint: conv_hist_l0.history[1][19]$_DFFE_PN0P_
          (recovery check against rising-edge clock core_clock)
Path Group: asynchronous
Path Type: max

Fanout     Cap    Slew   Delay    Time   Description
-----------------------------------------------------------------------------
                  0.00    0.00    0.00   clock core_clock (rise edge)
                          0.00    0.00   clock network delay (ideal)
                          0.50    0.50 ^ input external delay
     1    4.42    0.00    0.00    0.50 ^ rst_n (in)
                                         rst_n (net)
                  0.00    0.00    0.50 ^ input65/A (CLKBUF_X3)
    35   91.45    0.06    0.08    0.58 ^ input65/Z (CLKBUF_X3)
                                         net64 (net)
                  0.06    0.00    0.58 ^ place444/A (BUF_X4)
    65  166.56    0.09    0.12    0.70 ^ place444/Z (BUF_X4)
                                         net434 (net)
                  0.09    0.01    0.71 ^ place443/A (BUF_X8)
   116  297.76    0.07    0.08    0.79 ^ place443/Z (BUF_X8)
                                         net433 (net)
                  0.10    0.06    0.85 ^ place442/A (BUF_X4)
    69  164.10    0.09    0.12    0.97 ^ place442/Z (BUF_X4)
                                         net432 (net)
                  0.09    0.01    0.98 ^ conv_hist_l0.history[1][19]$_DFFE_PN0P_/RN (DFFR_X1)
                                  0.98   data arrival time

                  0.00   10.00   10.00   clock core_clock (rise edge)
                          0.00   10.00   clock network delay (ideal)
                          0.00   10.00   clock reconvergence pessimism
                                 10.00 ^ conv_hist_l0.history[1][19]$_DFFE_PN0P_/CK (DFFR_X1)
                          0.04   10.04   library recovery time
                                 10.04   data required time
-----------------------------------------------------------------------------
                                 10.04   data required time
                                 -0.98   data arrival time
-----------------------------------------------------------------------------
                                  9.06   slack (MET)


Startpoint: ctrl.current_phase[1]$_DFFE_PN0P_
            (rising edge-triggered flip-flop clocked by core_clock)
Endpoint: debug_state_hash[27] (output port clocked by core_clock)
Path Group: core_clock
Path Type: max

Fanout     Cap    Slew   Delay    Time   Description
-----------------------------------------------------------------------------
                  0.00    0.00    0.00   clock core_clock (rise edge)
                          0.00    0.00   clock network delay (ideal)
                  0.00    0.00    0.00 ^ ctrl.current_phase[1]$_DFFE_PN0P_/CK (DFFR_X1)
     9   23.15    0.05    0.15    0.15 ^ ctrl.current_phase[1]$_DFFE_PN0P_/Q (DFFR_X1)
                                         conv_hist_l0.read_stream[1] (net)
                  0.05    0.00    0.15 ^ _8803_/B (HA_X1)
     2    5.50    0.02    0.05    0.20 ^ _8803_/CO (HA_X1)
                                         _0012_ (net)
                  0.02    0.00    0.20 ^ _8542_/A (INV_X1)
     1    3.42    0.01    0.01    0.21 v _8542_/ZN (INV_X1)
                                         _0017_ (net)
                  0.01    0.00    0.21 v _8794_/B (HA_X1)
    12   42.04    0.04    0.08    0.29 v _8794_/CO (HA_X1)
                                         _0018_ (net)
                  0.04    0.01    0.30 v _4746_/A2 (AND2_X2)
     9   25.75    0.02    0.06    0.36 v _4746_/ZN (AND2_X2)
                                         _0717_ (net)
                  0.02    0.00    0.36 v max_cap456/A (BUF_X4)
    28   96.22    0.02    0.05    0.41 v max_cap456/Z (BUF_X4)
                                         net446 (net)
                  0.02    0.00    0.41 v _4748_/A3 (OR4_X2)
     1    5.85    0.02    0.11    0.53 v _4748_/ZN (OR4_X2)
                                         _0719_ (net)
                  0.02    0.00    0.53 v _4759_/A (AOI21_X4)
    25   87.87    0.11    0.13    0.66 ^ _4759_/ZN (AOI21_X4)
                                         _0730_ (net)
                  0.11    0.00    0.67 ^ _4760_/A2 (NAND2_X2)
    28  105.55    0.10    0.14    0.81 v _4760_/ZN (NAND2_X2)
                                         _0731_ (net)
                  0.10    0.01    0.81 v _4874_/A1 (OAI22_X1)
     1    8.96    0.07    0.10    0.92 ^ _4874_/ZN (OAI22_X1)
                                         _0842_ (net)
                  0.07    0.00    0.92 ^ _4877_/A (XNOR2_X1)
     1    4.95    0.03    0.06    0.98 ^ _4877_/ZN (XNOR2_X1)
                                         net102 (net)
                  0.03    0.00    0.98 ^ output105/A (BUF_X1)
     1    0.36    0.01    0.02    1.00 ^ output105/Z (BUF_X1)
                                         debug_state_hash[27] (net)
                  0.01    0.00    1.00 ^ debug_state_hash[27] (out)
                                  1.00   data arrival time

                  0.00   10.00   10.00   clock core_clock (rise edge)
                          0.00   10.00   clock network delay (ideal)
                          0.00   10.00   clock reconvergence pessimism
                         -0.50    9.50   output external delay
                                  9.50   data required time
-----------------------------------------------------------------------------
                                  9.50   data required time
                                 -1.00   data arrival time
-----------------------------------------------------------------------------
                                  8.50   slack (MET)



==========================================================================
detailed place report_check_types -max_slew -max_cap -max_fanout -violators
--------------------------------------------------------------------------

==========================================================================
detailed place max_slew_check_slack
--------------------------------------------------------------------------
0.06475095450878143

==========================================================================
detailed place max_slew_check_limit
--------------------------------------------------------------------------
0.1985349953174591

==========================================================================
detailed place max_slew_check_slack_limit
--------------------------------------------------------------------------
0.3261

==========================================================================
detailed place max_fanout_check_slack
--------------------------------------------------------------------------
1.0000000150474662e+30

==========================================================================
detailed place max_fanout_check_limit
--------------------------------------------------------------------------
1.0000000150474662e+30

==========================================================================
detailed place max_capacitance_check_slack
--------------------------------------------------------------------------
-0.12422246485948563

==========================================================================
detailed place max_capacitance_check_limit
--------------------------------------------------------------------------
120.8499984741211

==========================================================================
detailed place max_capacitance_check_slack_limit
--------------------------------------------------------------------------
-0.0010

==========================================================================
detailed place max_slew_violation_count
--------------------------------------------------------------------------
max slew violation count 0

==========================================================================
detailed place max_fanout_violation_count
--------------------------------------------------------------------------
max fanout violation count 0

==========================================================================
detailed place max_cap_violation_count
--------------------------------------------------------------------------
max cap violation count 0

==========================================================================
detailed place setup_violation_count
--------------------------------------------------------------------------
setup violation count 0

==========================================================================
detailed place hold_violation_count
--------------------------------------------------------------------------
hold violation count 0

==========================================================================
detailed place report_checks -path_delay max reg to reg
--------------------------------------------------------------------------
Startpoint: ctrl.current_phase[0]$_DFFE_PN0P_
            (rising edge-triggered flip-flop clocked by core_clock)
Endpoint: conv_hist_l0.history[192][7]$_DFFE_PN0P_
          (rising edge-triggered flip-flop clocked by core_clock)
Path Group: core_clock
Path Type: max

  Delay    Time   Description
---------------------------------------------------------
   0.00    0.00   clock core_clock (rise edge)
   0.00    0.00   clock network delay (ideal)
   0.00    0.00 ^ ctrl.current_phase[0]$_DFFE_PN0P_/CK (DFFR_X1)
   0.12    0.12 ^ ctrl.current_phase[0]$_DFFE_PN0P_/Q (DFFR_X1)
   0.14    0.26 ^ _8801_/CO (HA_X1)
   0.09    0.35 ^ place425/Z (BUF_X4)
   0.08    0.43 v _4794_/ZN (INV_X4)
   0.09    0.53 v place406/Z (BUF_X2)
   0.13    0.65 ^ _5923_/ZN (NOR2_X4)
   0.03    0.69 v _7084_/ZN (NOR2_X1)
   0.14    0.82 ^ _7085_/ZN (AOI21_X4)
   0.15    0.97 v _7128_/ZN (NAND2_X2)
   0.11    1.08 v place353/Z (BUF_X1)
   0.07    1.15 ^ _7345_/ZN (OAI22_X1)
   0.00    1.15 ^ conv_hist_l0.history[192][7]$_DFFE_PN0P_/D (DFFR_X1)
           1.15   data arrival time

  10.00   10.00   clock core_clock (rise edge)
   0.00   10.00   clock network delay (ideal)
   0.00   10.00   clock reconvergence pessimism
          10.00 ^ conv_hist_l0.history[192][7]$_DFFE_PN0P_/CK (DFFR_X1)
  -0.04    9.96   library setup time
           9.96   data required time
---------------------------------------------------------
           9.96   data required time
          -1.15   data arrival time
---------------------------------------------------------
           8.81   slack (MET)



==========================================================================
detailed place report_checks -path_delay min reg to reg
--------------------------------------------------------------------------
Startpoint: ctrl.phase_cycle[0]$_DFFE_PN0P_
            (rising edge-triggered flip-flop clocked by core_clock)
Endpoint: ctrl.phase_cycle[0]$_DFFE_PN0P_
          (rising edge-triggered flip-flop clocked by core_clock)
Path Group: core_clock
Path Type: min

  Delay    Time   Description
---------------------------------------------------------
   0.00    0.00   clock core_clock (rise edge)
   0.00    0.00   clock network delay (ideal)
   0.00    0.00 ^ ctrl.phase_cycle[0]$_DFFE_PN0P_/CK (DFFR_X1)
   0.06    0.06 v ctrl.phase_cycle[0]$_DFFE_PN0P_/QN (DFFR_X1)
   0.02    0.08 ^ _5546_/ZN (NAND3_X1)
   0.01    0.09 v _5548_/ZN (OAI21_X1)
   0.00    0.09 v ctrl.phase_cycle[0]$_DFFE_PN0P_/D (DFFR_X1)
           0.09   data arrival time

   0.00    0.00   clock core_clock (rise edge)
   0.00    0.00   clock network delay (ideal)
   0.00    0.00   clock reconvergence pessimism
           0.00 ^ ctrl.phase_cycle[0]$_DFFE_PN0P_/CK (DFFR_X1)
   0.00    0.00   library hold time
           0.00   data required time
---------------------------------------------------------
           0.00   data required time
          -0.09   data arrival time
---------------------------------------------------------
           0.09   slack (MET)



==========================================================================
detailed place critical path target clock latency max path
--------------------------------------------------------------------------
0.0000

==========================================================================
detailed place critical path target clock latency min path
--------------------------------------------------------------------------
0.0000

==========================================================================
detailed place critical path source clock latency min path
--------------------------------------------------------------------------
0.0000

==========================================================================
detailed place critical path delay
--------------------------------------------------------------------------
1.0010

==========================================================================
detailed place critical path slack
--------------------------------------------------------------------------
8.4990

==========================================================================
detailed place slack div critical path delay
--------------------------------------------------------------------------
849.050949

==========================================================================
detailed place report_power
--------------------------------------------------------------------------
Group                  Internal  Switching    Leakage      Total
                          Power      Power      Power      Power (Watts)
----------------------------------------------------------------
Sequential             9.13e-04   2.50e-04   5.59e-05   1.22e-03  28.3%
Combinational          1.44e-03   1.53e-03   1.16e-04   3.09e-03  71.7%
Clock                  0.00e+00   0.00e+00   0.00e+00   0.00e+00   0.0%
Macro                  0.00e+00   0.00e+00   0.00e+00   0.00e+00   0.0%
Pad                    0.00e+00   0.00e+00   0.00e+00   0.00e+00   0.0%
----------------------------------------------------------------
Total                  2.36e-03   1.78e-03   1.72e-04   4.31e-03 100.0%
                          54.7%      41.3%       4.0%
