
==========================================================================
global place report_tns
--------------------------------------------------------------------------
tns max 0.00

==========================================================================
global place report_wns
--------------------------------------------------------------------------
wns max 0.00

==========================================================================
global place report_worst_slack
--------------------------------------------------------------------------
worst slack max 8.50

==========================================================================
global place report_clock_min_period
--------------------------------------------------------------------------
core_clock period_min = 1.50 fmax = 666.26

==========================================================================
global place report_checks -path_delay min
--------------------------------------------------------------------------
Startpoint: rst_n (input port clocked by core_clock)
Endpoint: ctrl.h_reg[24]$_DFFE_PN0P_
          (removal check against rising-edge clock core_clock)
Path Group: asynchronous
Path Type: min

Fanout     Cap    Slew   Delay    Time   Description
-----------------------------------------------------------------------------
                  0.00    0.00    0.00   clock core_clock (rise edge)
                          0.00    0.00   clock network delay (ideal)
                          0.50    0.50 ^ input external delay
     1    3.93    0.00    0.00    0.50 ^ rst_n (in)
                                         rst_n (net)
                  0.00    0.00    0.50 ^ input65/A (CLKBUF_X3)
    35   91.26    0.06    0.08    0.58 ^ input65/Z (CLKBUF_X3)
                                         net64 (net)
                  0.07    0.02    0.60 ^ ctrl.h_reg[24]$_DFFE_PN0P_/RN (DFFR_X1)
                                  0.60   data arrival time

                  0.00    0.00    0.00   clock core_clock (rise edge)
                          0.00    0.00   clock network delay (ideal)
                          0.00    0.00   clock reconvergence pessimism
                                  0.00 ^ ctrl.h_reg[24]$_DFFE_PN0P_/CK (DFFR_X1)
                          0.27    0.27   library removal time
                                  0.27   data required time
-----------------------------------------------------------------------------
                                  0.27   data required time
                                 -0.60   data arrival time
-----------------------------------------------------------------------------
                                  0.33   slack (MET)


Startpoint: ctrl.phase_cycle[0]$_DFFE_PN0P_
            (rising edge-triggered flip-flop clocked by core_clock)
Endpoint: ctrl.phase_cycle[0]$_DFFE_PN0P_
          (rising edge-triggered flip-flop clocked by core_clock)
Path Group: core_clock
Path Type: min

Fanout     Cap    Slew   Delay    Time   Description
-----------------------------------------------------------------------------
                  0.00    0.00    0.00   clock core_clock (rise edge)
                          0.00    0.00   clock network delay (ideal)
                  0.00    0.00    0.00 ^ ctrl.phase_cycle[0]$_DFFE_PN0P_/CK (DFFR_X1)
     1    1.58    0.01    0.06    0.06 v ctrl.phase_cycle[0]$_DFFE_PN0P_/QN (DFFR_X1)
                                         _0002_ (net)
                  0.01    0.00    0.06 v _5546_/A1 (NAND3_X1)
     1    1.77    0.01    0.02    0.08 ^ _5546_/ZN (NAND3_X1)
                                         _1472_ (net)
                  0.01    0.00    0.08 ^ _5548_/A (OAI21_X1)
     1    1.24    0.01    0.01    0.09 v _5548_/ZN (OAI21_X1)
                                         _0042_ (net)
                  0.01    0.00    0.09 v ctrl.phase_cycle[0]$_DFFE_PN0P_/D (DFFR_X1)
                                  0.09   data arrival time

                  0.00    0.00    0.00   clock core_clock (rise edge)
                          0.00    0.00   clock network delay (ideal)
                          0.00    0.00   clock reconvergence pessimism
                                  0.00 ^ ctrl.phase_cycle[0]$_DFFE_PN0P_/CK (DFFR_X1)
                          0.00    0.00   library hold time
                                  0.00   data required time
-----------------------------------------------------------------------------
                                  0.00   data required time
                                 -0.09   data arrival time
-----------------------------------------------------------------------------
                                  0.09   slack (MET)



==========================================================================
global place report_checks -path_delay max
--------------------------------------------------------------------------
Startpoint: rst_n (input port clocked by core_clock)
Endpoint: conv_hist_l0.history[192][21]$_DFFE_PN0P_
          (recovery check against rising-edge clock core_clock)
Path Group: asynchronous
Path Type: max

Fanout     Cap    Slew   Delay    Time   Description
-----------------------------------------------------------------------------
                  0.00    0.00    0.00   clock core_clock (rise edge)
                          0.00    0.00   clock network delay (ideal)
                          0.50    0.50 ^ input external delay
     1    3.93    0.00    0.00    0.50 ^ rst_n (in)
                                         rst_n (net)
                  0.00    0.00    0.50 ^ input65/A (CLKBUF_X3)
    35   91.26    0.06    0.08    0.58 ^ input65/Z (CLKBUF_X3)
                                         net64 (net)
                  0.06    0.00    0.58 ^ place444/A (BUF_X4)
    65  167.63    0.09    0.11    0.69 ^ place444/Z (BUF_X4)
                                         net434 (net)
                  0.09    0.02    0.71 ^ place443/A (BUF_X8)
   116  294.96    0.06    0.08    0.79 ^ place443/Z (BUF_X8)
                                         net433 (net)
                  0.11    0.07    0.86 ^ place440/A (BUF_X2)
    35   82.77    0.09    0.13    0.98 ^ place440/Z (BUF_X2)
                                         net430 (net)
                  0.09    0.01    0.99 ^ conv_hist_l0.history[192][21]$_DFFE_PN0P_/RN (DFFR_X1)
                                  0.99   data arrival time

                  0.00   10.00   10.00   clock core_clock (rise edge)
                          0.00   10.00   clock network delay (ideal)
                          0.00   10.00   clock reconvergence pessimism
                                 10.00 ^ conv_hist_l0.history[192][21]$_DFFE_PN0P_/CK (DFFR_X1)
                          0.04   10.04   library recovery time
                                 10.04   data required time
-----------------------------------------------------------------------------
                                 10.04   data required time
                                 -0.99   data arrival time
-----------------------------------------------------------------------------
                                  9.05   slack (MET)


Startpoint: ctrl.current_phase[1]$_DFFE_PN0P_
            (rising edge-triggered flip-flop clocked by core_clock)
Endpoint: debug_state_hash[25] (output port clocked by core_clock)
Path Group: core_clock
Path Type: max

Fanout     Cap    Slew   Delay    Time   Description
-----------------------------------------------------------------------------
                  0.00    0.00    0.00   clock core_clock (rise edge)
                          0.00    0.00   clock network delay (ideal)
                  0.00    0.00    0.00 ^ ctrl.current_phase[1]$_DFFE_PN0P_/CK (DFFR_X1)
     9   22.54    0.05    0.15    0.15 ^ ctrl.current_phase[1]$_DFFE_PN0P_/Q (DFFR_X1)
                                         conv_hist_l0.read_stream[1] (net)
                  0.05    0.00    0.15 ^ _8803_/B (HA_X1)
     2    5.72    0.02    0.05    0.20 ^ _8803_/CO (HA_X1)
                                         _0012_ (net)
                  0.02    0.00    0.20 ^ _8542_/A (INV_X1)
     1    3.69    0.01    0.01    0.21 v _8542_/ZN (INV_X1)
                                         _0017_ (net)
                  0.01    0.00    0.21 v _8794_/B (HA_X1)
    12   42.40    0.04    0.08    0.29 v _8794_/CO (HA_X1)
                                         _0018_ (net)
                  0.04    0.00    0.30 v _4746_/A2 (AND2_X2)
    36  115.65    0.06    0.11    0.41 v _4746_/ZN (AND2_X2)
                                         _0717_ (net)
                  0.06    0.00    0.41 v _4748_/A3 (OR4_X2)
     1    5.84    0.02    0.12    0.54 v _4748_/ZN (OR4_X2)
                                         _0719_ (net)
                  0.02    0.00    0.54 v _4759_/A (AOI21_X4)
    25   85.86    0.10    0.13    0.67 ^ _4759_/ZN (AOI21_X4)
                                         _0730_ (net)
                  0.10    0.00    0.67 ^ _4760_/A2 (NAND2_X2)
    28  105.14    0.09    0.14    0.81 v _4760_/ZN (NAND2_X2)
                                         _0731_ (net)
                  0.10    0.01    0.82 v _4920_/A1 (OAI22_X1)
     1    8.63    0.07    0.10    0.92 ^ _4920_/ZN (OAI22_X1)
                                         _0886_ (net)
                  0.07    0.00    0.93 ^ _4923_/A (XNOR2_X1)
     1    1.54    0.02    0.05    0.98 ^ _4923_/ZN (XNOR2_X1)
                                         net100 (net)
                  0.02    0.00    0.98 ^ output103/A (BUF_X1)
     1    1.24    0.01    0.02    1.00 ^ output103/Z (BUF_X1)
                                         debug_state_hash[25] (net)
                  0.01    0.00    1.00 ^ debug_state_hash[25] (out)
                                  1.00   data arrival time

                  0.00   10.00   10.00   clock core_clock (rise edge)
                          0.00   10.00   clock network delay (ideal)
                          0.00   10.00   clock reconvergence pessimism
                         -0.50    9.50   output external delay
                                  9.50   data required time
-----------------------------------------------------------------------------
                                  9.50   data required time
                                 -1.00   data arrival time
-----------------------------------------------------------------------------
                                  8.50   slack (MET)



==========================================================================
global place report_checks -unconstrained
--------------------------------------------------------------------------
Startpoint: rst_n (input port clocked by core_clock)
Endpoint: conv_hist_l0.history[192][21]$_DFFE_PN0P_
          (recovery check against rising-edge clock core_clock)
Path Group: asynchronous
Path Type: max

Fanout     Cap    Slew   Delay    Time   Description
-----------------------------------------------------------------------------
                  0.00    0.00    0.00   clock core_clock (rise edge)
                          0.00    0.00   clock network delay (ideal)
                          0.50    0.50 ^ input external delay
     1    3.93    0.00    0.00    0.50 ^ rst_n (in)
                                         rst_n (net)
                  0.00    0.00    0.50 ^ input65/A (CLKBUF_X3)
    35   91.26    0.06    0.08    0.58 ^ input65/Z (CLKBUF_X3)
                                         net64 (net)
                  0.06    0.00    0.58 ^ place444/A (BUF_X4)
    65  167.63    0.09    0.11    0.69 ^ place444/Z (BUF_X4)
                                         net434 (net)
                  0.09    0.02    0.71 ^ place443/A (BUF_X8)
   116  294.96    0.06    0.08    0.79 ^ place443/Z (BUF_X8)
                                         net433 (net)
                  0.11    0.07    0.86 ^ place440/A (BUF_X2)
    35   82.77    0.09    0.13    0.98 ^ place440/Z (BUF_X2)
                                         net430 (net)
                  0.09    0.01    0.99 ^ conv_hist_l0.history[192][21]$_DFFE_PN0P_/RN (DFFR_X1)
                                  0.99   data arrival time

                  0.00   10.00   10.00   clock core_clock (rise edge)
                          0.00   10.00   clock network delay (ideal)
                          0.00   10.00   clock reconvergence pessimism
                                 10.00 ^ conv_hist_l0.history[192][21]$_DFFE_PN0P_/CK (DFFR_X1)
                          0.04   10.04   library recovery time
                                 10.04   data required time
-----------------------------------------------------------------------------
                                 10.04   data required time
                                 -0.99   data arrival time
-----------------------------------------------------------------------------
                                  9.05   slack (MET)


Startpoint: ctrl.current_phase[1]$_DFFE_PN0P_
            (rising edge-triggered flip-flop clocked by core_clock)
Endpoint: debug_state_hash[25] (output port clocked by core_clock)
Path Group: core_clock
Path Type: max

Fanout     Cap    Slew   Delay    Time   Description
-----------------------------------------------------------------------------
                  0.00    0.00    0.00   clock core_clock (rise edge)
                          0.00    0.00   clock network delay (ideal)
                  0.00    0.00    0.00 ^ ctrl.current_phase[1]$_DFFE_PN0P_/CK (DFFR_X1)
     9   22.54    0.05    0.15    0.15 ^ ctrl.current_phase[1]$_DFFE_PN0P_/Q (DFFR_X1)
                                         conv_hist_l0.read_stream[1] (net)
                  0.05    0.00    0.15 ^ _8803_/B (HA_X1)
     2    5.72    0.02    0.05    0.20 ^ _8803_/CO (HA_X1)
                                         _0012_ (net)
                  0.02    0.00    0.20 ^ _8542_/A (INV_X1)
     1    3.69    0.01    0.01    0.21 v _8542_/ZN (INV_X1)
                                         _0017_ (net)
                  0.01    0.00    0.21 v _8794_/B (HA_X1)
    12   42.40    0.04    0.08    0.29 v _8794_/CO (HA_X1)
                                         _0018_ (net)
                  0.04    0.00    0.30 v _4746_/A2 (AND2_X2)
    36  115.65    0.06    0.11    0.41 v _4746_/ZN (AND2_X2)
                                         _0717_ (net)
                  0.06    0.00    0.41 v _4748_/A3 (OR4_X2)
     1    5.84    0.02    0.12    0.54 v _4748_/ZN (OR4_X2)
                                         _0719_ (net)
                  0.02    0.00    0.54 v _4759_/A (AOI21_X4)
    25   85.86    0.10    0.13    0.67 ^ _4759_/ZN (AOI21_X4)
                                         _0730_ (net)
                  0.10    0.00    0.67 ^ _4760_/A2 (NAND2_X2)
    28  105.14    0.09    0.14    0.81 v _4760_/ZN (NAND2_X2)
                                         _0731_ (net)
                  0.10    0.01    0.82 v _4920_/A1 (OAI22_X1)
     1    8.63    0.07    0.10    0.92 ^ _4920_/ZN (OAI22_X1)
                                         _0886_ (net)
                  0.07    0.00    0.93 ^ _4923_/A (XNOR2_X1)
     1    1.54    0.02    0.05    0.98 ^ _4923_/ZN (XNOR2_X1)
                                         net100 (net)
                  0.02    0.00    0.98 ^ output103/A (BUF_X1)
     1    1.24    0.01    0.02    1.00 ^ output103/Z (BUF_X1)
                                         debug_state_hash[25] (net)
                  0.01    0.00    1.00 ^ debug_state_hash[25] (out)
                                  1.00   data arrival time

                  0.00   10.00   10.00   clock core_clock (rise edge)
                          0.00   10.00   clock network delay (ideal)
                          0.00   10.00   clock reconvergence pessimism
                         -0.50    9.50   output external delay
                                  9.50   data required time
-----------------------------------------------------------------------------
                                  9.50   data required time
                                 -1.00   data arrival time
-----------------------------------------------------------------------------
                                  8.50   slack (MET)



==========================================================================
global place report_power
--------------------------------------------------------------------------
Group                  Internal  Switching    Leakage      Total
                          Power      Power      Power      Power (Watts)
----------------------------------------------------------------
Sequential             9.13e-04   2.62e-04   5.59e-05   1.23e-03  28.5%
Combinational          1.44e-03   1.54e-03   1.15e-04   3.09e-03  71.5%
Clock                  0.00e+00   0.00e+00   0.00e+00   0.00e+00   0.0%
Macro                  0.00e+00   0.00e+00   0.00e+00   0.00e+00   0.0%
Pad                    0.00e+00   0.00e+00   0.00e+00   0.00e+00   0.0%
----------------------------------------------------------------
Total                  2.35e-03   1.80e-03   1.71e-04   4.32e-03 100.0%
                          54.4%      41.6%       4.0%
