
==========================================================================
resizer report_tns
--------------------------------------------------------------------------
tns max 0.00

==========================================================================
resizer report_wns
--------------------------------------------------------------------------
wns max 0.00

==========================================================================
resizer report_worst_slack
--------------------------------------------------------------------------
worst slack max 0.07

==========================================================================
resizer report_clock_min_period
--------------------------------------------------------------------------
core_clock period_min = 0.53 fmax = 1886.38

==========================================================================
resizer report_checks -path_delay min
--------------------------------------------------------------------------
Startpoint: rst_n (input port clocked by core_clock)
Endpoint: ctrl.phase_cycle[5]$_DFFE_PN0P_
          (removal check against rising-edge clock core_clock)
Path Group: asynchronous
Path Type: min

Fanout     Cap    Slew   Delay    Time   Description
-----------------------------------------------------------------------------
                  0.00    0.00    0.00   clock core_clock (rise edge)
                          0.00    0.00   clock network delay (ideal)
                          0.03    0.03 ^ input external delay
     1    2.21    0.00    0.00    0.03 ^ rst_n (in)
                                         rst_n (net)
                  0.00    0.00    0.03 ^ input97/A (BUF_X2)
    20   40.98    0.05    0.06    0.09 ^ input97/Z (BUF_X2)
                                         net96 (net)
                  0.05    0.00    0.09 ^ ctrl.phase_cycle[5]$_DFFE_PN0P_/RN (DFFR_X1)
                                  0.09   data arrival time

                  0.00    0.00    0.00   clock core_clock (rise edge)
                          0.00    0.00   clock network delay (ideal)
                          0.00    0.00   clock reconvergence pessimism
                                  0.00 ^ ctrl.phase_cycle[5]$_DFFE_PN0P_/CK (DFFR_X1)
                          0.24    0.24   library removal time
                                  0.24   data required time
-----------------------------------------------------------------------------
                                  0.24   data required time
                                 -0.09   data arrival time
-----------------------------------------------------------------------------
                                 -0.15   slack (VIOLATED)


Startpoint: ctrl.phase_cycle[0]$_DFFE_PN0P_
            (rising edge-triggered flip-flop clocked by core_clock)
Endpoint: ctrl.phase_cycle[0]$_DFFE_PN0P_
          (rising edge-triggered flip-flop clocked by core_clock)
Path Group: core_clock
Path Type: min

Fanout     Cap    Slew   Delay    Time   Description
-----------------------------------------------------------------------------
                  0.00    0.00    0.00   clock core_clock (rise edge)
                          0.00    0.00   clock network delay (ideal)
                  0.00    0.00    0.00 ^ ctrl.phase_cycle[0]$_DFFE_PN0P_/CK (DFFR_X1)
     1    1.77    0.01    0.06    0.06 v ctrl.phase_cycle[0]$_DFFE_PN0P_/QN (DFFR_X1)
                                         _001_ (net)
                  0.01    0.00    0.06 v _484_/A1 (NAND2_X1)
     1    1.79    0.01    0.02    0.08 ^ _484_/ZN (NAND2_X1)
                                         _191_ (net)
                  0.01    0.00    0.08 ^ _485_/B1 (OAI21_X1)
     1    1.48    0.01    0.01    0.09 v _485_/ZN (OAI21_X1)
                                         _027_ (net)
                  0.01    0.00    0.09 v ctrl.phase_cycle[0]$_DFFE_PN0P_/D (DFFR_X1)
                                  0.09   data arrival time

                  0.00    0.00    0.00   clock core_clock (rise edge)
                          0.00    0.00   clock network delay (ideal)
                          0.00    0.00   clock reconvergence pessimism
                                  0.00 ^ ctrl.phase_cycle[0]$_DFFE_PN0P_/CK (DFFR_X1)
                          0.00    0.00   library hold time
                                  0.00   data required time
-----------------------------------------------------------------------------
                                  0.00   data required time
                                 -0.09   data arrival time
-----------------------------------------------------------------------------
                                  0.09   slack (MET)



==========================================================================
resizer report_checks -path_delay max
--------------------------------------------------------------------------
Startpoint: rst_n (input port clocked by core_clock)
Endpoint: kda_state_l0.state[0][28]$_DFFE_PN0P_
          (recovery check against rising-edge clock core_clock)
Path Group: asynchronous
Path Type: max

Fanout     Cap    Slew   Delay    Time   Description
-----------------------------------------------------------------------------
                  0.00    0.00    0.00   clock core_clock (rise edge)
                          0.00    0.00   clock network delay (ideal)
                          0.03    0.03 ^ input external delay
     1    2.21    0.00    0.00    0.03 ^ rst_n (in)
                                         rst_n (net)
                  0.00    0.00    0.03 ^ input97/A (BUF_X2)
    20   40.98    0.05    0.06    0.09 ^ input97/Z (BUF_X2)
                                         net96 (net)
                  0.05    0.00    0.09 ^ place130/A (BUF_X2)
    37   89.55    0.10    0.13    0.22 ^ place130/Z (BUF_X2)
                                         net129 (net)
                  0.10    0.01    0.23 ^ kda_state_l0.state[0][28]$_DFFE_PN0P_/RN (DFFR_X1)
                                  0.23   data arrival time

                  0.00    0.60    0.60   clock core_clock (rise edge)
                          0.00    0.60   clock network delay (ideal)
                          0.00    0.60   clock reconvergence pessimism
                                  0.60 ^ kda_state_l0.state[0][28]$_DFFE_PN0P_/CK (DFFR_X1)
                          0.04    0.64   library recovery time
                                  0.64   data required time
-----------------------------------------------------------------------------
                                  0.64   data required time
                                 -0.23   data arrival time
-----------------------------------------------------------------------------
                                  0.41   slack (MET)


Startpoint: ctrl.phase_cycle[1]$_DFFE_PN0P_
            (rising edge-triggered flip-flop clocked by core_clock)
Endpoint: ctrl.current_phase[1]$_DFFE_PN0P_
          (rising edge-triggered flip-flop clocked by core_clock)
Path Group: core_clock
Path Type: max

Fanout     Cap    Slew   Delay    Time   Description
-----------------------------------------------------------------------------
                  0.00    0.00    0.00   clock core_clock (rise edge)
                          0.00    0.00   clock network delay (ideal)
                  0.00    0.00    0.00 ^ ctrl.phase_cycle[1]$_DFFE_PN0P_/CK (DFFR_X1)
     3    6.89    0.02    0.11    0.11 ^ ctrl.phase_cycle[1]$_DFFE_PN0P_/Q (DFFR_X1)
                                         ctrl.phase_cycle[1] (net)
                  0.02    0.00    0.11 ^ _681_/B (HA_X1)
     6   11.53    0.03    0.06    0.17 ^ _681_/CO (HA_X1)
                                         _014_ (net)
                  0.03    0.00    0.17 ^ _446_/A3 (NAND3_X1)
     2    3.23    0.02    0.03    0.20 v _446_/ZN (NAND3_X1)
                                         _159_ (net)
                  0.02    0.00    0.20 v _447_/A (INV_X1)
     2    3.73    0.01    0.02    0.22 ^ _447_/ZN (INV_X1)
                                         _160_ (net)
                  0.01    0.00    0.22 ^ _448_/A3 (NAND3_X1)
     3    3.91    0.02    0.03    0.25 v _448_/ZN (NAND3_X1)
                                         _161_ (net)
                  0.02    0.00    0.25 v _450_/A2 (NOR3_X1)
     1    6.59    0.06    0.09    0.34 ^ _450_/ZN (NOR3_X1)
                                         _163_ (net)
                  0.06    0.00    0.34 ^ _455_/B1 (OAI21_X4)
    10   28.28    0.03    0.04    0.38 v _455_/ZN (OAI21_X4)
                                         _168_ (net)
                  0.03    0.00    0.38 v _494_/A (AOI21_X4)
     5   11.85    0.03    0.05    0.43 ^ _494_/ZN (AOI21_X4)
                                         _200_ (net)
                  0.03    0.00    0.43 ^ _513_/S (MUX2_X1)
     1    1.18    0.01    0.06    0.49 v _513_/Z (MUX2_X1)
                                         _030_ (net)
                  0.01    0.00    0.49 v ctrl.current_phase[1]$_DFFE_PN0P_/D (DFFR_X1)
                                  0.49   data arrival time

                  0.00    0.60    0.60   clock core_clock (rise edge)
                          0.00    0.60   clock network delay (ideal)
                          0.00    0.60   clock reconvergence pessimism
                                  0.60 ^ ctrl.current_phase[1]$_DFFE_PN0P_/CK (DFFR_X1)
                         -0.04    0.56   library setup time
                                  0.56   data required time
-----------------------------------------------------------------------------
                                  0.56   data required time
                                 -0.49   data arrival time
-----------------------------------------------------------------------------
                                  0.07   slack (MET)



==========================================================================
resizer report_checks -unconstrained
--------------------------------------------------------------------------
Startpoint: rst_n (input port clocked by core_clock)
Endpoint: kda_state_l0.state[0][28]$_DFFE_PN0P_
          (recovery check against rising-edge clock core_clock)
Path Group: asynchronous
Path Type: max

Fanout     Cap    Slew   Delay    Time   Description
-----------------------------------------------------------------------------
                  0.00    0.00    0.00   clock core_clock (rise edge)
                          0.00    0.00   clock network delay (ideal)
                          0.03    0.03 ^ input external delay
     1    2.21    0.00    0.00    0.03 ^ rst_n (in)
                                         rst_n (net)
                  0.00    0.00    0.03 ^ input97/A (BUF_X2)
    20   40.98    0.05    0.06    0.09 ^ input97/Z (BUF_X2)
                                         net96 (net)
                  0.05    0.00    0.09 ^ place130/A (BUF_X2)
    37   89.55    0.10    0.13    0.22 ^ place130/Z (BUF_X2)
                                         net129 (net)
                  0.10    0.01    0.23 ^ kda_state_l0.state[0][28]$_DFFE_PN0P_/RN (DFFR_X1)
                                  0.23   data arrival time

                  0.00    0.60    0.60   clock core_clock (rise edge)
                          0.00    0.60   clock network delay (ideal)
                          0.00    0.60   clock reconvergence pessimism
                                  0.60 ^ kda_state_l0.state[0][28]$_DFFE_PN0P_/CK (DFFR_X1)
                          0.04    0.64   library recovery time
                                  0.64   data required time
-----------------------------------------------------------------------------
                                  0.64   data required time
                                 -0.23   data arrival time
-----------------------------------------------------------------------------
                                  0.41   slack (MET)


Startpoint: ctrl.phase_cycle[1]$_DFFE_PN0P_
            (rising edge-triggered flip-flop clocked by core_clock)
Endpoint: ctrl.current_phase[1]$_DFFE_PN0P_
          (rising edge-triggered flip-flop clocked by core_clock)
Path Group: core_clock
Path Type: max

Fanout     Cap    Slew   Delay    Time   Description
-----------------------------------------------------------------------------
                  0.00    0.00    0.00   clock core_clock (rise edge)
                          0.00    0.00   clock network delay (ideal)
                  0.00    0.00    0.00 ^ ctrl.phase_cycle[1]$_DFFE_PN0P_/CK (DFFR_X1)
     3    6.89    0.02    0.11    0.11 ^ ctrl.phase_cycle[1]$_DFFE_PN0P_/Q (DFFR_X1)
                                         ctrl.phase_cycle[1] (net)
                  0.02    0.00    0.11 ^ _681_/B (HA_X1)
     6   11.53    0.03    0.06    0.17 ^ _681_/CO (HA_X1)
                                         _014_ (net)
                  0.03    0.00    0.17 ^ _446_/A3 (NAND3_X1)
     2    3.23    0.02    0.03    0.20 v _446_/ZN (NAND3_X1)
                                         _159_ (net)
                  0.02    0.00    0.20 v _447_/A (INV_X1)
     2    3.73    0.01    0.02    0.22 ^ _447_/ZN (INV_X1)
                                         _160_ (net)
                  0.01    0.00    0.22 ^ _448_/A3 (NAND3_X1)
     3    3.91    0.02    0.03    0.25 v _448_/ZN (NAND3_X1)
                                         _161_ (net)
                  0.02    0.00    0.25 v _450_/A2 (NOR3_X1)
     1    6.59    0.06    0.09    0.34 ^ _450_/ZN (NOR3_X1)
                                         _163_ (net)
                  0.06    0.00    0.34 ^ _455_/B1 (OAI21_X4)
    10   28.28    0.03    0.04    0.38 v _455_/ZN (OAI21_X4)
                                         _168_ (net)
                  0.03    0.00    0.38 v _494_/A (AOI21_X4)
     5   11.85    0.03    0.05    0.43 ^ _494_/ZN (AOI21_X4)
                                         _200_ (net)
                  0.03    0.00    0.43 ^ _513_/S (MUX2_X1)
     1    1.18    0.01    0.06    0.49 v _513_/Z (MUX2_X1)
                                         _030_ (net)
                  0.01    0.00    0.49 v ctrl.current_phase[1]$_DFFE_PN0P_/D (DFFR_X1)
                                  0.49   data arrival time

                  0.00    0.60    0.60   clock core_clock (rise edge)
                          0.00    0.60   clock network delay (ideal)
                          0.00    0.60   clock reconvergence pessimism
                                  0.60 ^ ctrl.current_phase[1]$_DFFE_PN0P_/CK (DFFR_X1)
                         -0.04    0.56   library setup time
                                  0.56   data required time
-----------------------------------------------------------------------------
                                  0.56   data required time
                                 -0.49   data arrival time
-----------------------------------------------------------------------------
                                  0.07   slack (MET)



==========================================================================
resizer report_check_types -max_slew -max_cap -max_fanout -violators
--------------------------------------------------------------------------

==========================================================================
resizer max_slew_check_slack
--------------------------------------------------------------------------
0.09933481365442276

==========================================================================
resizer max_slew_check_limit
--------------------------------------------------------------------------
0.1985349953174591

==========================================================================
resizer max_slew_check_slack_limit
--------------------------------------------------------------------------
0.5003

==========================================================================
resizer max_fanout_check_slack
--------------------------------------------------------------------------
1.0000000150474662e+30

==========================================================================
resizer max_fanout_check_limit
--------------------------------------------------------------------------
1.0000000150474662e+30

==========================================================================
resizer max_capacitance_check_slack
--------------------------------------------------------------------------
4.633787631988525

==========================================================================
resizer max_capacitance_check_limit
--------------------------------------------------------------------------
11.482199668884277

==========================================================================
resizer max_capacitance_check_slack_limit
--------------------------------------------------------------------------
0.4036

==========================================================================
resizer max_slew_violation_count
--------------------------------------------------------------------------
max slew violation count 0

==========================================================================
resizer max_fanout_violation_count
--------------------------------------------------------------------------
max fanout violation count 0

==========================================================================
resizer max_cap_violation_count
--------------------------------------------------------------------------
max cap violation count 0

==========================================================================
resizer setup_violation_count
--------------------------------------------------------------------------
setup violation count 0

==========================================================================
resizer hold_violation_count
--------------------------------------------------------------------------
hold violation count 46

==========================================================================
resizer report_checks -path_delay max reg to reg
--------------------------------------------------------------------------
Startpoint: ctrl.phase_cycle[1]$_DFFE_PN0P_
            (rising edge-triggered flip-flop clocked by core_clock)
Endpoint: ctrl.current_phase[1]$_DFFE_PN0P_
          (rising edge-triggered flip-flop clocked by core_clock)
Path Group: core_clock
Path Type: max

  Delay    Time   Description
---------------------------------------------------------
   0.00    0.00   clock core_clock (rise edge)
   0.00    0.00   clock network delay (ideal)
   0.00    0.00 ^ ctrl.phase_cycle[1]$_DFFE_PN0P_/CK (DFFR_X1)
   0.11    0.11 ^ ctrl.phase_cycle[1]$_DFFE_PN0P_/Q (DFFR_X1)
   0.06    0.17 ^ _681_/CO (HA_X1)
   0.03    0.20 v _446_/ZN (NAND3_X1)
   0.02    0.22 ^ _447_/ZN (INV_X1)
   0.03    0.25 v _448_/ZN (NAND3_X1)
   0.09    0.34 ^ _450_/ZN (NOR3_X1)
   0.04    0.38 v _455_/ZN (OAI21_X4)
   0.05    0.43 ^ _494_/ZN (AOI21_X4)
   0.06    0.49 v _513_/Z (MUX2_X1)
   0.00    0.49 v ctrl.current_phase[1]$_DFFE_PN0P_/D (DFFR_X1)
           0.49   data arrival time

   0.60    0.60   clock core_clock (rise edge)
   0.00    0.60   clock network delay (ideal)
   0.00    0.60   clock reconvergence pessimism
           0.60 ^ ctrl.current_phase[1]$_DFFE_PN0P_/CK (DFFR_X1)
  -0.04    0.56   library setup time
           0.56   data required time
---------------------------------------------------------
           0.56   data required time
          -0.49   data arrival time
---------------------------------------------------------
           0.07   slack (MET)



==========================================================================
resizer report_checks -path_delay min reg to reg
--------------------------------------------------------------------------
Startpoint: ctrl.phase_cycle[0]$_DFFE_PN0P_
            (rising edge-triggered flip-flop clocked by core_clock)
Endpoint: ctrl.phase_cycle[0]$_DFFE_PN0P_
          (rising edge-triggered flip-flop clocked by core_clock)
Path Group: core_clock
Path Type: min

  Delay    Time   Description
---------------------------------------------------------
   0.00    0.00   clock core_clock (rise edge)
   0.00    0.00   clock network delay (ideal)
   0.00    0.00 ^ ctrl.phase_cycle[0]$_DFFE_PN0P_/CK (DFFR_X1)
   0.06    0.06 v ctrl.phase_cycle[0]$_DFFE_PN0P_/QN (DFFR_X1)
   0.02    0.08 ^ _484_/ZN (NAND2_X1)
   0.01    0.09 v _485_/ZN (OAI21_X1)
   0.00    0.09 v ctrl.phase_cycle[0]$_DFFE_PN0P_/D (DFFR_X1)
           0.09   data arrival time

   0.00    0.00   clock core_clock (rise edge)
   0.00    0.00   clock network delay (ideal)
   0.00    0.00   clock reconvergence pessimism
           0.00 ^ ctrl.phase_cycle[0]$_DFFE_PN0P_/CK (DFFR_X1)
   0.00    0.00   library hold time
           0.00   data required time
---------------------------------------------------------
           0.00   data required time
          -0.09   data arrival time
---------------------------------------------------------
           0.09   slack (MET)



==========================================================================
resizer critical path target clock latency max path
--------------------------------------------------------------------------
0.0000

==========================================================================
resizer critical path target clock latency min path
--------------------------------------------------------------------------
0.0000

==========================================================================
resizer critical path source clock latency min path
--------------------------------------------------------------------------
0.0000

==========================================================================
resizer critical path delay
--------------------------------------------------------------------------
0.4892

==========================================================================
resizer critical path slack
--------------------------------------------------------------------------
0.0699

==========================================================================
resizer slack div critical path delay
--------------------------------------------------------------------------
14.288635

==========================================================================
resizer report_power
--------------------------------------------------------------------------
Group                  Internal  Switching    Leakage      Total
                          Power      Power      Power      Power (Watts)
----------------------------------------------------------------
Sequential             9.71e-04   2.00e-04   5.10e-06   1.18e-03  43.0%
Combinational          7.88e-04   7.64e-04   9.05e-06   1.56e-03  57.0%
Clock                  0.00e+00   0.00e+00   0.00e+00   0.00e+00   0.0%
Macro                  0.00e+00   0.00e+00   0.00e+00   0.00e+00   0.0%
Pad                    0.00e+00   0.00e+00   0.00e+00   0.00e+00   0.0%
----------------------------------------------------------------
Total                  1.76e-03   9.64e-04   1.41e-05   2.74e-03 100.0%
                          64.3%      35.2%       0.5%
