{
  "target_frequency_mhz": 780.0,
  "target_period_ns": 1.2820512820512822,
  "achieved_extracted_fmax_mhz": 837.683,
  "target_met": true,
  "timing": {
    "setup_wns_ns": 0.0883312,
    "setup_tns_ns": 0,
    "hold_wns_ns": 0.0369844,
    "hold_tns_ns": 0,
    "setup_violating_endpoints": 0,
    "hold_violating_endpoints": 0,
    "worst_startpoint": "chunk_accum[57][1]$_SDFFE_PP0P_",
    "worst_endpoint": "wide_accum[57][16]$_SDFFE_PP0P_",
    "path_group": "core_clock",
    "path_instances": [
      {
        "instance": "wire56454",
        "cell": "BUF_X16"
      },
      {
        "instance": "clkbuf_0_clk",
        "cell": "CLKBUF_X3"
      },
      {
        "instance": "clkbuf_1_0_0_clk",
        "cell": "CLKBUF_X3"
      },
      {
        "instance": "clkbuf_2_0_0_clk",
        "cell": "CLKBUF_X3"
      },
      {
        "instance": "clkbuf_3_1_0_clk",
        "cell": "CLKBUF_X3"
      },
      {
        "instance": "clkbuf_4_2_0_clk",
        "cell": "CLKBUF_X3"
      },
      {
        "instance": "clkbuf_8_47_0_clk",
        "cell": "CLKBUF_X3"
      },
      {
        "instance": "clkbuf_leaf_103_clk",
        "cell": "CLKBUF_X3"
      },
      {
        "instance": "chunk_accum[57][1]$_SDFFE_PP0P_",
        "cell": "DFF_X1"
      },
      {
        "instance": "_239859_",
        "cell": "OAI211_X2"
      },
      {
        "instance": "_239861_",
        "cell": "AOI21_X1"
      },
      {
        "instance": "_239864_",
        "cell": "NOR3_X1"
      },
      {
        "instance": "_239866_",
        "cell": "OAI21_X1"
      },
      {
        "instance": "_239868_",
        "cell": "AOI221_X1"
      },
      {
        "instance": "place35198",
        "cell": "BUF_X1"
      },
      {
        "instance": "_239872_",
        "cell": "NOR3_X1"
      },
      {
        "instance": "_239874_",
        "cell": "AOI21_X1"
      },
      {
        "instance": "place32958",
        "cell": "BUF_X1"
      },
      {
        "instance": "_239879_",
        "cell": "OAI221_X1"
      },
      {
        "instance": "_239880_",
        "cell": "NOR2_X1"
      },
      {
        "instance": "place31488",
        "cell": "BUF_X2"
      },
      {
        "instance": "_239882_",
        "cell": "OAI21_X1"
      },
      {
        "instance": "place31094",
        "cell": "BUF_X1"
      },
      {
        "instance": "_239909_",
        "cell": "NAND2_X1"
      },
      {
        "instance": "_239939_",
        "cell": "NOR4_X1"
      },
      {
        "instance": "_239940_",
        "cell": "MUX2_X1"
      },
      {
        "instance": "_239941_",
        "cell": "XNOR2_X1"
      },
      {
        "instance": "_239942_",
        "cell": "NOR2_X1"
      },
      {
        "instance": "wide_accum[57][16]$_SDFFE_PP0P_",
        "cell": "DFF_X1"
      },
      {
        "instance": "wire56454",
        "cell": "BUF_X16"
      },
      {
        "instance": "clkbuf_0_clk",
        "cell": "CLKBUF_X3"
      },
      {
        "instance": "clkbuf_1_1_0_clk",
        "cell": "CLKBUF_X3"
      },
      {
        "instance": "clkbuf_2_3_0_clk",
        "cell": "CLKBUF_X3"
      },
      {
        "instance": "clkbuf_3_6_0_clk",
        "cell": "CLKBUF_X3"
      },
      {
        "instance": "clkbuf_4_13_0_clk",
        "cell": "CLKBUF_X3"
      },
      {
        "instance": "clkbuf_8_211_0_clk",
        "cell": "CLKBUF_X3"
      },
      {
        "instance": "clkbuf_leaf_967_clk",
        "cell": "CLKBUF_X3"
      },
      {
        "instance": "wide_accum[57][16]$_SDFFE_PP0P_",
        "cell": "DFF_X1"
      }
    ],
    "path_cells": [
      "BUF_X16",
      "CLKBUF_X3",
      "CLKBUF_X3",
      "CLKBUF_X3",
      "CLKBUF_X3",
      "CLKBUF_X3",
      "CLKBUF_X3",
      "CLKBUF_X3",
      "DFF_X1",
      "OAI211_X2",
      "AOI21_X1",
      "NOR3_X1",
      "OAI21_X1",
      "AOI221_X1",
      "BUF_X1",
      "NOR3_X1",
      "AOI21_X1",
      "BUF_X1",
      "OAI221_X1",
      "NOR2_X1",
      "BUF_X2",
      "OAI21_X1",
      "BUF_X1",
      "NAND2_X1",
      "NOR4_X1",
      "MUX2_X1",
      "XNOR2_X1",
      "NOR2_X1",
      "DFF_X1",
      "BUF_X16",
      "CLKBUF_X3",
      "CLKBUF_X3",
      "CLKBUF_X3",
      "CLKBUF_X3",
      "CLKBUF_X3",
      "CLKBUF_X3",
      "CLKBUF_X3",
      "DFF_X1"
    ],
    "combinational_cells": [
      "BUF_X16",
      "OAI211_X2",
      "AOI21_X1",
      "NOR3_X1",
      "OAI21_X1",
      "AOI221_X1",
      "BUF_X1",
      "NOR3_X1",
      "AOI21_X1",
      "BUF_X1",
      "OAI221_X1",
      "NOR2_X1",
      "BUF_X2",
      "OAI21_X1",
      "BUF_X1",
      "NAND2_X1",
      "NOR4_X1",
      "MUX2_X1",
      "XNOR2_X1",
      "NOR2_X1",
      "BUF_X16"
    ],
    "combinational_depth": 21,
    "max_path_fanout": 16,
    "worst_path_raw": "Startpoint: chunk_accum[57][1]$_SDFFE_PP0P_\n            (rising edge-triggered flip-flop clocked by core_clock)\nEndpoint: wide_accum[57][16]$_SDFFE_PP0P_\n          (rising edge-triggered flip-flop clocked by core_clock)\nPath Group: core_clock\nPath Type: max\n\nFanout     Cap    Slew   Delay    Time   Description\n-----------------------------------------------------------------------------\n                          0.00    0.00   clock core_clock (rise edge)\n                          0.00    0.00   clock source latency\n     1   53.07    0.00    0.00    0.00 ^ clk (in)\n                                         clk (net)\n                  0.02    0.02    0.02 ^ wire56454/A (BUF_X16)\n     1   40.13    0.01    0.02    0.04 ^ wire56454/Z (BUF_X16)\n                                         net56436 (net)\n                  0.02    0.01    0.06 ^ clkbuf_0_clk/A (CLKBUF_X3)\n     2   37.80    0.03    0.06    0.12 ^ clkbuf_0_clk/Z (CLKBUF_X3)\n                                         clknet_0_clk (net)\n                  0.03    0.00    0.12 ^ clkbuf_1_0_0_clk/A (CLKBUF_X3)\n     2   30.30    0.02    0.06    0.18 ^ clkbuf_1_0_0_clk/Z (CLKBUF_X3)\n                                         clknet_1_0_0_clk (net)\n                  0.03    0.00    0.18 ^ clkbuf_2_0_0_clk/A (CLKBUF_X3)\n     2   25.82    0.02    0.05    0.24 ^ clkbuf_2_0_0_clk/Z (CLKBUF_X3)\n                                         clknet_2_0_0_clk (net)\n                  0.02    0.00    0.24 ^ clkbuf_3_1_0_clk/A (CLKBUF_X3)\n     2   30.34    0.02    0.06    0.30 ^ clkbuf_3_1_0_clk/Z (CLKBUF_X3)\n                                         clknet_3_1_0_clk (net)\n                  0.03    0.00    0.30 ^ clkbuf_4_2_0_clk/A (CLKBUF_X3)\n    16   82.82    0.06    0.10    0.40 ^ clkbuf_4_2_0_clk/Z (CLKBUF_X3)\n                                         clknet_4_2_0_clk (net)\n                  0.06    0.01    0.41 ^ clkbuf_8_47_0_clk/A (CLKBUF_X3)\n    12   44.06    0.03    0.08    0.48 ^ clkbuf_8_47_0_clk/Z (CLKBUF_X3)\n                                         clknet_8_47_0_clk (net)\n                  0.04    0.01    0.49 ^ clkbuf_leaf_103_clk/A (CLKBUF_X3)\n     6    9.31    0.01    0.04    0.53 ^ clkbuf_leaf_103_clk/Z (CLKBUF_X3)\n                                         clknet_leaf_103_clk (net)\n                  0.01    0.00    0.53 ^ chunk_accum[57][1]$_SDFFE_PP0P_/CK (DFF_X1)\n     8   18.66    0.04    0.13    0.66 ^ chunk_accum[57][1]$_SDFFE_PP0P_/Q (DFF_X1)\n                                         chunk_accum[57][1] (net)\n                  0.04    0.00    0.66 ^ _239859_/C1 (OAI211_X2)\n     2    3.28    0.02    0.03    0.69 v _239859_/ZN (OAI211_X2)\n                                         _030291_ (net)\n                  0.02    0.00    0.69 v _239861_/B1 (AOI21_X1)\n     2    3.69    0.03    0.04    0.73 ^ _239861_/ZN (AOI21_X1)\n                                         _030293_ (net)\n                  0.03    0.00    0.73 ^ _239864_/A2 (NOR3_X1)\n     2    3.36    0.01    0.02    0.75 v _239864_/ZN (NOR3_X1)\n                                         _030296_ (net)\n                  0.01    0.00    0.75 v _239866_/B1 (OAI21_X1)\n     3   15.71    0.08    0.10    0.85 ^ _239866_/ZN (OAI21_X1)\n                                         _030298_ (net)\n                  0.08    0.00    0.85 ^ _239868_/B1 (AOI221_X1)\n     1    2.07    0.03    0.04    0.89 v _239868_/ZN (AOI221_X1)\n                                         _030300_ (net)\n                  0.03    0.00    0.89 v place35198/A (BUF_X1)\n     3   20.71    0.02    0.06    0.95 v place35198/Z (BUF_X1)\n                                         net35180 (net)\n                  0.02    0.01    0.96 v _239872_/A2 (NOR3_X1)\n     2    3.54    0.04    0.06    1.02 ^ _239872_/ZN (NOR3_X1)\n                                         _030304_ (net)\n                  0.04    0.00    1.02 ^ _239874_/A (AOI21_X1)\n     1    8.64    0.02    0.03    1.05 v _239874_/ZN (AOI21_X1)\n                                         _030306_ (net)\n                  0.02    0.00    1.06 v place32958/A (BUF_X1)\n     4   10.06    0.01    0.04    1.10 v place32958/Z (BUF_X1)\n                                         net32940 (net)\n                  0.01    0.00    1.10 v _239879_/B2 (OAI221_X1)\n     1    1.71    0.04    0.05    1.15 ^ _239879_/ZN (OAI221_X1)\n                                         _030311_ (net)\n                  0.04    0.00    1.15 ^ _239880_/A2 (NOR2_X1)\n     1    2.58    0.01    0.02    1.17 v _239880_/ZN (NOR2_X1)\n                                         _030312_ (net)\n                  0.01    0.00    1.17 v place31488/A (BUF_X2)\n     3   43.77    0.02    0.04    1.21 v place31488/Z (BUF_X2)\n                                         net31470 (net)\n                  0.03    0.01    1.23 v _239882_/B1 (OAI21_X1)\n     2   18.94    0.09    0.12    1.35 ^ _239882_/ZN (OAI21_X1)\n                                         _030314_ (net)\n                  0.09    0.01    1.35 ^ place31094/A (BUF_X1)\n     6   12.61    0.03    0.06    1.41 ^ place31094/Z (BUF_X1)\n                                         net31076 (net)\n                  0.03    0.00    1.41 ^ _239909_/A2 (NAND2_X1)\n     5    9.85    0.03    0.04    1.45 v _239909_/ZN (NAND2_X1)\n                                         _030340_ (net)\n                  0.03    0.00    1.45 v _239939_/A3 (NOR4_X1)\n     2    3.36    0.06    0.10    1.55 ^ _239939_/ZN (NOR4_X1)\n                                         _030365_ (net)\n                  0.06    0.00    1.55 ^ _239940_/B (MUX2_X1)\n     1    2.72    0.01    0.05    1.60 ^ _239940_/Z (MUX2_X1)\n                                         _030366_ (net)\n                  0.01    0.00    1.60 ^ _239941_/B (XNOR2_X1)\n     1    1.76    0.02    0.04    1.64 ^ _239941_/ZN (XNOR2_X1)\n                                         _030367_ (net)\n                  0.02    0.00    1.64 ^ _239942_/A2 (NOR2_X1)\n     1    1.19    0.01    0.01    1.65 v _239942_/ZN (NOR2_X1)\n                                         _007455_ (net)\n                  0.01    0.00    1.65 v wide_accum[57][16]$_SDFFE_PP0P_/D (DFF_X1)\n                                  1.65   data arrival time\n\n                          1.28    1.28   clock core_clock (rise edge)\n                          0.00    1.28   clock source latency\n     1   53.07    0.00    0.00    1.28 ^ clk (in)\n                                         clk (net)\n                  0.02    0.02    1.30 ^ wire56454/A (BUF_X16)\n     1   40.13    0.01    0.02    1.33 ^ wire56454/Z (BUF_X16)\n                                         net56436 (net)\n                  0.02    0.01    1.34 ^ clkbuf_0_clk/A (CLKBUF_X3)\n     2   37.80    0.03    0.06    1.40 ^ clkbuf_0_clk/Z (CLKBUF_X3)\n                                         clknet_0_clk (net)\n                  0.03    0.00    1.40 ^ clkbuf_1_1_0_clk/A (CLKBUF_X3)\n     2   29.85    0.02    0.06    1.46 ^ clkbuf_1_1_0_clk/Z (CLKBUF_X3)\n                                         clknet_1_1_0_clk (net)\n                  0.02    0.00    1.46 ^ clkbuf_2_3_0_clk/A (CLKBUF_X3)\n     2   20.40    0.02    0.05    1.51 ^ clkbuf_2_3_0_clk/Z (CLKBUF_X3)\n                                         clknet_2_3_0_clk (net)\n                  0.02    0.00    1.52 ^ clkbuf_3_6_0_clk/A (CLKBUF_X3)\n     2   30.93    0.03    0.05    1.57 ^ clkbuf_3_6_0_clk/Z (CLKBUF_X3)\n                                         clknet_3_6_0_clk (net)\n                  0.03    0.00    1.58 ^ clkbuf_4_13_0_clk/A (CLKBUF_X3)\n    16   75.17    0.06    0.09    1.67 ^ clkbuf_4_13_0_clk/Z (CLKBUF_X3)\n                                         clknet_4_13_0_clk (net)\n                  0.06    0.00    1.67 ^ clkbuf_8_211_0_clk/A (CLKBUF_X3)\n     6   24.61    0.02    0.06    1.74 ^ clkbuf_8_211_0_clk/Z (CLKBUF_X3)\n                                         clknet_8_211_0_clk (net)\n                  0.02    0.00    1.74 ^ clkbuf_leaf_967_clk/A (CLKBUF_X3)\n     7    9.88    0.01    0.04    1.78 ^ clkbuf_leaf_967_clk/Z (CLKBUF_X3)\n                                         clknet_leaf_967_clk (net)\n                  0.01    0.00    1.78 ^ wide_accum[57][16]$_SDFFE_PP0P_/CK (DFF_X1)\n                          0.00    1.78   clock reconvergence pessimism\n                         -0.04    1.74   library setup time\n                                  1.74   data required time\n-----------------------------------------------------------------------------\n                                  1.74   data required time\n                                 -1.65   data arrival time\n-----------------------------------------------------------------------------\n                                  0.09   slack (MET)"
  },
  "electrical": {
    "max_slew_violations": 0,
    "max_fanout_violations": 0,
    "max_capacitance_violations": 0
  },
  "routing": {
    "initial_detailed_route_violations": 28030,
    "repair_iteration_mentions": 4,
    "final_drc_violations": 0,
    "antenna_net_violations": 0,
    "antenna_pin_violations": 0
  },
  "hold_repair_side_effects": {
    "timing_repair_buffer_count": 27701,
    "hold_clean": true
  },
  "raw_evidence": {
    "final_timing": "experiments/x4/artifacts/y3/reports/6_finish.rpt",
    "final_metrics": "experiments/x4/artifacts/y3/logs/6_report.json",
    "detailed_route_log": "experiments/x4/artifacts/y3/logs/5_2_route.log",
    "drc_report": "experiments/x4/artifacts/y3/reports/5_route_drc.rpt",
    "antenna_report": "experiments/x4/artifacts/y3/reports/drt_antennas.log"
  },
  "strict_physical_pass": true
}
