
==========================================================================
global route report_tns
--------------------------------------------------------------------------
tns max 0.00

==========================================================================
global route report_wns
--------------------------------------------------------------------------
wns max 0.00

==========================================================================
global route report_worst_slack
--------------------------------------------------------------------------
worst slack max 0.43

==========================================================================
global route report_clock_min_period
--------------------------------------------------------------------------
core_clock period_min = 0.57 fmax = 1756.22

==========================================================================
global route report_clock_skew
--------------------------------------------------------------------------
Clock core_clock
   0.09 source latency ctrl.output_valid$_DFF_PN0_/CK ^
  -0.09 target latency kda_state_l0.state[0][30]$_DFFE_PN0P_/CK ^
   0.00 CRPR
--------------
  -0.00 setup skew


==========================================================================
global route report_checks -path_delay min
--------------------------------------------------------------------------
Startpoint: rst_n (input port clocked by core_clock)
Endpoint: kda_state_l0.state[0][29]$_DFFE_PN0P_
          (removal check against rising-edge clock core_clock)
Path Group: asynchronous
Path Type: min

Fanout     Cap    Slew   Delay    Time   Description
-----------------------------------------------------------------------------
                          0.00    0.00   clock core_clock (rise edge)
                          0.00    0.00   clock network delay (propagated)
                          0.05    0.05 ^ input external delay
     1    1.38    0.00    0.00    0.05 ^ rst_n (in)
                                         rst_n (net)
                  0.00    0.00    0.05 ^ hold128/A (CLKBUF_X1)
     1    1.28    0.01    0.02    0.07 ^ hold128/Z (CLKBUF_X1)
                                         net127 (net)
                  0.01    0.00    0.07 ^ hold124/A (CLKBUF_X1)
     1    1.91    0.01    0.03    0.10 ^ hold124/Z (CLKBUF_X1)
                                         net123 (net)
                  0.01    0.00    0.10 ^ hold129/A (CLKBUF_X1)
     1    1.24    0.01    0.03    0.13 ^ hold129/Z (CLKBUF_X1)
                                         net128 (net)
                  0.01    0.00    0.13 ^ hold122/A (CLKBUF_X1)
     1    1.00    0.01    0.03    0.16 ^ hold122/Z (CLKBUF_X1)
                                         net121 (net)
                  0.01    0.00    0.16 ^ hold125/A (CLKBUF_X1)
     1    2.56    0.01    0.03    0.19 ^ hold125/Z (CLKBUF_X1)
                                         net124 (net)
                  0.01    0.00    0.19 ^ input97/A (BUF_X2)
    11   18.71    0.02    0.04    0.23 ^ input97/Z (BUF_X2)
                                         net96 (net)
                  0.02    0.00    0.23 ^ hold126/A (CLKBUF_X1)
     1    1.70    0.01    0.03    0.26 ^ hold126/Z (CLKBUF_X1)
                                         net125 (net)
                  0.01    0.00    0.26 ^ hold123/A (CLKBUF_X3)
     2   11.15    0.01    0.04    0.30 ^ hold123/Z (CLKBUF_X3)
                                         net122 (net)
                  0.01    0.00    0.30 ^ place121/A (BUF_X1)
    20   49.31    0.11    0.13    0.43 ^ place121/Z (BUF_X1)
                                         net120 (net)
                  0.11    0.00    0.43 ^ kda_state_l0.state[0][29]$_DFFE_PN0P_/RN (DFFR_X1)
                                  0.43   data arrival time

                          0.00    0.00   clock core_clock (rise edge)
                          0.00    0.00   clock source latency
     1    7.34    0.00    0.00    0.00 ^ clk (in)
                                         clk (net)
                  0.00    0.00    0.00 ^ clkbuf_0_clk/A (CLKBUF_X3)
     8   21.75    0.02    0.04    0.04 ^ clkbuf_0_clk/Z (CLKBUF_X3)
                                         clknet_0_clk (net)
                  0.02    0.00    0.04 ^ clkbuf_3_7__f_clk/A (CLKBUF_X3)
    10   17.64    0.02    0.05    0.09 ^ clkbuf_3_7__f_clk/Z (CLKBUF_X3)
                                         clknet_3_7__leaf_clk (net)
                  0.02    0.00    0.09 ^ kda_state_l0.state[0][29]$_DFFE_PN0P_/CK (DFFR_X1)
                          0.00    0.09   clock reconvergence pessimism
                          0.32    0.41   library removal time
                                  0.41   data required time
-----------------------------------------------------------------------------
                                  0.41   data required time
                                 -0.43   data arrival time
-----------------------------------------------------------------------------
                                  0.02   slack (MET)


Startpoint: token_id[7] (input port clocked by core_clock)
Endpoint: conv_hist_l0.push_data[62]$_SDFFE_PN0P_
          (rising edge-triggered flip-flop clocked by core_clock)
Path Group: core_clock
Path Type: min

Fanout     Cap    Slew   Delay    Time   Description
-----------------------------------------------------------------------------
                          0.00    0.00   clock core_clock (rise edge)
                          0.00    0.00   clock network delay (propagated)
                          0.05    0.05 ^ input external delay
     1    1.25    0.00    0.00    0.05 ^ token_id[7] (in)
                                         token_id[7] (net)
                  0.00    0.00    0.05 ^ input106/A (BUF_X1)
     1    1.46    0.01    0.02    0.07 ^ input106/Z (BUF_X1)
                                         net105 (net)
                  0.01    0.00    0.07 ^ _542_/B (MUX2_X1)
     1    1.12    0.01    0.03    0.10 ^ _542_/Z (MUX2_X1)
                                         _240_ (net)
                  0.01    0.00    0.10 ^ _543_/A2 (AND2_X1)
     1    1.32    0.01    0.03    0.13 ^ _543_/ZN (AND2_X1)
                                         _035_ (net)
                  0.01    0.00    0.13 ^ conv_hist_l0.push_data[62]$_SDFFE_PN0P_/D (DFF_X1)
                                  0.13   data arrival time

                          0.00    0.00   clock core_clock (rise edge)
                          0.00    0.00   clock source latency
     1    7.34    0.00    0.00    0.00 ^ clk (in)
                                         clk (net)
                  0.00    0.00    0.00 ^ clkbuf_0_clk/A (CLKBUF_X3)
     8   21.75    0.02    0.04    0.04 ^ clkbuf_0_clk/Z (CLKBUF_X3)
                                         clknet_0_clk (net)
                  0.02    0.00    0.04 ^ clkbuf_3_5__f_clk/A (CLKBUF_X3)
    13   18.90    0.02    0.05    0.09 ^ clkbuf_3_5__f_clk/Z (CLKBUF_X3)
                                         clknet_3_5__leaf_clk (net)
                  0.02    0.00    0.09 ^ conv_hist_l0.push_data[62]$_SDFFE_PN0P_/CK (DFF_X1)
                          0.00    0.09   clock reconvergence pessimism
                          0.01    0.10   library hold time
                                  0.10   data required time
-----------------------------------------------------------------------------
                                  0.10   data required time
                                 -0.13   data arrival time
-----------------------------------------------------------------------------
                                  0.03   slack (MET)



==========================================================================
global route report_checks -path_delay max
--------------------------------------------------------------------------
Startpoint: rst_n (input port clocked by core_clock)
Endpoint: kda_state_l0.state[312][24]$_DFFE_PN0P_
          (recovery check against rising-edge clock core_clock)
Path Group: asynchronous
Path Type: max

Fanout     Cap    Slew   Delay    Time   Description
-----------------------------------------------------------------------------
                          0.00    0.00   clock core_clock (rise edge)
                          0.00    0.00   clock network delay (propagated)
                          0.05    0.05 ^ input external delay
     1    1.38    0.00    0.00    0.05 ^ rst_n (in)
                                         rst_n (net)
                  0.00    0.00    0.05 ^ hold128/A (CLKBUF_X1)
     1    1.28    0.01    0.02    0.07 ^ hold128/Z (CLKBUF_X1)
                                         net127 (net)
                  0.01    0.00    0.07 ^ hold124/A (CLKBUF_X1)
     1    1.91    0.01    0.03    0.10 ^ hold124/Z (CLKBUF_X1)
                                         net123 (net)
                  0.01    0.00    0.10 ^ hold129/A (CLKBUF_X1)
     1    1.24    0.01    0.03    0.13 ^ hold129/Z (CLKBUF_X1)
                                         net128 (net)
                  0.01    0.00    0.13 ^ hold122/A (CLKBUF_X1)
     1    1.00    0.01    0.03    0.16 ^ hold122/Z (CLKBUF_X1)
                                         net121 (net)
                  0.01    0.00    0.16 ^ hold125/A (CLKBUF_X1)
     1    2.56    0.01    0.03    0.19 ^ hold125/Z (CLKBUF_X1)
                                         net124 (net)
                  0.01    0.00    0.19 ^ input97/A (BUF_X2)
    11   18.71    0.02    0.04    0.23 ^ input97/Z (BUF_X2)
                                         net96 (net)
                  0.02    0.00    0.23 ^ hold126/A (CLKBUF_X1)
     1    1.70    0.01    0.03    0.26 ^ hold126/Z (CLKBUF_X1)
                                         net125 (net)
                  0.01    0.00    0.26 ^ hold123/A (CLKBUF_X3)
     2   11.15    0.01    0.04    0.30 ^ hold123/Z (CLKBUF_X3)
                                         net122 (net)
                  0.01    0.00    0.30 ^ place121/A (BUF_X1)
    20   49.31    0.11    0.13    0.43 ^ place121/Z (BUF_X1)
                                         net120 (net)
                  0.11    0.01    0.44 ^ kda_state_l0.state[312][24]$_DFFE_PN0P_/RN (DFFR_X1)
                                  0.44   data arrival time

                          1.00    1.00   clock core_clock (rise edge)
                          0.00    1.00   clock source latency
     1    7.34    0.00    0.00    1.00 ^ clk (in)
                                         clk (net)
                  0.00    0.00    1.00 ^ clkbuf_0_clk/A (CLKBUF_X3)
     8   21.75    0.02    0.04    1.04 ^ clkbuf_0_clk/Z (CLKBUF_X3)
                                         clknet_0_clk (net)
                  0.02    0.00    1.04 ^ clkbuf_3_3__f_clk/A (CLKBUF_X3)
     6   15.56    0.02    0.04    1.09 ^ clkbuf_3_3__f_clk/Z (CLKBUF_X3)
                                         clknet_3_3__leaf_clk (net)
                  0.02    0.00    1.09 ^ kda_state_l0.state[312][24]$_DFFE_PN0P_/CK (DFFR_X1)
                          0.00    1.09   clock reconvergence pessimism
                          0.04    1.13   library recovery time
                                  1.13   data required time
-----------------------------------------------------------------------------
                                  1.13   data required time
                                 -0.44   data arrival time
-----------------------------------------------------------------------------
                                  0.69   slack (MET)


Startpoint: ctrl.current_phase[2]$_DFFE_PN0P_
            (rising edge-triggered flip-flop clocked by core_clock)
Endpoint: ctrl.current_phase[4]$_DFFE_PN0P_
          (rising edge-triggered flip-flop clocked by core_clock)
Path Group: core_clock
Path Type: max

Fanout     Cap    Slew   Delay    Time   Description
-----------------------------------------------------------------------------
                          0.00    0.00   clock core_clock (rise edge)
                          0.00    0.00   clock source latency
     1    7.34    0.00    0.00    0.00 ^ clk (in)
                                         clk (net)
                  0.00    0.00    0.00 ^ clkbuf_0_clk/A (CLKBUF_X3)
     8   21.75    0.02    0.04    0.04 ^ clkbuf_0_clk/Z (CLKBUF_X3)
                                         clknet_0_clk (net)
                  0.02    0.00    0.04 ^ clkbuf_3_2__f_clk/A (CLKBUF_X3)
     7   18.22    0.02    0.05    0.09 ^ clkbuf_3_2__f_clk/Z (CLKBUF_X3)
                                         clknet_3_2__leaf_clk (net)
                  0.02    0.00    0.09 ^ ctrl.current_phase[2]$_DFFE_PN0P_/CK (DFFR_X1)
    14   32.65    0.07    0.18    0.27 ^ ctrl.current_phase[2]$_DFFE_PN0P_/Q (DFFR_X1)
                                         ctrl.current_phase[2] (net)
                  0.07    0.00    0.27 ^ _394_/A2 (NOR2_X1)
     1    1.91    0.02    0.02    0.28 v _394_/ZN (NOR2_X1)
                                         _107_ (net)
                  0.02    0.00    0.28 v _397_/B2 (OAI221_X1)
     2    8.60    0.07    0.09    0.37 ^ _397_/ZN (OAI221_X1)
                                         _110_ (net)
                  0.07    0.00    0.37 ^ _433_/B1 (AOI21_X1)
     1    3.62    0.02    0.03    0.40 v _433_/ZN (AOI21_X1)
                                         _146_ (net)
                  0.02    0.00    0.40 v _445_/B1 (OAI221_X2)
     1    6.62    0.04    0.06    0.46 ^ _445_/ZN (OAI221_X2)
                                         _158_ (net)
                  0.04    0.00    0.46 ^ _455_/A (OAI21_X4)
    10   29.24    0.03    0.04    0.50 v _455_/ZN (OAI21_X4)
                                         _168_ (net)
                  0.03    0.00    0.50 v _494_/A (AOI21_X4)
     5   13.96    0.03    0.06    0.56 ^ _494_/ZN (AOI21_X4)
                                         _200_ (net)
                  0.03    0.00    0.56 ^ _668_/S (MUX2_X1)
     1    1.85    0.01    0.06    0.62 v _668_/Z (MUX2_X1)
                                         _079_ (net)
                  0.01    0.00    0.62 v ctrl.current_phase[4]$_DFFE_PN0P_/D (DFFR_X1)
                                  0.62   data arrival time

                          1.00    1.00   clock core_clock (rise edge)
                          0.00    1.00   clock source latency
     1    7.34    0.00    0.00    1.00 ^ clk (in)
                                         clk (net)
                  0.00    0.00    1.00 ^ clkbuf_0_clk/A (CLKBUF_X3)
     8   21.75    0.02    0.04    1.04 ^ clkbuf_0_clk/Z (CLKBUF_X3)
                                         clknet_0_clk (net)
                  0.02    0.00    1.04 ^ clkbuf_3_2__f_clk/A (CLKBUF_X3)
     7   18.22    0.02    0.05    1.09 ^ clkbuf_3_2__f_clk/Z (CLKBUF_X3)
                                         clknet_3_2__leaf_clk (net)
                  0.02    0.00    1.09 ^ ctrl.current_phase[4]$_DFFE_PN0P_/CK (DFFR_X1)
                          0.00    1.09   clock reconvergence pessimism
                         -0.04    1.05   library setup time
                                  1.05   data required time
-----------------------------------------------------------------------------
                                  1.05   data required time
                                 -0.62   data arrival time
-----------------------------------------------------------------------------
                                  0.43   slack (MET)



==========================================================================
global route report_checks -unconstrained
--------------------------------------------------------------------------
Startpoint: rst_n (input port clocked by core_clock)
Endpoint: kda_state_l0.state[312][24]$_DFFE_PN0P_
          (recovery check against rising-edge clock core_clock)
Path Group: asynchronous
Path Type: max

Fanout     Cap    Slew   Delay    Time   Description
-----------------------------------------------------------------------------
                          0.00    0.00   clock core_clock (rise edge)
                          0.00    0.00   clock network delay (propagated)
                          0.05    0.05 ^ input external delay
     1    1.38    0.00    0.00    0.05 ^ rst_n (in)
                                         rst_n (net)
                  0.00    0.00    0.05 ^ hold128/A (CLKBUF_X1)
     1    1.28    0.01    0.02    0.07 ^ hold128/Z (CLKBUF_X1)
                                         net127 (net)
                  0.01    0.00    0.07 ^ hold124/A (CLKBUF_X1)
     1    1.91    0.01    0.03    0.10 ^ hold124/Z (CLKBUF_X1)
                                         net123 (net)
                  0.01    0.00    0.10 ^ hold129/A (CLKBUF_X1)
     1    1.24    0.01    0.03    0.13 ^ hold129/Z (CLKBUF_X1)
                                         net128 (net)
                  0.01    0.00    0.13 ^ hold122/A (CLKBUF_X1)
     1    1.00    0.01    0.03    0.16 ^ hold122/Z (CLKBUF_X1)
                                         net121 (net)
                  0.01    0.00    0.16 ^ hold125/A (CLKBUF_X1)
     1    2.56    0.01    0.03    0.19 ^ hold125/Z (CLKBUF_X1)
                                         net124 (net)
                  0.01    0.00    0.19 ^ input97/A (BUF_X2)
    11   18.71    0.02    0.04    0.23 ^ input97/Z (BUF_X2)
                                         net96 (net)
                  0.02    0.00    0.23 ^ hold126/A (CLKBUF_X1)
     1    1.70    0.01    0.03    0.26 ^ hold126/Z (CLKBUF_X1)
                                         net125 (net)
                  0.01    0.00    0.26 ^ hold123/A (CLKBUF_X3)
     2   11.15    0.01    0.04    0.30 ^ hold123/Z (CLKBUF_X3)
                                         net122 (net)
                  0.01    0.00    0.30 ^ place121/A (BUF_X1)
    20   49.31    0.11    0.13    0.43 ^ place121/Z (BUF_X1)
                                         net120 (net)
                  0.11    0.01    0.44 ^ kda_state_l0.state[312][24]$_DFFE_PN0P_/RN (DFFR_X1)
                                  0.44   data arrival time

                          1.00    1.00   clock core_clock (rise edge)
                          0.00    1.00   clock source latency
     1    7.34    0.00    0.00    1.00 ^ clk (in)
                                         clk (net)
                  0.00    0.00    1.00 ^ clkbuf_0_clk/A (CLKBUF_X3)
     8   21.75    0.02    0.04    1.04 ^ clkbuf_0_clk/Z (CLKBUF_X3)
                                         clknet_0_clk (net)
                  0.02    0.00    1.04 ^ clkbuf_3_3__f_clk/A (CLKBUF_X3)
     6   15.56    0.02    0.04    1.09 ^ clkbuf_3_3__f_clk/Z (CLKBUF_X3)
                                         clknet_3_3__leaf_clk (net)
                  0.02    0.00    1.09 ^ kda_state_l0.state[312][24]$_DFFE_PN0P_/CK (DFFR_X1)
                          0.00    1.09   clock reconvergence pessimism
                          0.04    1.13   library recovery time
                                  1.13   data required time
-----------------------------------------------------------------------------
                                  1.13   data required time
                                 -0.44   data arrival time
-----------------------------------------------------------------------------
                                  0.69   slack (MET)


Startpoint: ctrl.current_phase[2]$_DFFE_PN0P_
            (rising edge-triggered flip-flop clocked by core_clock)
Endpoint: ctrl.current_phase[4]$_DFFE_PN0P_
          (rising edge-triggered flip-flop clocked by core_clock)
Path Group: core_clock
Path Type: max

Fanout     Cap    Slew   Delay    Time   Description
-----------------------------------------------------------------------------
                          0.00    0.00   clock core_clock (rise edge)
                          0.00    0.00   clock source latency
     1    7.34    0.00    0.00    0.00 ^ clk (in)
                                         clk (net)
                  0.00    0.00    0.00 ^ clkbuf_0_clk/A (CLKBUF_X3)
     8   21.75    0.02    0.04    0.04 ^ clkbuf_0_clk/Z (CLKBUF_X3)
                                         clknet_0_clk (net)
                  0.02    0.00    0.04 ^ clkbuf_3_2__f_clk/A (CLKBUF_X3)
     7   18.22    0.02    0.05    0.09 ^ clkbuf_3_2__f_clk/Z (CLKBUF_X3)
                                         clknet_3_2__leaf_clk (net)
                  0.02    0.00    0.09 ^ ctrl.current_phase[2]$_DFFE_PN0P_/CK (DFFR_X1)
    14   32.65    0.07    0.18    0.27 ^ ctrl.current_phase[2]$_DFFE_PN0P_/Q (DFFR_X1)
                                         ctrl.current_phase[2] (net)
                  0.07    0.00    0.27 ^ _394_/A2 (NOR2_X1)
     1    1.91    0.02    0.02    0.28 v _394_/ZN (NOR2_X1)
                                         _107_ (net)
                  0.02    0.00    0.28 v _397_/B2 (OAI221_X1)
     2    8.60    0.07    0.09    0.37 ^ _397_/ZN (OAI221_X1)
                                         _110_ (net)
                  0.07    0.00    0.37 ^ _433_/B1 (AOI21_X1)
     1    3.62    0.02    0.03    0.40 v _433_/ZN (AOI21_X1)
                                         _146_ (net)
                  0.02    0.00    0.40 v _445_/B1 (OAI221_X2)
     1    6.62    0.04    0.06    0.46 ^ _445_/ZN (OAI221_X2)
                                         _158_ (net)
                  0.04    0.00    0.46 ^ _455_/A (OAI21_X4)
    10   29.24    0.03    0.04    0.50 v _455_/ZN (OAI21_X4)
                                         _168_ (net)
                  0.03    0.00    0.50 v _494_/A (AOI21_X4)
     5   13.96    0.03    0.06    0.56 ^ _494_/ZN (AOI21_X4)
                                         _200_ (net)
                  0.03    0.00    0.56 ^ _668_/S (MUX2_X1)
     1    1.85    0.01    0.06    0.62 v _668_/Z (MUX2_X1)
                                         _079_ (net)
                  0.01    0.00    0.62 v ctrl.current_phase[4]$_DFFE_PN0P_/D (DFFR_X1)
                                  0.62   data arrival time

                          1.00    1.00   clock core_clock (rise edge)
                          0.00    1.00   clock source latency
     1    7.34    0.00    0.00    1.00 ^ clk (in)
                                         clk (net)
                  0.00    0.00    1.00 ^ clkbuf_0_clk/A (CLKBUF_X3)
     8   21.75    0.02    0.04    1.04 ^ clkbuf_0_clk/Z (CLKBUF_X3)
                                         clknet_0_clk (net)
                  0.02    0.00    1.04 ^ clkbuf_3_2__f_clk/A (CLKBUF_X3)
     7   18.22    0.02    0.05    1.09 ^ clkbuf_3_2__f_clk/Z (CLKBUF_X3)
                                         clknet_3_2__leaf_clk (net)
                  0.02    0.00    1.09 ^ ctrl.current_phase[4]$_DFFE_PN0P_/CK (DFFR_X1)
                          0.00    1.09   clock reconvergence pessimism
                         -0.04    1.05   library setup time
                                  1.05   data required time
-----------------------------------------------------------------------------
                                  1.05   data required time
                                 -0.62   data arrival time
-----------------------------------------------------------------------------
                                  0.43   slack (MET)



==========================================================================
global route report_check_types -max_slew -max_cap -max_fanout -violators
--------------------------------------------------------------------------

==========================================================================
global route max_slew_check_slack
--------------------------------------------------------------------------
0.08923228830099106

==========================================================================
global route max_slew_check_limit
--------------------------------------------------------------------------
0.1985349953174591

==========================================================================
global route max_slew_check_slack_limit
--------------------------------------------------------------------------
0.4495

==========================================================================
global route max_fanout_check_slack
--------------------------------------------------------------------------
1.0000000150474662e+30

==========================================================================
global route max_fanout_check_limit
--------------------------------------------------------------------------
1.0000000150474662e+30

==========================================================================
global route max_capacitance_check_slack
--------------------------------------------------------------------------
4.692675590515137

==========================================================================
global route max_capacitance_check_limit
--------------------------------------------------------------------------
11.482199668884277

==========================================================================
global route max_capacitance_check_slack_limit
--------------------------------------------------------------------------
0.4087

==========================================================================
global route max_slew_violation_count
--------------------------------------------------------------------------
max slew violation count 0

==========================================================================
global route max_fanout_violation_count
--------------------------------------------------------------------------
max fanout violation count 0

==========================================================================
global route max_cap_violation_count
--------------------------------------------------------------------------
max cap violation count 0

==========================================================================
global route setup_violation_count
--------------------------------------------------------------------------
setup violation count 0

==========================================================================
global route hold_violation_count
--------------------------------------------------------------------------
hold violation count 0

==========================================================================
global route report_checks -path_delay max reg to reg
--------------------------------------------------------------------------
Startpoint: ctrl.current_phase[2]$_DFFE_PN0P_
            (rising edge-triggered flip-flop clocked by core_clock)
Endpoint: ctrl.current_phase[4]$_DFFE_PN0P_
          (rising edge-triggered flip-flop clocked by core_clock)
Path Group: core_clock
Path Type: max

  Delay    Time   Description
---------------------------------------------------------
   0.00    0.00   clock core_clock (rise edge)
   0.00    0.00   clock source latency
   0.00    0.00 ^ clk (in)
   0.04    0.04 ^ clkbuf_0_clk/Z (CLKBUF_X3)
   0.05    0.09 ^ clkbuf_3_2__f_clk/Z (CLKBUF_X3)
   0.00    0.09 ^ ctrl.current_phase[2]$_DFFE_PN0P_/CK (DFFR_X1)
   0.18    0.27 ^ ctrl.current_phase[2]$_DFFE_PN0P_/Q (DFFR_X1)
   0.02    0.28 v _394_/ZN (NOR2_X1)
   0.09    0.37 ^ _397_/ZN (OAI221_X1)
   0.03    0.40 v _433_/ZN (AOI21_X1)
   0.06    0.46 ^ _445_/ZN (OAI221_X2)
   0.04    0.50 v _455_/ZN (OAI21_X4)
   0.06    0.56 ^ _494_/ZN (AOI21_X4)
   0.06    0.62 v _668_/Z (MUX2_X1)
   0.00    0.62 v ctrl.current_phase[4]$_DFFE_PN0P_/D (DFFR_X1)
           0.62   data arrival time

   1.00    1.00   clock core_clock (rise edge)
   0.00    1.00   clock source latency
   0.00    1.00 ^ clk (in)
   0.04    1.04 ^ clkbuf_0_clk/Z (CLKBUF_X3)
   0.05    1.09 ^ clkbuf_3_2__f_clk/Z (CLKBUF_X3)
   0.00    1.09 ^ ctrl.current_phase[4]$_DFFE_PN0P_/CK (DFFR_X1)
   0.00    1.09   clock reconvergence pessimism
  -0.04    1.05   library setup time
           1.05   data required time
---------------------------------------------------------
           1.05   data required time
          -0.62   data arrival time
---------------------------------------------------------
           0.43   slack (MET)



==========================================================================
global route report_checks -path_delay min reg to reg
--------------------------------------------------------------------------
Startpoint: ctrl.phase_cycle[0]$_DFFE_PN0P_
            (rising edge-triggered flip-flop clocked by core_clock)
Endpoint: ctrl.phase_cycle[0]$_DFFE_PN0P_
          (rising edge-triggered flip-flop clocked by core_clock)
Path Group: core_clock
Path Type: min

  Delay    Time   Description
---------------------------------------------------------
   0.00    0.00   clock core_clock (rise edge)
   0.00    0.00   clock source latency
   0.00    0.00 ^ clk (in)
   0.04    0.04 ^ clkbuf_0_clk/Z (CLKBUF_X3)
   0.05    0.09 ^ clkbuf_3_0__f_clk/Z (CLKBUF_X3)
   0.00    0.09 ^ ctrl.phase_cycle[0]$_DFFE_PN0P_/CK (DFFR_X1)
   0.07    0.16 v ctrl.phase_cycle[0]$_DFFE_PN0P_/QN (DFFR_X1)
   0.02    0.18 ^ _484_/ZN (NAND2_X1)
   0.01    0.19 v _485_/ZN (OAI21_X1)
   0.00    0.19 v ctrl.phase_cycle[0]$_DFFE_PN0P_/D (DFFR_X1)
           0.19   data arrival time

   0.00    0.00   clock core_clock (rise edge)
   0.00    0.00   clock source latency
   0.00    0.00 ^ clk (in)
   0.04    0.04 ^ clkbuf_0_clk/Z (CLKBUF_X3)
   0.05    0.09 ^ clkbuf_3_0__f_clk/Z (CLKBUF_X3)
   0.00    0.09 ^ ctrl.phase_cycle[0]$_DFFE_PN0P_/CK (DFFR_X1)
   0.00    0.09   clock reconvergence pessimism
   0.01    0.09   library hold time
           0.09   data required time
---------------------------------------------------------
           0.09   data required time
          -0.19   data arrival time
---------------------------------------------------------
           0.10   slack (MET)



==========================================================================
global route critical path target clock latency max path
--------------------------------------------------------------------------
0.0872

==========================================================================
global route critical path target clock latency min path
--------------------------------------------------------------------------
0.0891

==========================================================================
global route critical path source clock latency min path
--------------------------------------------------------------------------
0.0000

==========================================================================
global route critical path delay
--------------------------------------------------------------------------
0.6233

==========================================================================
global route critical path slack
--------------------------------------------------------------------------
0.4306

==========================================================================
global route slack div critical path delay
--------------------------------------------------------------------------
69.083908

==========================================================================
global route report_power
--------------------------------------------------------------------------
Group                  Internal  Switching    Leakage      Total
                          Power      Power      Power      Power (Watts)
----------------------------------------------------------------
Sequential             5.78e-04   1.50e-04   5.10e-06   7.34e-04  36.9%
Combinational          4.65e-04   4.53e-04   8.98e-06   9.27e-04  46.7%
Clock                  1.33e-04   1.92e-04   5.91e-07   3.26e-04  16.4%
Macro                  0.00e+00   0.00e+00   0.00e+00   0.00e+00   0.0%
Pad                    0.00e+00   0.00e+00   0.00e+00   0.00e+00   0.0%
----------------------------------------------------------------
Total                  1.18e-03   7.96e-04   1.47e-05   1.99e-03 100.0%
                          59.2%      40.0%       0.7%
